Archive member included to satisfy reference by file (symbol)

c:/program files (x86)/gnu tools arm embedded/7 2017-q4-major/bin/../lib/gcc/arm-none-eabi/7.2.1/../../../../arm-none-eabi/lib/thumb/v6-m\libc_nano.a(lib_a-exit.o)
                              c:/program files (x86)/gnu tools arm embedded/7 2017-q4-major/bin/../lib/gcc/arm-none-eabi/7.2.1/../../../../arm-none-eabi/lib/thumb/v6-m/crt0.o (exit)
c:/program files (x86)/gnu tools arm embedded/7 2017-q4-major/bin/../lib/gcc/arm-none-eabi/7.2.1/../../../../arm-none-eabi/lib/thumb/v6-m\libc_nano.a(lib_a-impure.o)
                              c:/program files (x86)/gnu tools arm embedded/7 2017-q4-major/bin/../lib/gcc/arm-none-eabi/7.2.1/../../../../arm-none-eabi/lib/thumb/v6-m\libc_nano.a(lib_a-exit.o) (_global_impure_ptr)
c:/program files (x86)/gnu tools arm embedded/7 2017-q4-major/bin/../lib/gcc/arm-none-eabi/7.2.1/../../../../arm-none-eabi/lib/thumb/v6-m\libc_nano.a(lib_a-init.o)
                              c:/program files (x86)/gnu tools arm embedded/7 2017-q4-major/bin/../lib/gcc/arm-none-eabi/7.2.1/../../../../arm-none-eabi/lib/thumb/v6-m/crt0.o (__libc_init_array)
c:/program files (x86)/gnu tools arm embedded/7 2017-q4-major/bin/../lib/gcc/arm-none-eabi/7.2.1/../../../../arm-none-eabi/lib/thumb/v6-m\libc_nano.a(lib_a-memset.o)
                              c:/program files (x86)/gnu tools arm embedded/7 2017-q4-major/bin/../lib/gcc/arm-none-eabi/7.2.1/../../../../arm-none-eabi/lib/thumb/v6-m/crt0.o (memset)
c:/program files (x86)/gnu tools arm embedded/7 2017-q4-major/bin/../lib/gcc/arm-none-eabi/7.2.1/../../../../arm-none-eabi/lib/thumb/v6-m\libnosys.a(_exit.o)
                              c:/program files (x86)/gnu tools arm embedded/7 2017-q4-major/bin/../lib/gcc/arm-none-eabi/7.2.1/../../../../arm-none-eabi/lib/thumb/v6-m\libc_nano.a(lib_a-exit.o) (_exit)
c:/program files (x86)/gnu tools arm embedded/7 2017-q4-major/bin/../lib/gcc/arm-none-eabi/7.2.1/thumb/v6-m\libgcc.a(_udivsi3.o)
                              build/stm32l0xx_hal_uart.o (__aeabi_uidiv)
c:/program files (x86)/gnu tools arm embedded/7 2017-q4-major/bin/../lib/gcc/arm-none-eabi/7.2.1/thumb/v6-m\libgcc.a(_dvmd_tls.o)
                              c:/program files (x86)/gnu tools arm embedded/7 2017-q4-major/bin/../lib/gcc/arm-none-eabi/7.2.1/thumb/v6-m\libgcc.a(_udivsi3.o) (__aeabi_idiv0)
c:/program files (x86)/gnu tools arm embedded/7 2017-q4-major/bin/../lib/gcc/arm-none-eabi/7.2.1/thumb/v6-m\libgcc.a(_aeabi_uldivmod.o)
                              build/stm32l0xx_hal_uart.o (__aeabi_uldivmod)
c:/program files (x86)/gnu tools arm embedded/7 2017-q4-major/bin/../lib/gcc/arm-none-eabi/7.2.1/thumb/v6-m\libgcc.a(_udivmoddi4.o)
                              c:/program files (x86)/gnu tools arm embedded/7 2017-q4-major/bin/../lib/gcc/arm-none-eabi/7.2.1/thumb/v6-m\libgcc.a(_aeabi_uldivmod.o) (__udivmoddi4)
c:/program files (x86)/gnu tools arm embedded/7 2017-q4-major/bin/../lib/gcc/arm-none-eabi/7.2.1/thumb/v6-m\libgcc.a(_clzdi2.o)
                              c:/program files (x86)/gnu tools arm embedded/7 2017-q4-major/bin/../lib/gcc/arm-none-eabi/7.2.1/thumb/v6-m\libgcc.a(_udivmoddi4.o) (__clzdi2)
c:/program files (x86)/gnu tools arm embedded/7 2017-q4-major/bin/../lib/gcc/arm-none-eabi/7.2.1/thumb/v6-m\libgcc.a(_clzsi2.o)
                              c:/program files (x86)/gnu tools arm embedded/7 2017-q4-major/bin/../lib/gcc/arm-none-eabi/7.2.1/thumb/v6-m\libgcc.a(_clzdi2.o) (__clzsi2)

Allocating common symbols
Common symbol       size              file

cbuf_data_space     0x401             build/main.o
hi2c1               0x4c              build/main.o
uwTick              0x4               build/stm32l0xx_hal.o
pFlash              0x18              build/stm32l0xx_hal_flash.o
heval_I2c1          0x4c              build/stm32l0xx_nucleo_32.o
huart2              0x80              build/main.o

Discarded input sections

 .text          0x00000000        0x0 c:/program files (x86)/gnu tools arm embedded/7 2017-q4-major/bin/../lib/gcc/arm-none-eabi/7.2.1/thumb/v6-m/crti.o
 .data          0x00000000        0x0 c:/program files (x86)/gnu tools arm embedded/7 2017-q4-major/bin/../lib/gcc/arm-none-eabi/7.2.1/thumb/v6-m/crti.o
 .bss           0x00000000        0x0 c:/program files (x86)/gnu tools arm embedded/7 2017-q4-major/bin/../lib/gcc/arm-none-eabi/7.2.1/thumb/v6-m/crti.o
 .data          0x00000000        0x4 c:/program files (x86)/gnu tools arm embedded/7 2017-q4-major/bin/../lib/gcc/arm-none-eabi/7.2.1/thumb/v6-m/crtbegin.o
 .text          0x00000000       0x78 c:/program files (x86)/gnu tools arm embedded/7 2017-q4-major/bin/../lib/gcc/arm-none-eabi/7.2.1/../../../../arm-none-eabi/lib/thumb/v6-m/crt0.o
 .data          0x00000000        0x0 c:/program files (x86)/gnu tools arm embedded/7 2017-q4-major/bin/../lib/gcc/arm-none-eabi/7.2.1/../../../../arm-none-eabi/lib/thumb/v6-m/crt0.o
[...]
Memory Configuration

Name             Origin             Length             Attributes
RAM              0x20000000         0x00000800         xrw
FLASH            0x08000000         0x00004000         xr
*default*        0x00000000         0xffffffff

Linker script and memory map

LOAD c:/program files (x86)/gnu tools arm embedded/7 2017-q4-major/bin/../lib/gcc/arm-none-eabi/7.2.1/thumb/v6-m/crti.o
LOAD c:/program files (x86)/gnu tools arm embedded/7 2017-q4-major/bin/../lib/gcc/arm-none-eabi/7.2.1/thumb/v6-m/crtbegin.o
LOAD c:/program files (x86)/gnu tools arm embedded/7 2017-q4-major/bin/../lib/gcc/arm-none-eabi/7.2.1/../../../../arm-none-eabi/lib/thumb/v6-m/crt0.o
LOAD build/main.o
LOAD build/stm32l0xx_it.o
LOAD build/stm32l0xx_hal_msp.o
LOAD build/stm32l0xx_nucleo_32.o
LOAD build/stm32l0xx_hal_i2c.o
LOAD build/stm32l0xx_hal_i2c_ex.o
LOAD build/stm32l0xx_hal_tim.o
LOAD build/stm32l0xx_hal_tim_ex.o
LOAD build/stm32l0xx_hal_uart.o
LOAD build/stm32l0xx_hal_uart_ex.o
LOAD build/stm32l0xx_hal.o
LOAD build/stm32l0xx_hal_rcc.o
LOAD build/stm32l0xx_hal_rcc_ex.o
LOAD build/stm32l0xx_hal_flash_ramfunc.o
LOAD build/stm32l0xx_hal_flash.o
LOAD build/stm32l0xx_hal_flash_ex.o
LOAD build/stm32l0xx_hal_gpio.o
LOAD build/stm32l0xx_hal_dma.o
LOAD build/stm32l0xx_hal_pwr.o
LOAD build/stm32l0xx_hal_pwr_ex.o
LOAD build/stm32l0xx_hal_cortex.o
LOAD build/system_stm32l0xx.o
LOAD build/startup_stm32l011xx.o
LOAD c:/program files (x86)/gnu tools arm embedded/7 2017-q4-major/bin/../lib/gcc/arm-none-eabi/7.2.1/../../../../arm-none-eabi/lib/thumb/v6-m\libc_nano.a
LOAD c:/program files (x86)/gnu tools arm embedded/7 2017-q4-major/bin/../lib/gcc/arm-none-eabi/7.2.1/../../../../arm-none-eabi/lib/thumb/v6-m\libm.a
LOAD c:/program files (x86)/gnu tools arm embedded/7 2017-q4-major/bin/../lib/gcc/arm-none-eabi/7.2.1/../../../../arm-none-eabi/lib/thumb/v6-m\libnosys.a
START GROUP
LOAD c:/program files (x86)/gnu tools arm embedded/7 2017-q4-major/bin/../lib/gcc/arm-none-eabi/7.2.1/thumb/v6-m\libgcc.a
LOAD c:/program files (x86)/gnu tools arm embedded/7 2017-q4-major/bin/../lib/gcc/arm-none-eabi/7.2.1/../../../../arm-none-eabi/lib/thumb/v6-m\libc_nano.a
END GROUP
START GROUP
LOAD c:/program files (x86)/gnu tools arm embedded/7 2017-q4-major/bin/../lib/gcc/arm-none-eabi/7.2.1/thumb/v6-m\libgcc.a
LOAD c:/program files (x86)/gnu tools arm embedded/7 2017-q4-major/bin/../lib/gcc/arm-none-eabi/7.2.1/../../../../arm-none-eabi/lib/thumb/v6-m\libc_nano.a
END GROUP
LOAD c:/program files (x86)/gnu tools arm embedded/7 2017-q4-major/bin/../lib/gcc/arm-none-eabi/7.2.1/thumb/v6-m/crtend.o
LOAD c:/program files (x86)/gnu tools arm embedded/7 2017-q4-major/bin/../lib/gcc/arm-none-eabi/7.2.1/thumb/v6-m/crtn.o
                0x20000800                _estack = 0x20000800
                0x00000100                _Min_Heap_Size = 0x100
                0x00000100                _Min_Stack_Size = 0x100

.isr_vector     0x08000000       0xc0
                0x08000000                . = ALIGN (0x4)
 *(.isr_vector)
 .isr_vector    0x08000000       0xc0 build/startup_stm32l011xx.o
                0x08000000                g_pfnVectors
                0x080000c0                . = ALIGN (0x4)

.text           0x080000c0     0x2268
                0x080000c0                . = ALIGN (0x4)
 *(.text)
 .text          0x080000c0       0x48 c:/program files (x86)/gnu tools arm embedded/7 2017-q4-major/bin/../lib/gcc/arm-none-eabi/7.2.1/thumb/v6-m/crtbegin.o
 .text          0x08000108      0x114 c:/program files (x86)/gnu tools arm embedded/7 2017-q4-major/bin/../lib/gcc/arm-none-eabi/7.2.1/thumb/v6-m\libgcc.a(_udivsi3.o)
                0x08000108                __aeabi_uidiv
                0x08000108                __udivsi3
                0x08000214                __aeabi_uidivmod
 .text          0x0800021c        0x4 c:/program files (x86)/gnu tools arm embedded/7 2017-q4-major/bin/../lib/gcc/arm-none-eabi/7.2.1/thumb/v6-m\libgcc.a(_dvmd_tls.o)
                0x0800021c                __aeabi_idiv0
                0x0800021c                __aeabi_ldiv0
 .text          0x08000220       0x40 c:/program files (x86)/gnu tools arm embedded/7 2017-q4-major/bin/../lib/gcc/arm-none-eabi/7.2.1/thumb/v6-m\libgcc.a(_aeabi_uldivmod.o)
                0x08000220                __aeabi_uldivmod
 .text          0x08000260      0x184 c:/program files (x86)/gnu tools arm embedded/7 2017-q4-major/bin/../lib/gcc/arm-none-eabi/7.2.1/thumb/v6-m\libgcc.a(_udivmoddi4.o)
                0x08000260                __udivmoddi4
 .text          0x080003e4       0x18 c:/program files (x86)/gnu tools arm embedded/7 2017-q4-major/bin/../lib/gcc/arm-none-eabi/7.2.1/thumb/v6-m\libgcc.a(_clzdi2.o)
                0x080003e4                __clzdi2
 .text          0x080003fc       0x3c c:/program files (x86)/gnu tools arm embedded/7 2017-q4-major/bin/../lib/gcc/arm-none-eabi/7.2.1/thumb/v6-m\libgcc.a(_clzsi2.o)
                0x080003fc                __clzsi2
 *(.text*)
 .text.MX_GPIO_Init
                0x08000438       0x6c build/main.o
 .text.MX_USART2_UART_Init
                0x080004a4       0x30 build/main.o
 .text.MX_I2C1_Init
                0x080004d4       0x4c build/main.o
 .text.SystemClock_Config
                0x08000520       0x88 build/main.o
                0x08000520                SystemClock_Config
 .text.circ_bbuf_push
                0x080005a8       0x24 build/main.o
                0x080005a8                circ_bbuf_push
 .text.circ_bbuf_pop
                0x080005cc       0x26 build/main.o
                0x080005cc                circ_bbuf_pop
 *fill*         0x080005f2        0x2 
 .text.main     0x080005f4       0x78 build/main.o
                0x080005f4                main
 .text.HAL_UART_RxCpltCallback
                0x0800066c       0x24 build/main.o
                0x0800066c                HAL_UART_RxCpltCallback
 .text.NMI_Handler
                0x08000690        0x2 build/stm32l0xx_it.o
                0x08000690                NMI_Handler
 .text.HardFault_Handler
                0x08000692        0x2 build/stm32l0xx_it.o
                0x08000692                HardFault_Handler
 .text.SVC_Handler
                0x08000694        0x2 build/stm32l0xx_it.o
                0x08000694                SVC_Handler
 .text.PendSV_Handler
                0x08000696        0x2 build/stm32l0xx_it.o
                0x08000696                PendSV_Handler
 .text.SysTick_Handler
                0x08000698        0x8 build/stm32l0xx_it.o
                0x08000698                SysTick_Handler
 .text.USART2_IRQHandler
                0x080006a0       0x10 build/stm32l0xx_it.o
                0x080006a0                USART2_IRQHandler
 .text.HAL_MspInit
                0x080006b0       0x1c build/stm32l0xx_hal_msp.o
                0x080006b0                HAL_MspInit
 .text.HAL_I2C_MspInit
                0x080006cc       0x74 build/stm32l0xx_hal_msp.o
                0x080006cc                HAL_I2C_MspInit
 .text.HAL_UART_MspInit
                0x08000740       0x68 build/stm32l0xx_hal_msp.o
                0x08000740                HAL_UART_MspInit
 .text.BSP_LED_Init
                0x080007a8       0x48 build/stm32l0xx_nucleo_32.o
                0x080007a8                BSP_LED_Init
 .text.BSP_LED_On
                0x080007f0       0x18 build/stm32l0xx_nucleo_32.o
                0x080007f0                BSP_LED_On
 .text.BSP_LED_Off
                0x08000808       0x18 build/stm32l0xx_nucleo_32.o
                0x08000808                BSP_LED_Off
 .text.I2C_Flush_TXDR
                0x08000820       0x1e build/stm32l0xx_hal_i2c.o
 *fill*         0x0800083e        0x2 
 .text.I2C_IsAcknowledgeFailed
                0x08000840       0x80 build/stm32l0xx_hal_i2c.o
 .text.I2C_WaitOnTXISFlagUntilTimeout
                0x080008c0       0x52 build/stm32l0xx_hal_i2c.o
 .text.I2C_WaitOnFlagUntilTimeout
                0x08000912       0x4c build/stm32l0xx_hal_i2c.o
 .text.I2C_WaitOnSTOPFlagUntilTimeout
                0x0800095e       0x4e build/stm32l0xx_hal_i2c.o
 .text.HAL_I2C_Init
                0x080009ac       0xcc build/stm32l0xx_hal_i2c.o
                0x080009ac                HAL_I2C_Init
 .text.HAL_I2C_Slave_Transmit
                0x08000a78      0x198 build/stm32l0xx_hal_i2c.o
                0x08000a78                HAL_I2C_Slave_Transmit
 .text.HAL_I2CEx_ConfigAnalogFilter
                0x08000c10       0x58 build/stm32l0xx_hal_i2c_ex.o
                0x08000c10                HAL_I2CEx_ConfigAnalogFilter
 .text.HAL_I2CEx_ConfigDigitalFilter
                0x08000c68       0x54 build/stm32l0xx_hal_i2c_ex.o
                0x08000c68                HAL_I2CEx_ConfigDigitalFilter
 .text.HAL_I2CEx_EnableFastModePlus
                0x08000cbc       0x1c build/stm32l0xx_hal_i2c_ex.o
                0x08000cbc                HAL_I2CEx_EnableFastModePlus
 .text.UART_EndRxTransfer
                0x08000cd8       0x24 build/stm32l0xx_hal_uart.o
 .text.HAL_UART_Receive_IT
                0x08000cfc      0x100 build/stm32l0xx_hal_uart.o
                0x08000cfc                HAL_UART_Receive_IT
 .text.HAL_UART_TxCpltCallback
                0x08000dfc        0x2 build/stm32l0xx_hal_uart.o
                0x08000dfc                HAL_UART_TxCpltCallback
 .text.UART_EndTransmit_IT
                0x08000dfe       0x1a build/stm32l0xx_hal_uart.o
 .text.UART_RxISR_8BIT
                0x08000e18       0x64 build/stm32l0xx_hal_uart.o
 .text.UART_RxISR_16BIT
                0x08000e7c       0x64 build/stm32l0xx_hal_uart.o
 .text.HAL_UART_ErrorCallback
                0x08000ee0        0x2 build/stm32l0xx_hal_uart.o
                0x08000ee0                HAL_UART_ErrorCallback
 *fill*         0x08000ee2        0x2 
 .text.HAL_UART_IRQHandler
                0x08000ee4      0x144 build/stm32l0xx_hal_uart.o
                0x08000ee4                HAL_UART_IRQHandler
 .text.UART_DMAAbortOnError
                0x08001028       0x14 build/stm32l0xx_hal_uart.o
 .text.UART_SetConfig
                0x0800103c      0x330 build/stm32l0xx_hal_uart.o
                0x0800103c                UART_SetConfig
 .text.UART_AdvFeatureConfig
                0x0800136c       0xe0 build/stm32l0xx_hal_uart.o
                0x0800136c                UART_AdvFeatureConfig
 .text.UART_WaitOnFlagUntilTimeout
                0x0800144c       0x68 build/stm32l0xx_hal_uart.o
                0x0800144c                UART_WaitOnFlagUntilTimeout
 .text.UART_CheckIdleState
                0x080014b4       0x6c build/stm32l0xx_hal_uart.o
                0x080014b4                UART_CheckIdleState
 .text.HAL_UART_Init
                0x08001520       0x6c build/stm32l0xx_hal_uart.o
                0x08001520                HAL_UART_Init
 .text.HAL_UARTEx_WakeupCallback
                0x0800158c        0x2 build/stm32l0xx_hal_uart_ex.o
                0x0800158c                HAL_UARTEx_WakeupCallback
 *fill*         0x0800158e        0x2 
 .text.HAL_InitTick
                0x08001590       0x30 build/stm32l0xx_hal.o
                0x08001590                HAL_InitTick
 .text.HAL_Init
                0x080015c0       0x28 build/stm32l0xx_hal.o
                0x080015c0                HAL_Init
 .text.HAL_IncTick
                0x080015e8       0x10 build/stm32l0xx_hal.o
                0x080015e8                HAL_IncTick
 .text.HAL_GetTick
                0x080015f8        0xc build/stm32l0xx_hal.o
                0x080015f8                HAL_GetTick
 .text.HAL_RCC_GetSysClockFreq
                0x08001604       0xb0 build/stm32l0xx_hal_rcc.o
                0x08001604                HAL_RCC_GetSysClockFreq
 .text.HAL_RCC_OscConfig
                0x080016b4      0x514 build/stm32l0xx_hal_rcc.o
                0x080016b4                HAL_RCC_OscConfig
 .text.HAL_RCC_ClockConfig
                0x08001bc8      0x1a8 build/stm32l0xx_hal_rcc.o
                0x08001bc8                HAL_RCC_ClockConfig
 .text.HAL_RCC_GetHCLKFreq
                0x08001d70        0xc build/stm32l0xx_hal_rcc.o
                0x08001d70                HAL_RCC_GetHCLKFreq
 .text.HAL_RCC_GetPCLK1Freq
                0x08001d7c       0x20 build/stm32l0xx_hal_rcc.o
                0x08001d7c                HAL_RCC_GetPCLK1Freq
 .text.HAL_RCC_GetPCLK2Freq
                0x08001d9c       0x20 build/stm32l0xx_hal_rcc.o
                0x08001d9c                HAL_RCC_GetPCLK2Freq
 .text.HAL_RCCEx_PeriphCLKConfig
                0x08001dbc      0x1a0 build/stm32l0xx_hal_rcc_ex.o
                0x08001dbc                HAL_RCCEx_PeriphCLKConfig
 .text.HAL_GPIO_Init
                0x08001f5c      0x174 build/stm32l0xx_hal_gpio.o
                0x08001f5c                HAL_GPIO_Init
 .text.HAL_GPIO_WritePin
                0x080020d0        0xc build/stm32l0xx_hal_gpio.o
                0x080020d0                HAL_GPIO_WritePin
 .text.HAL_DMA_Abort_IT
                0x080020dc       0x4e build/stm32l0xx_hal_dma.o
                0x080020dc                HAL_DMA_Abort_IT
 *fill*         0x0800212a        0x2 
 .text.HAL_NVIC_SetPriority
                0x0800212c       0x60 build/stm32l0xx_hal_cortex.o
                0x0800212c                HAL_NVIC_SetPriority
 .text.HAL_NVIC_EnableIRQ
                0x0800218c       0x14 build/stm32l0xx_hal_cortex.o
                0x0800218c                HAL_NVIC_EnableIRQ
 .text.HAL_SYSTICK_Config
                0x080021a0       0x38 build/stm32l0xx_hal_cortex.o
                0x080021a0                HAL_SYSTICK_Config
 .text.SystemInit
                0x080021d8       0x5c build/system_stm32l0xx.o
                0x080021d8                SystemInit
 .text.Reset_Handler
                0x08002234       0x80 build/startup_stm32l011xx.o
                0x08002234                Reset_Handler
 .text.Default_Handler
                0x080022b4        0x2 build/startup_stm32l011xx.o
                0x080022b4                ADC1_COMP_IRQHandler
                0x080022b4                PVD_IRQHandler
                0x080022b4                I2C1_IRQHandler
                0x080022b4                SPI1_IRQHandler
                0x080022b4                EXTI2_3_IRQHandler
                0x080022b4                RTC_IRQHandler
                0x080022b4                EXTI4_15_IRQHandler
                0x080022b4                RCC_IRQHandler
                0x080022b4                DMA1_Channel1_IRQHandler
                0x080022b4                Default_Handler
                0x080022b4                DMA1_Channel4_5_IRQHandler
                0x080022b4                EXTI0_1_IRQHandler
                0x080022b4                TIM21_IRQHandler
                0x080022b4                WWDG_IRQHandler
                0x080022b4                LPUART1_IRQHandler
                0x080022b4                TIM2_IRQHandler
                0x080022b4                DMA1_Channel2_3_IRQHandler
                0x080022b4                FLASH_IRQHandler
                0x080022b4                LPTIM1_IRQHandler
 *fill*         0x080022b6        0x2 
 .text.__libc_init_array
                0x080022b8       0x48 c:/program files (x86)/gnu tools arm embedded/7 2017-q4-major/bin/../lib/gcc/arm-none-eabi/7.2.1/../../../../arm-none-eabi/lib/thumb/v6-m\libc_nano.a(lib_a-init.o)
                0x080022b8                __libc_init_array
 .text.memset   0x08002300       0x10 c:/program files (x86)/gnu tools arm embedded/7 2017-q4-major/bin/../lib/gcc/arm-none-eabi/7.2.1/../../../../arm-none-eabi/lib/thumb/v6-m\libc_nano.a(lib_a-memset.o)
                0x08002300                memset
 *(.glue_7)
 .glue_7        0x08002310        0x0 linker stubs
 *(.glue_7t)
 .glue_7t       0x08002310        0x0 linker stubs
 *(.eh_frame)
 .eh_frame      0x08002310        0x0 c:/program files (x86)/gnu tools arm embedded/7 2017-q4-major/bin/../lib/gcc/arm-none-eabi/7.2.1/thumb/v6-m/crtbegin.o
 *(.init)
 .init          0x08002310        0x4 c:/program files (x86)/gnu tools arm embedded/7 2017-q4-major/bin/../lib/gcc/arm-none-eabi/7.2.1/thumb/v6-m/crti.o
                0x08002310                _init
 .init          0x08002314        0x8 c:/program files (x86)/gnu tools arm embedded/7 2017-q4-major/bin/../lib/gcc/arm-none-eabi/7.2.1/thumb/v6-m/crtn.o
 *(.fini)
 .fini          0x0800231c        0x4 c:/program files (x86)/gnu tools arm embedded/7 2017-q4-major/bin/../lib/gcc/arm-none-eabi/7.2.1/thumb/v6-m/crti.o
                0x0800231c                _fini
 .fini          0x08002320        0x8 c:/program files (x86)/gnu tools arm embedded/7 2017-q4-major/bin/../lib/gcc/arm-none-eabi/7.2.1/thumb/v6-m/crtn.o
                0x08002328                . = ALIGN (0x4)
                0x08002328                _etext = .

.vfp11_veneer   0x08002328        0x0
 .vfp11_veneer  0x08002328        0x0 linker stubs

.v4_bx          0x08002328        0x0
 .v4_bx         0x08002328        0x0 linker stubs

.iplt           0x08002328        0x0
 .iplt          0x08002328        0x0 c:/program files (x86)/gnu tools arm embedded/7 2017-q4-major/bin/../lib/gcc/arm-none-eabi/7.2.1/thumb/v6-m/crtbegin.o

.rodata         0x08002328       0x6c
                0x08002328                . = ALIGN (0x4)
 *(.rodata)
 *(.rodata*)
 .rodata.UART_SetConfig
                0x08002328       0x48 build/stm32l0xx_hal_uart.o
 .rodata.AHBPrescTable
                0x08002370       0x10 build/system_stm32l0xx.o
                0x08002370                AHBPrescTable
 .rodata.APBPrescTable
                0x08002380        0x8 build/system_stm32l0xx.o
                0x08002380                APBPrescTable
 .rodata.PLLMulTable
                0x08002388        0x9 build/system_stm32l0xx.o
                0x08002388                PLLMulTable
                0x08002394                . = ALIGN (0x4)
 *fill*         0x08002391        0x3 

.ARM.extab
 *(.ARM.extab* .gnu.linkonce.armextab.*)

.ARM            0x08002394        0x8
                0x08002394                __exidx_start = .
 *(.ARM.exidx*)
 .ARM.exidx     0x08002394        0x8 c:/program files (x86)/gnu tools arm embedded/7 2017-q4-major/bin/../lib/gcc/arm-none-eabi/7.2.1/thumb/v6-m\libgcc.a(_udivmoddi4.o)
                0x0800239c                __exidx_end = .

.rel.dyn        0x0800239c        0x0
 .rel.iplt      0x0800239c        0x0 c:/program files (x86)/gnu tools arm embedded/7 2017-q4-major/bin/../lib/gcc/arm-none-eabi/7.2.1/thumb/v6-m/crtbegin.o

.preinit_array  0x0800239c        0x0
                0x0800239c                PROVIDE (__preinit_array_start, .)
 *(.preinit_array*)
                0x0800239c                PROVIDE (__preinit_array_end, .)

.init_array     0x0800239c        0x4
                0x0800239c                PROVIDE (__init_array_start, .)
 *(SORT_BY_NAME(.init_array.*))
 *(.init_array*)
 .init_array    0x0800239c        0x4 c:/program files (x86)/gnu tools arm embedded/7 2017-q4-major/bin/../lib/gcc/arm-none-eabi/7.2.1/thumb/v6-m/crtbegin.o
                0x080023a0                PROVIDE (__init_array_end, .)

.fini_array     0x080023a0        0x4
                [!provide]                PROVIDE (__fini_array_start, .)
 *(SORT_BY_NAME(.fini_array.*))
 *(.fini_array*)
 .fini_array    0x080023a0        0x4 c:/program files (x86)/gnu tools arm embedded/7 2017-q4-major/bin/../lib/gcc/arm-none-eabi/7.2.1/thumb/v6-m/crtbegin.o
                [!provide]                PROVIDE (__fini_array_end, .)
                0x080023a4                _sidata = LOADADDR (.data)

.data           0x20000000       0x1c load address 0x080023a4
                0x20000000                . = ALIGN (0x4)
                0x20000000                _sdata = .
 *(.data)
 *(.data*)
 .data.cbuf     0x20000000       0x10 build/main.o
                0x20000000                cbuf
 .data.uartPort
                0x20000010        0x1 build/main.o
                0x20000010                uartPort
 *fill*         0x20000011        0x3 
 .data.LED_PORT
                0x20000014        0x4 build/stm32l0xx_nucleo_32.o
                0x20000014                LED_PORT
 .data.SystemCoreClock
                0x20000018        0x4 build/system_stm32l0xx.o
                0x20000018                SystemCoreClock
                0x2000001c                . = ALIGN (0x4)
                0x2000001c                _edata = .

.igot.plt       0x2000001c        0x0 load address 0x080023c0
 .igot.plt      0x2000001c        0x0 c:/program files (x86)/gnu tools arm embedded/7 2017-q4-major/bin/../lib/gcc/arm-none-eabi/7.2.1/thumb/v6-m/crtbegin.o
                0x2000001c                . = ALIGN (0x4)

.bss            0x2000001c      0x4f4 load address 0x080023c0
                0x2000001c                _sbss = .
                0x2000001c                __bss_start__ = _sbss
 *(.bss)
 .bss           0x2000001c       0x1c c:/program files (x86)/gnu tools arm embedded/7 2017-q4-major/bin/../lib/gcc/arm-none-eabi/7.2.1/thumb/v6-m/crtbegin.o
 *(.bss*)
 .bss.rxBuff    0x20000038        0x1 build/main.o
                0x20000038                rxBuff
 *(COMMON)
 *fill*         0x20000039        0x3 
 COMMON         0x2000003c      0x4d0 build/main.o
                0x2000003c                cbuf_data_space
                0x20000440                hi2c1
                0x2000048c                huart2
 COMMON         0x2000050c        0x4 build/stm32l0xx_hal.o
                0x2000050c                uwTick
                0x20000510                . = ALIGN (0x4)
                0x20000510                _ebss = .
                0x20000510                __bss_end__ = _ebss

._user_heap_stack
                0x20000510      0x200 load address 0x080023c0
                0x20000510                . = ALIGN (0x8)
                [!provide]                PROVIDE (end, .)
                [!provide]                PROVIDE (_end, .)
                0x20000610                . = (. + _Min_Heap_Size)
 *fill*         0x20000510      0x100 
                0x20000710                . = (. + _Min_Stack_Size)
 *fill*         0x20000610      0x100 
                0x20000710                . = ALIGN (0x8)

/DISCARD/
 libc.a(*)
 libm.a(*)
 libgcc.a(*)

.ARM.attributes
                0x00000000       0x28
 *(.ARM.attributes)
 .ARM.attributes
                0x00000000       0x1e c:/program files (x86)/gnu tools arm embedded/7 2017-q4-major/bin/../lib/gcc/arm-none-eabi/7.2.1/thumb/v6-m/crti.o
 .ARM.attributes
                0x0000001e       0x2c c:/program files (x86)/gnu tools arm embedded/7 2017-q4-major/bin/../lib/gcc/arm-none-eabi/7.2.1/thumb/v6-m/crtbegin.o
 .ARM.attributes
                0x0000004a       0x32 build/main.o
 .ARM.attributes
                0x0000007c       0x32 build/stm32l0xx_it.o
 .ARM.attributes
                0x000000ae       0x32 build/stm32l0xx_hal_msp.o
 .ARM.attributes
                0x000000e0       0x32 build/stm32l0xx_nucleo_32.o
 .ARM.attributes
                0x00000112       0x32 build/stm32l0xx_hal_i2c.o
 .ARM.attributes
                0x00000144       0x32 build/stm32l0xx_hal_i2c_ex.o
 .ARM.attributes
                0x00000176       0x32 build/stm32l0xx_hal_uart.o
 .ARM.attributes
                0x000001a8       0x32 build/stm32l0xx_hal_uart_ex.o
 .ARM.attributes
                0x000001da       0x32 build/stm32l0xx_hal.o
 .ARM.attributes
                0x0000020c       0x32 build/stm32l0xx_hal_rcc.o
 .ARM.attributes
                0x0000023e       0x32 build/stm32l0xx_hal_rcc_ex.o
 .ARM.attributes
                0x00000270       0x32 build/stm32l0xx_hal_gpio.o
 .ARM.attributes
                0x000002a2       0x32 build/stm32l0xx_hal_dma.o
 .ARM.attributes
                0x000002d4       0x32 build/stm32l0xx_hal_cortex.o
 .ARM.attributes
                0x00000306       0x32 build/system_stm32l0xx.o
 .ARM.attributes
                0x00000338       0x22 build/startup_stm32l011xx.o
 .ARM.attributes
                0x0000035a       0x2c c:/program files (x86)/gnu tools arm embedded/7 2017-q4-major/bin/../lib/gcc/arm-none-eabi/7.2.1/../../../../arm-none-eabi/lib/thumb/v6-m\libc_nano.a(lib_a-init.o)
 .ARM.attributes
                0x00000386       0x2c c:/program files (x86)/gnu tools arm embedded/7 2017-q4-major/bin/../lib/gcc/arm-none-eabi/7.2.1/../../../../arm-none-eabi/lib/thumb/v6-m\libc_nano.a(lib_a-memset.o)
 .ARM.attributes
                0x000003b2       0x1e c:/program files (x86)/gnu tools arm embedded/7 2017-q4-major/bin/../lib/gcc/arm-none-eabi/7.2.1/thumb/v6-m\libgcc.a(_udivsi3.o)
 .ARM.attributes
                0x000003d0       0x1e c:/program files (x86)/gnu tools arm embedded/7 2017-q4-major/bin/../lib/gcc/arm-none-eabi/7.2.1/thumb/v6-m\libgcc.a(_dvmd_tls.o)
 .ARM.attributes
                0x000003ee       0x1e c:/program files (x86)/gnu tools arm embedded/7 2017-q4-major/bin/../lib/gcc/arm-none-eabi/7.2.1/thumb/v6-m\libgcc.a(_aeabi_uldivmod.o)
 .ARM.attributes
                0x0000040c       0x2c c:/program files (x86)/gnu tools arm embedded/7 2017-q4-major/bin/../lib/gcc/arm-none-eabi/7.2.1/thumb/v6-m\libgcc.a(_udivmoddi4.o)
 .ARM.attributes
                0x00000438       0x1e c:/program files (x86)/gnu tools arm embedded/7 2017-q4-major/bin/../lib/gcc/arm-none-eabi/7.2.1/thumb/v6-m\libgcc.a(_clzdi2.o)
 .ARM.attributes
                0x00000456       0x1e c:/program files (x86)/gnu tools arm embedded/7 2017-q4-major/bin/../lib/gcc/arm-none-eabi/7.2.1/thumb/v6-m\libgcc.a(_clzsi2.o)
 .ARM.attributes
                0x00000474       0x1e c:/program files (x86)/gnu tools arm embedded/7 2017-q4-major/bin/../lib/gcc/arm-none-eabi/7.2.1/thumb/v6-m/crtn.o
OUTPUT(build/I2C-TEST.elf elf32-littlearm)

.debug_info     0x00000000     0xe74c
 .debug_info    0x00000000     0x1dfe build/main.o
 .debug_info    0x00001dfe      0x77c build/stm32l0xx_it.o
 .debug_info    0x0000257a      0xf47 build/stm32l0xx_hal_msp.o
 .debug_info    0x000034c1     0x1027 build/stm32l0xx_nucleo_32.o
 .debug_info    0x000044e8     0x3ac7 build/stm32l0xx_hal_i2c.o
 .debug_info    0x00007faf      0x9c3 build/stm32l0xx_hal_i2c_ex.o
 .debug_info    0x00008972     0x1d03 build/stm32l0xx_hal_uart.o
 .debug_info    0x0000a675      0xa5b build/stm32l0xx_hal_uart_ex.o
 .debug_info    0x0000b0d0      0x8c3 build/stm32l0xx_hal.o
 .debug_info    0x0000b993      0xbb3 build/stm32l0xx_hal_rcc.o
 .debug_info    0x0000c546      0x5e7 build/stm32l0xx_hal_rcc_ex.o
 .debug_info    0x0000cb2d      0x757 build/stm32l0xx_hal_gpio.o
 .debug_info    0x0000d284      0x898 build/stm32l0xx_hal_dma.o
 .debug_info    0x0000db1c      0x82a build/stm32l0xx_hal_cortex.o
 .debug_info    0x0000e346      0x3e4 build/system_stm32l0xx.o
 .debug_info    0x0000e72a       0x22 build/startup_stm32l011xx.o

.debug_abbrev   0x00000000     0x20a6
 .debug_abbrev  0x00000000      0x32d build/main.o
 .debug_abbrev  0x0000032d      0x176 build/stm32l0xx_it.o
 .debug_abbrev  0x000004a3      0x1f3 build/stm32l0xx_hal_msp.o
 .debug_abbrev  0x00000696      0x28d build/stm32l0xx_nucleo_32.o
 .debug_abbrev  0x00000923      0x2ba build/stm32l0xx_hal_i2c.o
 .debug_abbrev  0x00000bdd      0x1be build/stm32l0xx_hal_i2c_ex.o
 .debug_abbrev  0x00000d9b      0x291 build/stm32l0xx_hal_uart.o
 .debug_abbrev  0x0000102c      0x235 build/stm32l0xx_hal_uart_ex.o
 .debug_abbrev  0x00001261      0x250 build/stm32l0xx_hal.o
 .debug_abbrev  0x000014b1      0x27f build/stm32l0xx_hal_rcc.o
 .debug_abbrev  0x00001730      0x1fd build/stm32l0xx_hal_rcc_ex.o
 .debug_abbrev  0x0000192d      0x204 build/stm32l0xx_hal_gpio.o
 .debug_abbrev  0x00001b31      0x217 build/stm32l0xx_hal_dma.o
 .debug_abbrev  0x00001d48      0x23c build/stm32l0xx_hal_cortex.o
 .debug_abbrev  0x00001f84      0x110 build/system_stm32l0xx.o
 .debug_abbrev  0x00002094       0x12 build/startup_stm32l011xx.o

.debug_loc      0x00000000     0x9aa3
 .debug_loc     0x00000000      0x1f9 build/main.o
 .debug_loc     0x000001f9       0x40 build/stm32l0xx_it.o
 .debug_loc     0x00000239      0x188 build/stm32l0xx_hal_msp.o
 .debug_loc     0x000003c1      0x58b build/stm32l0xx_nucleo_32.o
 .debug_loc     0x0000094c     0x4978 build/stm32l0xx_hal_i2c.o
 .debug_loc     0x000052c4      0x2a1 build/stm32l0xx_hal_i2c_ex.o
 .debug_loc     0x00005565     0x203c build/stm32l0xx_hal_uart.o
 .debug_loc     0x000075a1      0x458 build/stm32l0xx_hal_uart_ex.o
 .debug_loc     0x000079f9      0x1ac build/stm32l0xx_hal.o
 .debug_loc     0x00007ba5      0x69a build/stm32l0xx_hal_rcc.o
 .debug_loc     0x0000823f      0x674 build/stm32l0xx_hal_rcc_ex.o
 .debug_loc     0x000088b3      0x369 build/stm32l0xx_hal_gpio.o
 .debug_loc     0x00008c1c      0x8f2 build/stm32l0xx_hal_dma.o
 .debug_loc     0x0000950e      0x3d3 build/stm32l0xx_hal_cortex.o
 .debug_loc     0x000098e1      0x1c2 build/system_stm32l0xx.o

.debug_aranges  0x00000000      0x9f0
 .debug_aranges
                0x00000000       0x68 build/main.o
 .debug_aranges
                0x00000068       0x48 build/stm32l0xx_it.o
 .debug_aranges
                0x000000b0       0x40 build/stm32l0xx_hal_msp.o
 .debug_aranges
                0x000000f0       0x80 build/stm32l0xx_nucleo_32.o
 .debug_aranges
                0x00000170      0x288 build/stm32l0xx_hal_i2c.o
 .debug_aranges
                0x000003f8       0x48 build/stm32l0xx_hal_i2c_ex.o
 .debug_aranges
                0x00000440      0x1f8 build/stm32l0xx_hal_uart.o
 .debug_aranges
                0x00000638       0x60 build/stm32l0xx_hal_uart_ex.o
 .debug_aranges
                0x00000698       0xf8 build/stm32l0xx_hal.o
 .debug_aranges
                0x00000790       0x68 build/stm32l0xx_hal_rcc.o
 .debug_aranges
                0x000007f8       0x58 build/stm32l0xx_hal_rcc_ex.o
 .debug_aranges
                0x00000850       0x58 build/stm32l0xx_hal_gpio.o
 .debug_aranges
                0x000008a8       0x80 build/stm32l0xx_hal_dma.o
 .debug_aranges
                0x00000928       0x78 build/stm32l0xx_hal_cortex.o
 .debug_aranges
                0x000009a0       0x28 build/system_stm32l0xx.o
 .debug_aranges
                0x000009c8       0x28 build/startup_stm32l011xx.o

.debug_ranges   0x00000000      0x988
 .debug_ranges  0x00000000       0x58 build/main.o
 .debug_ranges  0x00000058       0x38 build/stm32l0xx_it.o
 .debug_ranges  0x00000090       0x30 build/stm32l0xx_hal_msp.o
 .debug_ranges  0x000000c0       0x70 build/stm32l0xx_nucleo_32.o
 .debug_ranges  0x00000130      0x278 build/stm32l0xx_hal_i2c.o
 .debug_ranges  0x000003a8       0x38 build/stm32l0xx_hal_i2c_ex.o
 .debug_ranges  0x000003e0      0x1e8 build/stm32l0xx_hal_uart.o
 .debug_ranges  0x000005c8       0x50 build/stm32l0xx_hal_uart_ex.o
 .debug_ranges  0x00000618       0xe8 build/stm32l0xx_hal.o
 .debug_ranges  0x00000700       0x88 build/stm32l0xx_hal_rcc.o
 .debug_ranges  0x00000788       0x60 build/stm32l0xx_hal_rcc_ex.o
 .debug_ranges  0x000007e8       0x48 build/stm32l0xx_hal_gpio.o
 .debug_ranges  0x00000830       0x70 build/stm32l0xx_hal_dma.o
 .debug_ranges  0x000008a0       0xb0 build/stm32l0xx_hal_cortex.o
 .debug_ranges  0x00000950       0x18 build/system_stm32l0xx.o
 .debug_ranges  0x00000968       0x20 build/startup_stm32l011xx.o

.debug_line     0x00000000     0x50eb
 .debug_line    0x00000000      0x496 build/main.o
 .debug_line    0x00000496      0x23a build/stm32l0xx_it.o
 .debug_line    0x000006d0      0x2bb build/stm32l0xx_hal_msp.o
 .debug_line    0x0000098b      0x357 build/stm32l0xx_nucleo_32.o
 .debug_line    0x00000ce2     0x160d build/stm32l0xx_hal_i2c.o
 .debug_line    0x000022ef      0x335 build/stm32l0xx_hal_i2c_ex.o
 .debug_line    0x00002624      0xd8f build/stm32l0xx_hal_uart.o
 .debug_line    0x000033b3      0x37a build/stm32l0xx_hal_uart_ex.o
 .debug_line    0x0000372d      0x417 build/stm32l0xx_hal.o
 .debug_line    0x00003b44      0x4ce build/stm32l0xx_hal_rcc.o
 .debug_line    0x00004012      0x3ab build/stm32l0xx_hal_rcc_ex.o
 .debug_line    0x000043bd      0x331 build/stm32l0xx_hal_gpio.o
 .debug_line    0x000046ee      0x41e build/stm32l0xx_hal_dma.o
 .debug_line    0x00004b0c      0x351 build/stm32l0xx_hal_cortex.o
 .debug_line    0x00004e5d      0x202 build/system_stm32l0xx.o
 .debug_line    0x0000505f       0x8c build/startup_stm32l011xx.o

.debug_str      0x00000000     0x3072
 .debug_str     0x00000000     0x1099 build/main.o
                               0x11a7 (size before relaxing)
 .debug_str     0x00001099       0x8e build/stm32l0xx_it.o
                                0x617 (size before relaxing)
 .debug_str     0x00001127      0x1f2 build/stm32l0xx_hal_msp.o
                                0xb6c (size before relaxing)
 .debug_str     0x00001319      0x18d build/stm32l0xx_nucleo_32.o
                                0xa5f (size before relaxing)
 .debug_str     0x000014a6      0x806 build/stm32l0xx_hal_i2c.o
                                0xf4f (size before relaxing)
 .debug_str     0x00001cac       0xc9 build/stm32l0xx_hal_i2c_ex.o
                                0x859 (size before relaxing)
 .debug_str     0x00001d75      0x6d4 build/stm32l0xx_hal_uart.o
                                0xe2d (size before relaxing)
 .debug_str     0x00002449      0x18b build/stm32l0xx_hal_uart_ex.o
                                0x7fb (size before relaxing)
 .debug_str     0x000025d4      0x304 build/stm32l0xx_hal.o
                                0x74d (size before relaxing)
 .debug_str     0x000028d8      0x12a build/stm32l0xx_hal_rcc.o
                                0x671 (size before relaxing)
 .debug_str     0x00002a02      0x13a build/stm32l0xx_hal_rcc_ex.o
                                0x4e5 (size before relaxing)
 .debug_str     0x00002b3c       0xc2 build/stm32l0xx_hal_gpio.o
                                0x481 (size before relaxing)
 .debug_str     0x00002bfe      0x223 build/stm32l0xx_hal_dma.o
                                0x667 (size before relaxing)
 .debug_str     0x00002e21      0x1d3 build/stm32l0xx_hal_cortex.o
                                0x5cd (size before relaxing)
 .debug_str     0x00002ff4       0x59 build/system_stm32l0xx.o
                                0x2d3 (size before relaxing)
 .debug_str     0x0000304d       0x25 build/startup_stm32l011xx.o
                                 0x49 (size before relaxing)

.comment        0x00000000       0x7e
 .comment       0x00000000       0x7e build/main.o
                                 0x7f (size before relaxing)
 .comment       0x0000007e       0x7f build/stm32l0xx_it.o
 .comment       0x0000007e       0x7f build/stm32l0xx_hal_msp.o
 .comment       0x0000007e       0x7f build/stm32l0xx_nucleo_32.o
 .comment       0x0000007e       0x7f build/stm32l0xx_hal_i2c.o
 .comment       0x0000007e       0x7f build/stm32l0xx_hal_i2c_ex.o
 .comment       0x0000007e       0x7f build/stm32l0xx_hal_uart.o
 .comment       0x0000007e       0x7f build/stm32l0xx_hal_uart_ex.o
 .comment       0x0000007e       0x7f build/stm32l0xx_hal.o
 .comment       0x0000007e       0x7f build/stm32l0xx_hal_rcc.o
 .comment       0x0000007e       0x7f build/stm32l0xx_hal_rcc_ex.o
 .comment       0x0000007e       0x7f build/stm32l0xx_hal_gpio.o
 .comment       0x0000007e       0x7f build/stm32l0xx_hal_dma.o
 .comment       0x0000007e       0x7f build/stm32l0xx_hal_cortex.o
 .comment       0x0000007e       0x7f build/system_stm32l0xx.o

.debug_frame    0x00000000     0x1cd4
 .debug_frame   0x00000000      0x114 build/main.o
 .debug_frame   0x00000114       0x88 build/stm32l0xx_it.o
 .debug_frame   0x0000019c       0x9c build/stm32l0xx_hal_msp.o
 .debug_frame   0x00000238      0x17c build/stm32l0xx_nucleo_32.o
 .debug_frame   0x000003b4      0x950 build/stm32l0xx_hal_i2c.o
 .debug_frame   0x00000d04       0xb8 build/stm32l0xx_hal_i2c_ex.o
 .debug_frame   0x00000dbc      0x604 build/stm32l0xx_hal_uart.o
 .debug_frame   0x000013c0      0x108 build/stm32l0xx_hal_uart_ex.o
 .debug_frame   0x000014c8      0x204 build/stm32l0xx_hal.o
 .debug_frame   0x000016cc      0x12c build/stm32l0xx_hal_rcc.o
 .debug_frame   0x000017f8       0xb8 build/stm32l0xx_hal_rcc_ex.o
 .debug_frame   0x000018b0       0xd8 build/stm32l0xx_hal_gpio.o
 .debug_frame   0x00001988      0x17c build/stm32l0xx_hal_dma.o
 .debug_frame   0x00001b04       0xec build/stm32l0xx_hal_cortex.o
 .debug_frame   0x00001bf0       0x3c build/system_stm32l0xx.o
 .debug_frame   0x00001c2c       0x2c c:/program files (x86)/gnu tools arm embedded/7 2017-q4-major/bin/../lib/gcc/arm-none-eabi/7.2.1/../../../../arm-none-eabi/lib/thumb/v6-m\libc_nano.a(lib_a-init.o)
 .debug_frame   0x00001c58       0x20 c:/program files (x86)/gnu tools arm embedded/7 2017-q4-major/bin/../lib/gcc/arm-none-eabi/7.2.1/../../../../arm-none-eabi/lib/thumb/v6-m\libc_nano.a(lib_a-memset.o)
 .debug_frame   0x00001c78       0x20 c:/program files (x86)/gnu tools arm embedded/7 2017-q4-major/bin/../lib/gcc/arm-none-eabi/7.2.1/thumb/v6-m\libgcc.a(_udivsi3.o)
 .debug_frame   0x00001c98       0x3c c:/program files (x86)/gnu tools arm embedded/7 2017-q4-major/bin/../lib/gcc/arm-none-eabi/7.2.1/thumb/v6-m\libgcc.a(_udivmoddi4.o)

Cross Reference Table

Symbol                                            File
ADC1_COMP_IRQHandler                              build/startup_stm32l011xx.o
AHBPrescTable                                     build/system_stm32l0xx.o
                                                  build/stm32l0xx_hal_rcc.o
APBPrescTable                                     build/system_stm32l0xx.o
                                                  build/stm32l0xx_hal_rcc.o
BSP_GetVersion                                    build/stm32l0xx_nucleo_32.o
BSP_LED_Init                                      build/stm32l0xx_nucleo_32.o
                                                  build/main.o
BSP_LED_Off                                       build/stm32l0xx_nucleo_32.o
                                                  build/main.o
BSP_LED_On                                        build/stm32l0xx_nucleo_32.o
                                                  build/main.o
BSP_LED_Toggle                                    build/stm32l0xx_nucleo_32.o
DMA1_Channel1_IRQHandler                          build/startup_stm32l011xx.o
DMA1_Channel2_3_IRQHandler                        build/startup_stm32l011xx.o
DMA1_Channel4_5_IRQHandler                        build/startup_stm32l011xx.o
Default_Handler                                   build/startup_stm32l011xx.o
EXTI0_1_IRQHandler                                build/startup_stm32l011xx.o
EXTI2_3_IRQHandler                                build/startup_stm32l011xx.o
EXTI4_15_IRQHandler                               build/startup_stm32l011xx.o
Error_Handler                                     build/main.o
FLASH_IRQHandler                                  build/startup_stm32l011xx.o
FLASH_PageErase                                   build/stm32l0xx_hal_flash_ex.o
                                                  build/stm32l0xx_hal_flash.o
FLASH_WaitForLastOperation                        build/stm32l0xx_hal_flash.o
                                                  build/stm32l0xx_hal_flash_ex.o
HAL_DBGMCU_DBG_DisableLowPowerConfig              build/stm32l0xx_hal.o
HAL_DBGMCU_DBG_EnableLowPowerConfig               build/stm32l0xx_hal.o
HAL_DBGMCU_DisableDBGSleepMode                    build/stm32l0xx_hal.o
HAL_DBGMCU_DisableDBGStandbyMode                  build/stm32l0xx_hal.o
HAL_DBGMCU_DisableDBGStopMode                     build/stm32l0xx_hal.o
HAL_DBGMCU_EnableDBGSleepMode                     build/stm32l0xx_hal.o
HAL_DBGMCU_EnableDBGStandbyMode                   build/stm32l0xx_hal.o
HAL_DBGMCU_EnableDBGStopMode                      build/stm32l0xx_hal.o
HAL_DMA_Abort                                     build/stm32l0xx_hal_dma.o
                                                  build/stm32l0xx_hal_uart.o
HAL_DMA_Abort_IT                                  build/stm32l0xx_hal_dma.o
                                                  build/stm32l0xx_hal_uart.o
                                                  build/stm32l0xx_hal_i2c.o
HAL_DMA_DeInit                                    build/stm32l0xx_hal_dma.o
HAL_DMA_GetError                                  build/stm32l0xx_hal_dma.o
                                                  build/stm32l0xx_hal_uart.o
HAL_DMA_GetState                                  build/stm32l0xx_hal_dma.o
HAL_DMA_IRQHandler                                build/stm32l0xx_hal_dma.o
HAL_DMA_Init                                      build/stm32l0xx_hal_dma.o
HAL_DMA_PollForTransfer                           build/stm32l0xx_hal_dma.o
HAL_DMA_RegisterCallback                          build/stm32l0xx_hal_dma.o
HAL_DMA_Start                                     build/stm32l0xx_hal_dma.o
HAL_DMA_Start_IT                                  build/stm32l0xx_hal_dma.o
                                                  build/stm32l0xx_hal_uart.o
                                                  build/stm32l0xx_hal_i2c.o
HAL_DMA_UnRegisterCallback                        build/stm32l0xx_hal_dma.o
HAL_DeInit                                        build/stm32l0xx_hal.o
HAL_Delay                                         build/stm32l0xx_hal.o
HAL_FLASHEx_AdvOBGetConfig                        build/stm32l0xx_hal_flash_ex.o
HAL_FLASHEx_AdvOBProgram                          build/stm32l0xx_hal_flash_ex.o
HAL_FLASHEx_DATAEEPROM_DisableFixedTimeProgram    build/stm32l0xx_hal_flash_ex.o
HAL_FLASHEx_DATAEEPROM_EnableFixedTimeProgram     build/stm32l0xx_hal_flash_ex.o
HAL_FLASHEx_DATAEEPROM_Erase                      build/stm32l0xx_hal_flash_ex.o
HAL_FLASHEx_DATAEEPROM_Lock                       build/stm32l0xx_hal_flash_ex.o
HAL_FLASHEx_DATAEEPROM_Program                    build/stm32l0xx_hal_flash_ex.o
HAL_FLASHEx_DATAEEPROM_Unlock                     build/stm32l0xx_hal_flash_ex.o
HAL_FLASHEx_DisableRunPowerDown                   build/stm32l0xx_hal_flash_ramfunc.o
HAL_FLASHEx_EnableRunPowerDown                    build/stm32l0xx_hal_flash_ramfunc.o
HAL_FLASHEx_Erase                                 build/stm32l0xx_hal_flash_ex.o
HAL_FLASHEx_Erase_IT                              build/stm32l0xx_hal_flash_ex.o
HAL_FLASHEx_GetError                              build/stm32l0xx_hal_flash_ramfunc.o
HAL_FLASHEx_HalfPageProgram                       build/stm32l0xx_hal_flash_ramfunc.o
HAL_FLASHEx_OBGetConfig                           build/stm32l0xx_hal_flash_ex.o
HAL_FLASHEx_OBProgram                             build/stm32l0xx_hal_flash_ex.o
HAL_FLASHEx_OB_DeSelectPCROP                      build/stm32l0xx_hal_flash_ex.o
HAL_FLASHEx_OB_SelectPCROP                        build/stm32l0xx_hal_flash_ex.o
HAL_FLASH_EndOfOperationCallback                  build/stm32l0xx_hal_flash.o
HAL_FLASH_GetError                                build/stm32l0xx_hal_flash.o
HAL_FLASH_IRQHandler                              build/stm32l0xx_hal_flash.o
HAL_FLASH_Lock                                    build/stm32l0xx_hal_flash.o
HAL_FLASH_OB_Launch                               build/stm32l0xx_hal_flash.o
HAL_FLASH_OB_Lock                                 build/stm32l0xx_hal_flash.o
HAL_FLASH_OB_Unlock                               build/stm32l0xx_hal_flash.o
HAL_FLASH_OperationErrorCallback                  build/stm32l0xx_hal_flash.o
HAL_FLASH_Program                                 build/stm32l0xx_hal_flash.o
HAL_FLASH_Program_IT                              build/stm32l0xx_hal_flash.o
HAL_FLASH_Unlock                                  build/stm32l0xx_hal_flash.o
HAL_GPIO_DeInit                                   build/stm32l0xx_hal_gpio.o
                                                  build/stm32l0xx_hal_msp.o
HAL_GPIO_EXTI_Callback                            build/stm32l0xx_hal_gpio.o
HAL_GPIO_EXTI_IRQHandler                          build/stm32l0xx_hal_gpio.o
HAL_GPIO_Init                                     build/stm32l0xx_hal_gpio.o
                                                  build/stm32l0xx_hal_rcc.o
                                                  build/stm32l0xx_nucleo_32.o
                                                  build/stm32l0xx_hal_msp.o
                                                  build/main.o
HAL_GPIO_LockPin                                  build/stm32l0xx_hal_gpio.o
HAL_GPIO_ReadPin                                  build/stm32l0xx_hal_gpio.o
HAL_GPIO_TogglePin                                build/stm32l0xx_hal_gpio.o
                                                  build/stm32l0xx_nucleo_32.o
HAL_GPIO_WritePin                                 build/stm32l0xx_hal_gpio.o
                                                  build/stm32l0xx_nucleo_32.o
                                                  build/main.o
HAL_GetDEVID                                      build/stm32l0xx_hal.o
HAL_GetHalVersion                                 build/stm32l0xx_hal.o
HAL_GetREVID                                      build/stm32l0xx_hal.o
HAL_GetTick                                       build/stm32l0xx_hal.o
                                                  build/stm32l0xx_hal_dma.o
                                                  build/stm32l0xx_hal_flash.o
                                                  build/stm32l0xx_hal_rcc_ex.o
                                                  build/stm32l0xx_hal_rcc.o
                                                  build/stm32l0xx_hal_uart_ex.o
                                                  build/stm32l0xx_hal_uart.o
                                                  build/stm32l0xx_hal_i2c.o
HAL_GetUIDw0                                      build/stm32l0xx_hal.o
HAL_GetUIDw1                                      build/stm32l0xx_hal.o
HAL_GetUIDw2                                      build/stm32l0xx_hal.o
HAL_HalfDuplex_EnableReceiver                     build/stm32l0xx_hal_uart.o
HAL_HalfDuplex_EnableTransmitter                  build/stm32l0xx_hal_uart.o
HAL_HalfDuplex_Init                               build/stm32l0xx_hal_uart.o
HAL_I2CEx_ConfigAnalogFilter                      build/stm32l0xx_hal_i2c_ex.o
                                                  build/main.o
HAL_I2CEx_ConfigDigitalFilter                     build/stm32l0xx_hal_i2c_ex.o
                                                  build/main.o
HAL_I2CEx_DisableFastModePlus                     build/stm32l0xx_hal_i2c_ex.o
HAL_I2CEx_DisableWakeUp                           build/stm32l0xx_hal_i2c_ex.o
HAL_I2CEx_EnableFastModePlus                      build/stm32l0xx_hal_i2c_ex.o
                                                  build/main.o
HAL_I2CEx_EnableWakeUp                            build/stm32l0xx_hal_i2c_ex.o
HAL_I2C_AbortCpltCallback                         build/stm32l0xx_hal_i2c.o
HAL_I2C_AddrCallback                              build/stm32l0xx_hal_i2c.o
HAL_I2C_DeInit                                    build/stm32l0xx_hal_i2c.o
                                                  build/stm32l0xx_nucleo_32.o
HAL_I2C_DisableListen_IT                          build/stm32l0xx_hal_i2c.o
HAL_I2C_ER_IRQHandler                             build/stm32l0xx_hal_i2c.o
HAL_I2C_EV_IRQHandler                             build/stm32l0xx_hal_i2c.o
HAL_I2C_EnableListen_IT                           build/stm32l0xx_hal_i2c.o
HAL_I2C_ErrorCallback                             build/stm32l0xx_hal_i2c.o
HAL_I2C_GetError                                  build/stm32l0xx_hal_i2c.o
HAL_I2C_GetMode                                   build/stm32l0xx_hal_i2c.o
HAL_I2C_GetState                                  build/stm32l0xx_hal_i2c.o
                                                  build/stm32l0xx_nucleo_32.o
HAL_I2C_Init                                      build/stm32l0xx_hal_i2c.o
                                                  build/stm32l0xx_nucleo_32.o
                                                  build/main.o
HAL_I2C_IsDeviceReady                             build/stm32l0xx_hal_i2c.o
                                                  build/stm32l0xx_nucleo_32.o
HAL_I2C_ListenCpltCallback                        build/stm32l0xx_hal_i2c.o
HAL_I2C_MasterRxCpltCallback                      build/stm32l0xx_hal_i2c.o
HAL_I2C_MasterTxCpltCallback                      build/stm32l0xx_hal_i2c.o
HAL_I2C_Master_Abort_IT                           build/stm32l0xx_hal_i2c.o
HAL_I2C_Master_Receive                            build/stm32l0xx_hal_i2c.o
HAL_I2C_Master_Receive_DMA                        build/stm32l0xx_hal_i2c.o
HAL_I2C_Master_Receive_IT                         build/stm32l0xx_hal_i2c.o
HAL_I2C_Master_Seq_Receive_DMA                    build/stm32l0xx_hal_i2c.o
HAL_I2C_Master_Seq_Receive_IT                     build/stm32l0xx_hal_i2c.o
HAL_I2C_Master_Seq_Transmit_DMA                   build/stm32l0xx_hal_i2c.o
HAL_I2C_Master_Seq_Transmit_IT                    build/stm32l0xx_hal_i2c.o
HAL_I2C_Master_Transmit                           build/stm32l0xx_hal_i2c.o
HAL_I2C_Master_Transmit_DMA                       build/stm32l0xx_hal_i2c.o
HAL_I2C_Master_Transmit_IT                        build/stm32l0xx_hal_i2c.o
HAL_I2C_MemRxCpltCallback                         build/stm32l0xx_hal_i2c.o
HAL_I2C_MemTxCpltCallback                         build/stm32l0xx_hal_i2c.o
HAL_I2C_Mem_Read                                  build/stm32l0xx_hal_i2c.o
                                                  build/stm32l0xx_nucleo_32.o
HAL_I2C_Mem_Read_DMA                              build/stm32l0xx_hal_i2c.o
HAL_I2C_Mem_Read_IT                               build/stm32l0xx_hal_i2c.o
HAL_I2C_Mem_Write                                 build/stm32l0xx_hal_i2c.o
                                                  build/stm32l0xx_nucleo_32.o
HAL_I2C_Mem_Write_DMA                             build/stm32l0xx_hal_i2c.o
HAL_I2C_Mem_Write_IT                              build/stm32l0xx_hal_i2c.o
HAL_I2C_MspDeInit                                 build/stm32l0xx_hal_msp.o
HAL_I2C_MspInit                                   build/stm32l0xx_hal_msp.o
HAL_I2C_SlaveRxCpltCallback                       build/stm32l0xx_hal_i2c.o
HAL_I2C_SlaveTxCpltCallback                       build/stm32l0xx_hal_i2c.o
HAL_I2C_Slave_Receive                             build/stm32l0xx_hal_i2c.o
HAL_I2C_Slave_Receive_DMA                         build/stm32l0xx_hal_i2c.o
HAL_I2C_Slave_Receive_IT                          build/stm32l0xx_hal_i2c.o
HAL_I2C_Slave_Seq_Receive_DMA                     build/stm32l0xx_hal_i2c.o
HAL_I2C_Slave_Seq_Receive_IT                      build/stm32l0xx_hal_i2c.o
HAL_I2C_Slave_Seq_Transmit_DMA                    build/stm32l0xx_hal_i2c.o
HAL_I2C_Slave_Seq_Transmit_IT                     build/stm32l0xx_hal_i2c.o
HAL_I2C_Slave_Transmit                            build/stm32l0xx_hal_i2c.o
                                                  build/main.o
HAL_I2C_Slave_Transmit_DMA                        build/stm32l0xx_hal_i2c.o
HAL_I2C_Slave_Transmit_IT                         build/stm32l0xx_hal_i2c.o
HAL_IncTick                                       build/stm32l0xx_hal.o
                                                  build/stm32l0xx_it.o
HAL_Init                                          build/stm32l0xx_hal.o
                                                  build/main.o
HAL_InitTick                                      build/stm32l0xx_hal.o
                                                  build/stm32l0xx_hal_rcc.o
HAL_LIN_Init                                      build/stm32l0xx_hal_uart.o
HAL_LIN_SendBreak                                 build/stm32l0xx_hal_uart.o
HAL_MspDeInit                                     build/stm32l0xx_hal.o
HAL_MspInit                                       build/stm32l0xx_hal_msp.o
HAL_MultiProcessorEx_AddressLength_Set            build/stm32l0xx_hal_uart_ex.o
HAL_MultiProcessor_DisableMuteMode                build/stm32l0xx_hal_uart.o
HAL_MultiProcessor_EnableMuteMode                 build/stm32l0xx_hal_uart.o
HAL_MultiProcessor_EnterMuteMode                  build/stm32l0xx_hal_uart.o
HAL_MultiProcessor_Init                           build/stm32l0xx_hal_uart.o
HAL_NVIC_ClearPendingIRQ                          build/stm32l0xx_hal_cortex.o
HAL_NVIC_DisableIRQ                               build/stm32l0xx_hal_cortex.o
                                                  build/stm32l0xx_hal_msp.o
HAL_NVIC_EnableIRQ                                build/stm32l0xx_hal_cortex.o
                                                  build/stm32l0xx_hal_msp.o
HAL_NVIC_GetPendingIRQ                            build/stm32l0xx_hal_cortex.o
HAL_NVIC_GetPriority                              build/stm32l0xx_hal_cortex.o
HAL_NVIC_SetPendingIRQ                            build/stm32l0xx_hal_cortex.o
HAL_NVIC_SetPriority                              build/stm32l0xx_hal_cortex.o
                                                  build/stm32l0xx_hal.o
                                                  build/stm32l0xx_hal_msp.o
HAL_NVIC_SystemReset                              build/stm32l0xx_hal_cortex.o
HAL_PWREx_DisableFastWakeUp                       build/stm32l0xx_hal_pwr_ex.o
HAL_PWREx_DisableLowPowerRunMode                  build/stm32l0xx_hal_pwr_ex.o
HAL_PWREx_DisableUltraLowPower                    build/stm32l0xx_hal_pwr_ex.o
HAL_PWREx_EnableFastWakeUp                        build/stm32l0xx_hal_pwr_ex.o
HAL_PWREx_EnableLowPowerRunMode                   build/stm32l0xx_hal_pwr_ex.o
HAL_PWREx_EnableUltraLowPower                     build/stm32l0xx_hal_pwr_ex.o
HAL_PWREx_GetVoltageRange                         build/stm32l0xx_hal_pwr_ex.o
HAL_PWR_ConfigPVD                                 build/stm32l0xx_hal_pwr.o
HAL_PWR_DeInit                                    build/stm32l0xx_hal_pwr.o
HAL_PWR_DisableBkUpAccess                         build/stm32l0xx_hal_pwr.o
HAL_PWR_DisablePVD                                build/stm32l0xx_hal_pwr.o
HAL_PWR_DisableSEVOnPend                          build/stm32l0xx_hal_pwr.o
HAL_PWR_DisableSleepOnExit                        build/stm32l0xx_hal_pwr.o
HAL_PWR_DisableWakeUpPin                          build/stm32l0xx_hal_pwr.o
HAL_PWR_EnableBkUpAccess                          build/stm32l0xx_hal_pwr.o
HAL_PWR_EnablePVD                                 build/stm32l0xx_hal_pwr.o
HAL_PWR_EnableSEVOnPend                           build/stm32l0xx_hal_pwr.o
HAL_PWR_EnableSleepOnExit                         build/stm32l0xx_hal_pwr.o
HAL_PWR_EnableWakeUpPin                           build/stm32l0xx_hal_pwr.o
HAL_PWR_EnterSLEEPMode                            build/stm32l0xx_hal_pwr.o
HAL_PWR_EnterSTANDBYMode                          build/stm32l0xx_hal_pwr.o
HAL_PWR_EnterSTOPMode                             build/stm32l0xx_hal_pwr.o
HAL_PWR_PVDCallback                               build/stm32l0xx_hal_pwr.o
HAL_PWR_PVD_IRQHandler                            build/stm32l0xx_hal_pwr.o
HAL_RCCEx_DisableLSECSS                           build/stm32l0xx_hal_rcc_ex.o
HAL_RCCEx_EnableLSECSS                            build/stm32l0xx_hal_rcc_ex.o
HAL_RCCEx_EnableLSECSS_IT                         build/stm32l0xx_hal_rcc_ex.o
HAL_RCCEx_GetPeriphCLKConfig                      build/stm32l0xx_hal_rcc_ex.o
HAL_RCCEx_GetPeriphCLKFreq                        build/stm32l0xx_hal_rcc_ex.o
HAL_RCCEx_LSECSS_Callback                         build/stm32l0xx_hal_rcc_ex.o
HAL_RCCEx_LSECSS_IRQHandler                       build/stm32l0xx_hal_rcc_ex.o
HAL_RCCEx_PeriphCLKConfig                         build/stm32l0xx_hal_rcc_ex.o
                                                  build/stm32l0xx_nucleo_32.o
                                                  build/main.o
HAL_RCC_ClockConfig                               build/stm32l0xx_hal_rcc.o
                                                  build/main.o
HAL_RCC_DeInit                                    build/stm32l0xx_hal_rcc.o
HAL_RCC_GetClockConfig                            build/stm32l0xx_hal_rcc.o
HAL_RCC_GetHCLKFreq                               build/stm32l0xx_hal_rcc.o
HAL_RCC_GetOscConfig                              build/stm32l0xx_hal_rcc.o
HAL_RCC_GetPCLK1Freq                              build/stm32l0xx_hal_rcc.o
                                                  build/stm32l0xx_hal_rcc_ex.o
                                                  build/stm32l0xx_hal_uart.o
HAL_RCC_GetPCLK2Freq                              build/stm32l0xx_hal_rcc.o
                                                  build/stm32l0xx_hal_uart.o
HAL_RCC_GetSysClockFreq                           build/stm32l0xx_hal_rcc.o
                                                  build/stm32l0xx_hal_rcc_ex.o
                                                  build/stm32l0xx_hal_uart.o
HAL_RCC_MCOConfig                                 build/stm32l0xx_hal_rcc.o
HAL_RCC_OscConfig                                 build/stm32l0xx_hal_rcc.o
                                                  build/main.o
HAL_RS485Ex_Init                                  build/stm32l0xx_hal_uart_ex.o
HAL_ResumeTick                                    build/stm32l0xx_hal.o
HAL_SYSCFG_Disable_Lock_VREFINT                   build/stm32l0xx_hal.o
HAL_SYSCFG_Enable_Lock_VREFINT                    build/stm32l0xx_hal.o
HAL_SYSCFG_GetBootMode                            build/stm32l0xx_hal.o
HAL_SYSCFG_VREFINT_OutputSelect                   build/stm32l0xx_hal.o
HAL_SYSTICK_CLKSourceConfig                       build/stm32l0xx_hal_cortex.o
HAL_SYSTICK_Callback                              build/stm32l0xx_hal_cortex.o
HAL_SYSTICK_Config                                build/stm32l0xx_hal_cortex.o
                                                  build/stm32l0xx_hal.o
HAL_SYSTICK_IRQHandler                            build/stm32l0xx_hal_cortex.o
HAL_SuspendTick                                   build/stm32l0xx_hal.o
HAL_UARTEx_DisableClockStopMode                   build/stm32l0xx_hal_uart_ex.o
HAL_UARTEx_DisableStopMode                        build/stm32l0xx_hal_uart_ex.o
HAL_UARTEx_EnableClockStopMode                    build/stm32l0xx_hal_uart_ex.o
HAL_UARTEx_EnableStopMode                         build/stm32l0xx_hal_uart_ex.o
HAL_UARTEx_StopModeWakeUpSourceConfig             build/stm32l0xx_hal_uart_ex.o
HAL_UARTEx_WakeupCallback                         build/stm32l0xx_hal_uart_ex.o
                                                  build/stm32l0xx_hal_uart.o
HAL_UART_Abort                                    build/stm32l0xx_hal_uart.o
HAL_UART_AbortCpltCallback                        build/stm32l0xx_hal_uart.o
HAL_UART_AbortReceive                             build/stm32l0xx_hal_uart.o
HAL_UART_AbortReceiveCpltCallback                 build/stm32l0xx_hal_uart.o
HAL_UART_AbortReceive_IT                          build/stm32l0xx_hal_uart.o
HAL_UART_AbortTransmit                            build/stm32l0xx_hal_uart.o
HAL_UART_AbortTransmitCpltCallback                build/stm32l0xx_hal_uart.o
HAL_UART_AbortTransmit_IT                         build/stm32l0xx_hal_uart.o
HAL_UART_Abort_IT                                 build/stm32l0xx_hal_uart.o
HAL_UART_DMAPause                                 build/stm32l0xx_hal_uart.o
HAL_UART_DMAResume                                build/stm32l0xx_hal_uart.o
HAL_UART_DMAStop                                  build/stm32l0xx_hal_uart.o
HAL_UART_DeInit                                   build/stm32l0xx_hal_uart.o
HAL_UART_ErrorCallback                            build/stm32l0xx_hal_uart.o
HAL_UART_GetError                                 build/stm32l0xx_hal_uart.o
HAL_UART_GetState                                 build/stm32l0xx_hal_uart.o
HAL_UART_IRQHandler                               build/stm32l0xx_hal_uart.o
                                                  build/stm32l0xx_it.o
HAL_UART_Init                                     build/stm32l0xx_hal_uart.o
                                                  build/main.o
HAL_UART_MspDeInit                                build/stm32l0xx_hal_msp.o
HAL_UART_MspInit                                  build/stm32l0xx_hal_msp.o
                                                  build/stm32l0xx_hal_uart_ex.o
HAL_UART_Receive                                  build/stm32l0xx_hal_uart.o
HAL_UART_Receive_DMA                              build/stm32l0xx_hal_uart.o
HAL_UART_Receive_IT                               build/stm32l0xx_hal_uart.o
                                                  build/main.o
HAL_UART_RxCpltCallback                           build/main.o
HAL_UART_RxHalfCpltCallback                       build/stm32l0xx_hal_uart.o
HAL_UART_Transmit                                 build/stm32l0xx_hal_uart.o
HAL_UART_Transmit_DMA                             build/stm32l0xx_hal_uart.o
HAL_UART_Transmit_IT                              build/stm32l0xx_hal_uart.o
HAL_UART_TxCpltCallback                           build/stm32l0xx_hal_uart.o
HAL_UART_TxHalfCpltCallback                       build/stm32l0xx_hal_uart.o
HardFault_Handler                                 build/stm32l0xx_it.o
I2C1_Error                                        build/stm32l0xx_nucleo_32.o
I2C1_IRQHandler                                   build/startup_stm32l011xx.o
I2C1_Init                                         build/stm32l0xx_nucleo_32.o
I2C1_IsDeviceReady                                build/stm32l0xx_nucleo_32.o
I2C1_MspInit                                      build/stm32l0xx_nucleo_32.o
I2C1_Read                                         build/stm32l0xx_nucleo_32.o
I2C1_ReadBuffer                                   build/stm32l0xx_nucleo_32.o
I2C1_Write                                        build/stm32l0xx_nucleo_32.o
I2C1_WriteBuffer                                  build/stm32l0xx_nucleo_32.o
I2c1Timeout                                       build/stm32l0xx_nucleo_32.o
LED_PIN                                           build/stm32l0xx_nucleo_32.o
LED_PORT                                          build/stm32l0xx_nucleo_32.o
LPTIM1_IRQHandler                                 build/startup_stm32l011xx.o
LPUART1_IRQHandler                                build/startup_stm32l011xx.o
NMI_Handler                                       build/stm32l0xx_it.o
PLLMulTable                                       build/system_stm32l0xx.o
                                                  build/stm32l0xx_hal_rcc.o
PVD_IRQHandler                                    build/startup_stm32l011xx.o
PendSV_Handler                                    build/stm32l0xx_it.o
RCC_IRQHandler                                    build/startup_stm32l011xx.o
RTC_IRQHandler                                    build/startup_stm32l011xx.o
Reset_Handler                                     build/startup_stm32l011xx.o
SPI1_IRQHandler                                   build/startup_stm32l011xx.o
SVC_Handler                                       build/stm32l0xx_it.o
SysTick_Handler                                   build/stm32l0xx_it.o
SystemClock_Config                                build/main.o
SystemCoreClock                                   build/system_stm32l0xx.o
                                                  build/stm32l0xx_hal_pwr_ex.o
                                                  build/stm32l0xx_hal_rcc.o
                                                  build/stm32l0xx_hal.o
SystemCoreClockUpdate                             build/system_stm32l0xx.o
SystemInit                                        build/system_stm32l0xx.o
                                                  build/startup_stm32l011xx.o
TIM21_IRQHandler                                  build/startup_stm32l011xx.o
TIM2_IRQHandler                                   build/startup_stm32l011xx.o
UART_AdvFeatureConfig                             build/stm32l0xx_hal_uart.o
                                                  build/stm32l0xx_hal_uart_ex.o
UART_CheckIdleState                               build/stm32l0xx_hal_uart.o
                                                  build/stm32l0xx_hal_uart_ex.o
UART_SetConfig                                    build/stm32l0xx_hal_uart.o
                                                  build/stm32l0xx_hal_uart_ex.o
UART_WaitOnFlagUntilTimeout                       build/stm32l0xx_hal_uart.o
                                                  build/stm32l0xx_hal_uart_ex.o
USART2_IRQHandler                                 build/stm32l0xx_it.o
WWDG_IRQHandler                                   build/startup_stm32l011xx.o
__aeabi_idiv0                                     c:/program files (x86)/gnu tools arm embedded/7 2017-q4-major/bin/../lib/gcc/arm-none-eabi/7.2.1/thumb/v6-m\libgcc.a(_dvmd_tls.o)
                                                  c:/program files (x86)/gnu tools arm embedded/7 2017-q4-major/bin/../lib/gcc/arm-none-eabi/7.2.1/thumb/v6-m\libgcc.a(_udivsi3.o)
__aeabi_ldiv0                                     c:/program files (x86)/gnu tools arm embedded/7 2017-q4-major/bin/../lib/gcc/arm-none-eabi/7.2.1/thumb/v6-m\libgcc.a(_dvmd_tls.o)
                                                  c:/program files (x86)/gnu tools arm embedded/7 2017-q4-major/bin/../lib/gcc/arm-none-eabi/7.2.1/thumb/v6-m\libgcc.a(_aeabi_uldivmod.o)
__aeabi_uidiv                                     c:/program files (x86)/gnu tools arm embedded/7 2017-q4-major/bin/../lib/gcc/arm-none-eabi/7.2.1/thumb/v6-m\libgcc.a(_udivsi3.o)
                                                  build/system_stm32l0xx.o
                                                  build/stm32l0xx_hal_pwr_ex.o
                                                  build/stm32l0xx_hal_dma.o
                                                  build/stm32l0xx_hal_rcc.o
                                                  build/stm32l0xx_hal.o
                                                  build/stm32l0xx_hal_uart.o
__aeabi_uidivmod                                  c:/program files (x86)/gnu tools arm embedded/7 2017-q4-major/bin/../lib/gcc/arm-none-eabi/7.2.1/thumb/v6-m\libgcc.a(_udivsi3.o)
__aeabi_uldivmod                                  c:/program files (x86)/gnu tools arm embedded/7 2017-q4-major/bin/../lib/gcc/arm-none-eabi/7.2.1/thumb/v6-m\libgcc.a(_aeabi_uldivmod.o)
                                                  build/stm32l0xx_hal_uart.o
__bss_end__                                       c:/program files (x86)/gnu tools arm embedded/7 2017-q4-major/bin/../lib/gcc/arm-none-eabi/7.2.1/../../../../arm-none-eabi/lib/thumb/v6-m/crt0.o
__bss_start__                                     c:/program files (x86)/gnu tools arm embedded/7 2017-q4-major/bin/../lib/gcc/arm-none-eabi/7.2.1/../../../../arm-none-eabi/lib/thumb/v6-m/crt0.o
__call_exitprocs                                  c:/program files (x86)/gnu tools arm embedded/7 2017-q4-major/bin/../lib/gcc/arm-none-eabi/7.2.1/../../../../arm-none-eabi/lib/thumb/v6-m\libc_nano.a(lib_a-exit.o)
__clzdi2                                          c:/program files (x86)/gnu tools arm embedded/7 2017-q4-major/bin/../lib/gcc/arm-none-eabi/7.2.1/thumb/v6-m\libgcc.a(_clzdi2.o)
                                                  c:/program files (x86)/gnu tools arm embedded/7 2017-q4-major/bin/../lib/gcc/arm-none-eabi/7.2.1/thumb/v6-m\libgcc.a(_udivmoddi4.o)
__clzsi2                                          c:/program files (x86)/gnu tools arm embedded/7 2017-q4-major/bin/../lib/gcc/arm-none-eabi/7.2.1/thumb/v6-m\libgcc.a(_clzsi2.o)
                                                  c:/program files (x86)/gnu tools arm embedded/7 2017-q4-major/bin/../lib/gcc/arm-none-eabi/7.2.1/thumb/v6-m\libgcc.a(_clzdi2.o)
__deregister_frame_info                           c:/program files (x86)/gnu tools arm embedded/7 2017-q4-major/bin/../lib/gcc/arm-none-eabi/7.2.1/thumb/v6-m/crtbegin.o
__dso_handle                                      c:/program files (x86)/gnu tools arm embedded/7 2017-q4-major/bin/../lib/gcc/arm-none-eabi/7.2.1/thumb/v6-m/crtbegin.o
__init_array_end                                  c:/program files (x86)/gnu tools arm embedded/7 2017-q4-major/bin/../lib/gcc/arm-none-eabi/7.2.1/../../../../arm-none-eabi/lib/thumb/v6-m\libc_nano.a(lib_a-init.o)
__init_array_start                                c:/program files (x86)/gnu tools arm embedded/7 2017-q4-major/bin/../lib/gcc/arm-none-eabi/7.2.1/../../../../arm-none-eabi/lib/thumb/v6-m\libc_nano.a(lib_a-init.o)
__libc_fini_array                                 c:/program files (x86)/gnu tools arm embedded/7 2017-q4-major/bin/../lib/gcc/arm-none-eabi/7.2.1/../../../../arm-none-eabi/lib/thumb/v6-m/crt0.o
__libc_init_array                                 c:/program files (x86)/gnu tools arm embedded/7 2017-q4-major/bin/../lib/gcc/arm-none-eabi/7.2.1/../../../../arm-none-eabi/lib/thumb/v6-m\libc_nano.a(lib_a-init.o)
                                                  build/startup_stm32l011xx.o
                                                  c:/program files (x86)/gnu tools arm embedded/7 2017-q4-major/bin/../lib/gcc/arm-none-eabi/7.2.1/../../../../arm-none-eabi/lib/thumb/v6-m/crt0.o
__preinit_array_end                               c:/program files (x86)/gnu tools arm embedded/7 2017-q4-major/bin/../lib/gcc/arm-none-eabi/7.2.1/../../../../arm-none-eabi/lib/thumb/v6-m\libc_nano.a(lib_a-init.o)
__preinit_array_start                             c:/program files (x86)/gnu tools arm embedded/7 2017-q4-major/bin/../lib/gcc/arm-none-eabi/7.2.1/../../../../arm-none-eabi/lib/thumb/v6-m\libc_nano.a(lib_a-init.o)
__register_frame_info                             c:/program files (x86)/gnu tools arm embedded/7 2017-q4-major/bin/../lib/gcc/arm-none-eabi/7.2.1/thumb/v6-m/crtbegin.o
__sf_fake_stderr                                  c:/program files (x86)/gnu tools arm embedded/7 2017-q4-major/bin/../lib/gcc/arm-none-eabi/7.2.1/../../../../arm-none-eabi/lib/thumb/v6-m\libc_nano.a(lib_a-impure.o)
__sf_fake_stdin                                   c:/program files (x86)/gnu tools arm embedded/7 2017-q4-major/bin/../lib/gcc/arm-none-eabi/7.2.1/../../../../arm-none-eabi/lib/thumb/v6-m\libc_nano.a(lib_a-impure.o)
__sf_fake_stdout                                  c:/program files (x86)/gnu tools arm embedded/7 2017-q4-major/bin/../lib/gcc/arm-none-eabi/7.2.1/../../../../arm-none-eabi/lib/thumb/v6-m\libc_nano.a(lib_a-impure.o)
__stack                                           c:/program files (x86)/gnu tools arm embedded/7 2017-q4-major/bin/../lib/gcc/arm-none-eabi/7.2.1/../../../../arm-none-eabi/lib/thumb/v6-m/crt0.o
__udivmoddi4                                      c:/program files (x86)/gnu tools arm embedded/7 2017-q4-major/bin/../lib/gcc/arm-none-eabi/7.2.1/thumb/v6-m\libgcc.a(_udivmoddi4.o)
                                                  c:/program files (x86)/gnu tools arm embedded/7 2017-q4-major/bin/../lib/gcc/arm-none-eabi/7.2.1/thumb/v6-m\libgcc.a(_aeabi_uldivmod.o)
__udivsi3                                         c:/program files (x86)/gnu tools arm embedded/7 2017-q4-major/bin/../lib/gcc/arm-none-eabi/7.2.1/thumb/v6-m\libgcc.a(_udivsi3.o)
_ebss                                             build/startup_stm32l011xx.o
_edata                                            build/startup_stm32l011xx.o
_estack                                           build/startup_stm32l011xx.o
_exit                                             c:/program files (x86)/gnu tools arm embedded/7 2017-q4-major/bin/../lib/gcc/arm-none-eabi/7.2.1/../../../../arm-none-eabi/lib/thumb/v6-m\libnosys.a(_exit.o)
                                                  c:/program files (x86)/gnu tools arm embedded/7 2017-q4-major/bin/../lib/gcc/arm-none-eabi/7.2.1/../../../../arm-none-eabi/lib/thumb/v6-m\libc_nano.a(lib_a-exit.o)
_fini                                             c:/program files (x86)/gnu tools arm embedded/7 2017-q4-major/bin/../lib/gcc/arm-none-eabi/7.2.1/thumb/v6-m/crti.o
_global_impure_ptr                                c:/program files (x86)/gnu tools arm embedded/7 2017-q4-major/bin/../lib/gcc/arm-none-eabi/7.2.1/../../../../arm-none-eabi/lib/thumb/v6-m\libc_nano.a(lib_a-impure.o)
                                                  c:/program files (x86)/gnu tools arm embedded/7 2017-q4-major/bin/../lib/gcc/arm-none-eabi/7.2.1/../../../../arm-none-eabi/lib/thumb/v6-m\libc_nano.a(lib_a-exit.o)
_impure_ptr                                       c:/program files (x86)/gnu tools arm embedded/7 2017-q4-major/bin/../lib/gcc/arm-none-eabi/7.2.1/../../../../arm-none-eabi/lib/thumb/v6-m\libc_nano.a(lib_a-impure.o)
_init                                             c:/program files (x86)/gnu tools arm embedded/7 2017-q4-major/bin/../lib/gcc/arm-none-eabi/7.2.1/thumb/v6-m/crti.o
                                                  c:/program files (x86)/gnu tools arm embedded/7 2017-q4-major/bin/../lib/gcc/arm-none-eabi/7.2.1/../../../../arm-none-eabi/lib/thumb/v6-m\libc_nano.a(lib_a-init.o)
_mainCRTStartup                                   c:/program files (x86)/gnu tools arm embedded/7 2017-q4-major/bin/../lib/gcc/arm-none-eabi/7.2.1/../../../../arm-none-eabi/lib/thumb/v6-m/crt0.o
_sbss                                             build/startup_stm32l011xx.o
_sdata                                            build/startup_stm32l011xx.o
_sidata                                           build/startup_stm32l011xx.o
_start                                            c:/program files (x86)/gnu tools arm embedded/7 2017-q4-major/bin/../lib/gcc/arm-none-eabi/7.2.1/../../../../arm-none-eabi/lib/thumb/v6-m/crt0.o
atexit                                            c:/program files (x86)/gnu tools arm embedded/7 2017-q4-major/bin/../lib/gcc/arm-none-eabi/7.2.1/../../../../arm-none-eabi/lib/thumb/v6-m/crt0.o
cbuf                                              build/main.o
cbuf_data_space                                   build/main.o
circ_bbuf_free_space                              build/main.o
circ_bbuf_pop                                     build/main.o
circ_bbuf_push                                    build/main.o
exit                                              c:/program files (x86)/gnu tools arm embedded/7 2017-q4-major/bin/../lib/gcc/arm-none-eabi/7.2.1/../../../../arm-none-eabi/lib/thumb/v6-m\libc_nano.a(lib_a-exit.o)
                                                  c:/program files (x86)/gnu tools arm embedded/7 2017-q4-major/bin/../lib/gcc/arm-none-eabi/7.2.1/../../../../arm-none-eabi/lib/thumb/v6-m/crt0.o
g_pfnVectors                                      build/startup_stm32l011xx.o
hardware_init_hook                                c:/program files (x86)/gnu tools arm embedded/7 2017-q4-major/bin/../lib/gcc/arm-none-eabi/7.2.1/../../../../arm-none-eabi/lib/thumb/v6-m/crt0.o
heval_I2c1                                        build/stm32l0xx_nucleo_32.o
hi2c1                                             build/main.o
huart2                                            build/main.o
                                                  build/stm32l0xx_it.o
main                                              build/main.o
                                                  build/startup_stm32l011xx.o
                                                  c:/program files (x86)/gnu tools arm embedded/7 2017-q4-major/bin/../lib/gcc/arm-none-eabi/7.2.1/../../../../arm-none-eabi/lib/thumb/v6-m/crt0.o
memset                                            c:/program files (x86)/gnu tools arm embedded/7 2017-q4-major/bin/../lib/gcc/arm-none-eabi/7.2.1/../../../../arm-none-eabi/lib/thumb/v6-m\libc_nano.a(lib_a-memset.o)
                                                  build/stm32l0xx_hal_rcc.o
                                                  build/stm32l0xx_hal_msp.o
                                                  build/main.o
                                                  c:/program files (x86)/gnu tools arm embedded/7 2017-q4-major/bin/../lib/gcc/arm-none-eabi/7.2.1/../../../../arm-none-eabi/lib/thumb/v6-m/crt0.o
pFlash                                            build/stm32l0xx_hal_flash.o
                                                  build/stm32l0xx_hal_flash_ex.o
                                                  build/stm32l0xx_hal_flash_ramfunc.o
rxBuff                                            build/main.o
software_init_hook                                c:/program files (x86)/gnu tools arm embedded/7 2017-q4-major/bin/../lib/gcc/arm-none-eabi/7.2.1/../../../../arm-none-eabi/lib/thumb/v6-m/crt0.o
uartPort                                          build/main.o
uwTick                                            build/stm32l0xx_hal.o
