Archive member included to satisfy reference by file (symbol)

c:/program files (x86)/gnu tools arm embedded/7 2017-q4-major/bin/../lib/gcc/arm-none-eabi/7.2.1/../../../../arm-none-eabi/lib/thumb/v6-m\libc_nano.a(lib_a-exit.o)
                              c:/program files (x86)/gnu tools arm embedded/7 2017-q4-major/bin/../lib/gcc/arm-none-eabi/7.2.1/../../../../arm-none-eabi/lib/thumb/v6-m/crt0.o (exit)
c:/program files (x86)/gnu tools arm embedded/7 2017-q4-major/bin/../lib/gcc/arm-none-eabi/7.2.1/../../../../arm-none-eabi/lib/thumb/v6-m\libc_nano.a(lib_a-impure.o)
                              c:/program files (x86)/gnu tools arm embedded/7 2017-q4-major/bin/../lib/gcc/arm-none-eabi/7.2.1/../../../../arm-none-eabi/lib/thumb/v6-m\libc_nano.a(lib_a-exit.o) (_global_impure_ptr)
c:/program files (x86)/gnu tools arm embedded/7 2017-q4-major/bin/../lib/gcc/arm-none-eabi/7.2.1/../../../../arm-none-eabi/lib/thumb/v6-m\libc_nano.a(lib_a-init.o)
                              c:/program files (x86)/gnu tools arm embedded/7 2017-q4-major/bin/../lib/gcc/arm-none-eabi/7.2.1/../../../../arm-none-eabi/lib/thumb/v6-m/crt0.o (__libc_init_array)
c:/program files (x86)/gnu tools arm embedded/7 2017-q4-major/bin/../lib/gcc/arm-none-eabi/7.2.1/../../../../arm-none-eabi/lib/thumb/v6-m\libc_nano.a(lib_a-locale.o)
                              build/main.o (__locale_ctype_ptr)
c:/program files (x86)/gnu tools arm embedded/7 2017-q4-major/bin/../lib/gcc/arm-none-eabi/7.2.1/../../../../arm-none-eabi/lib/thumb/v6-m\libc_nano.a(lib_a-malloc.o)
                              build/main.o (malloc)
c:/program files (x86)/gnu tools arm embedded/7 2017-q4-major/bin/../lib/gcc/arm-none-eabi/7.2.1/../../../../arm-none-eabi/lib/thumb/v6-m\libc_nano.a(lib_a-mbtowc_r.o)
                              c:/program files (x86)/gnu tools arm embedded/7 2017-q4-major/bin/../lib/gcc/arm-none-eabi/7.2.1/../../../../arm-none-eabi/lib/thumb/v6-m\libc_nano.a(lib_a-locale.o) (__ascii_mbtowc)
c:/program files (x86)/gnu tools arm embedded/7 2017-q4-major/bin/../lib/gcc/arm-none-eabi/7.2.1/../../../../arm-none-eabi/lib/thumb/v6-m\libc_nano.a(lib_a-memcpy-stub.o)
                              build/main.o (memcpy)
c:/program files (x86)/gnu tools arm embedded/7 2017-q4-major/bin/../lib/gcc/arm-none-eabi/7.2.1/../../../../arm-none-eabi/lib/thumb/v6-m\libc_nano.a(lib_a-memset.o)
                              c:/program files (x86)/gnu tools arm embedded/7 2017-q4-major/bin/../lib/gcc/arm-none-eabi/7.2.1/../../../../arm-none-eabi/lib/thumb/v6-m/crt0.o (memset)
c:/program files (x86)/gnu tools arm embedded/7 2017-q4-major/bin/../lib/gcc/arm-none-eabi/7.2.1/../../../../arm-none-eabi/lib/thumb/v6-m\libc_nano.a(lib_a-nano-freer.o)
                              c:/program files (x86)/gnu tools arm embedded/7 2017-q4-major/bin/../lib/gcc/arm-none-eabi/7.2.1/../../../../arm-none-eabi/lib/thumb/v6-m\libc_nano.a(lib_a-malloc.o) (_free_r)
c:/program files (x86)/gnu tools arm embedded/7 2017-q4-major/bin/../lib/gcc/arm-none-eabi/7.2.1/../../../../arm-none-eabi/lib/thumb/v6-m\libc_nano.a(lib_a-nano-mallocr.o)
                              c:/program files (x86)/gnu tools arm embedded/7 2017-q4-major/bin/../lib/gcc/arm-none-eabi/7.2.1/../../../../arm-none-eabi/lib/thumb/v6-m\libc_nano.a(lib_a-malloc.o) (_malloc_r)
c:/program files (x86)/gnu tools arm embedded/7 2017-q4-major/bin/../lib/gcc/arm-none-eabi/7.2.1/../../../../arm-none-eabi/lib/thumb/v6-m\libc_nano.a(lib_a-sbrkr.o)
                              c:/program files (x86)/gnu tools arm embedded/7 2017-q4-major/bin/../lib/gcc/arm-none-eabi/7.2.1/../../../../arm-none-eabi/lib/thumb/v6-m\libc_nano.a(lib_a-nano-mallocr.o) (_sbrk_r)
c:/program files (x86)/gnu tools arm embedded/7 2017-q4-major/bin/../lib/gcc/arm-none-eabi/7.2.1/../../../../arm-none-eabi/lib/thumb/v6-m\libc_nano.a(lib_a-strcat.o)
                              build/main.o (strcat)
c:/program files (x86)/gnu tools arm embedded/7 2017-q4-major/bin/../lib/gcc/arm-none-eabi/7.2.1/../../../../arm-none-eabi/lib/thumb/v6-m\libc_nano.a(lib_a-strcmp.o)
                              build/main.o (strcmp)
c:/program files (x86)/gnu tools arm embedded/7 2017-q4-major/bin/../lib/gcc/arm-none-eabi/7.2.1/../../../../arm-none-eabi/lib/thumb/v6-m\libc_nano.a(lib_a-strdup.o)
                              build/main.o (strdup)
c:/program files (x86)/gnu tools arm embedded/7 2017-q4-major/bin/../lib/gcc/arm-none-eabi/7.2.1/../../../../arm-none-eabi/lib/thumb/v6-m\libc_nano.a(lib_a-strdup_r.o)
                              c:/program files (x86)/gnu tools arm embedded/7 2017-q4-major/bin/../lib/gcc/arm-none-eabi/7.2.1/../../../../arm-none-eabi/lib/thumb/v6-m\libc_nano.a(lib_a-strdup.o) (_strdup_r)
c:/program files (x86)/gnu tools arm embedded/7 2017-q4-major/bin/../lib/gcc/arm-none-eabi/7.2.1/../../../../arm-none-eabi/lib/thumb/v6-m\libc_nano.a(lib_a-strlen.o)
                              build/main.o (strlen)
[...]
Memory Configuration

Name             Origin             Length             Attributes
RAM              0x20000000         0x00000800         xrw
FLASH            0x08000000         0x00004000         xr
*default*        0x00000000         0xffffffff

Linker script and memory map

LOAD c:/program files (x86)/gnu tools arm embedded/7 2017-q4-major/bin/../lib/gcc/arm-none-eabi/7.2.1/thumb/v6-m/crti.o
LOAD c:/program files (x86)/gnu tools arm embedded/7 2017-q4-major/bin/../lib/gcc/arm-none-eabi/7.2.1/thumb/v6-m/crtbegin.o
LOAD c:/program files (x86)/gnu tools arm embedded/7 2017-q4-major/bin/../lib/gcc/arm-none-eabi/7.2.1/../../../../arm-none-eabi/lib/thumb/v6-m/crt0.o
LOAD build/main.o
LOAD build/stm32l0xx_it.o
LOAD build/stm32l0xx_hal_msp.o
LOAD build/stm32l0xx_nucleo_32.o
LOAD build/stm32l0xx_hal_i2c.o
LOAD build/stm32l0xx_hal_i2c_ex.o
LOAD build/stm32l0xx_hal_tim.o
LOAD build/stm32l0xx_hal_tim_ex.o
LOAD build/stm32l0xx_hal_uart.o
LOAD build/stm32l0xx_hal_uart_ex.o
LOAD build/stm32l0xx_hal.o
LOAD build/stm32l0xx_hal_rcc.o
LOAD build/stm32l0xx_hal_rcc_ex.o
LOAD build/stm32l0xx_hal_flash_ramfunc.o
LOAD build/stm32l0xx_hal_flash.o
LOAD build/stm32l0xx_hal_flash_ex.o
LOAD build/stm32l0xx_hal_gpio.o
LOAD build/stm32l0xx_hal_dma.o
LOAD build/stm32l0xx_hal_pwr.o
LOAD build/stm32l0xx_hal_pwr_ex.o
LOAD build/stm32l0xx_hal_cortex.o
LOAD build/system_stm32l0xx.o
LOAD build/startup_stm32l011xx.o
LOAD c:/program files (x86)/gnu tools arm embedded/7 2017-q4-major/bin/../lib/gcc/arm-none-eabi/7.2.1/../../../../arm-none-eabi/lib/thumb/v6-m\libc_nano.a
LOAD c:/program files (x86)/gnu tools arm embedded/7 2017-q4-major/bin/../lib/gcc/arm-none-eabi/7.2.1/../../../../arm-none-eabi/lib/thumb/v6-m\libm.a
LOAD c:/program files (x86)/gnu tools arm embedded/7 2017-q4-major/bin/../lib/gcc/arm-none-eabi/7.2.1/../../../../arm-none-eabi/lib/thumb/v6-m\libnosys.a
START GROUP
LOAD c:/program files (x86)/gnu tools arm embedded/7 2017-q4-major/bin/../lib/gcc/arm-none-eabi/7.2.1/thumb/v6-m\libgcc.a
LOAD c:/program files (x86)/gnu tools arm embedded/7 2017-q4-major/bin/../lib/gcc/arm-none-eabi/7.2.1/../../../../arm-none-eabi/lib/thumb/v6-m\libc_nano.a
END GROUP
START GROUP
LOAD c:/program files (x86)/gnu tools arm embedded/7 2017-q4-major/bin/../lib/gcc/arm-none-eabi/7.2.1/thumb/v6-m\libgcc.a
LOAD c:/program files (x86)/gnu tools arm embedded/7 2017-q4-major/bin/../lib/gcc/arm-none-eabi/7.2.1/../../../../arm-none-eabi/lib/thumb/v6-m\libc_nano.a
END GROUP
LOAD c:/program files (x86)/gnu tools arm embedded/7 2017-q4-major/bin/../lib/gcc/arm-none-eabi/7.2.1/thumb/v6-m/crtend.o
LOAD c:/program files (x86)/gnu tools arm embedded/7 2017-q4-major/bin/../lib/gcc/arm-none-eabi/7.2.1/thumb/v6-m/crtn.o
                0x20000800                _estack = 0x20000800
                0x00000100                _Min_Heap_Size = 0x100
                0x00000100                _Min_Stack_Size = 0x100

.isr_vector     0x08000000       0xc0
                0x08000000                . = ALIGN (0x4)
 *(.isr_vector)
 .isr_vector    0x08000000       0xc0 build/startup_stm32l011xx.o
                0x08000000                g_pfnVectors
                0x080000c0                . = ALIGN (0x4)

.text           0x080000c0     0x2758
                0x080000c0                . = ALIGN (0x4)
 *(.text)
 .text          0x080000c0       0x48 c:/program files (x86)/gnu tools arm embedded/7 2017-q4-major/bin/../lib/gcc/arm-none-eabi/7.2.1/thumb/v6-m/crtbegin.o
 .text          0x08000108       0x14 c:/program files (x86)/gnu tools arm embedded/7 2017-q4-major/bin/../lib/gcc/arm-none-eabi/7.2.1/../../../../arm-none-eabi/lib/thumb/v6-m\libc_nano.a(lib_a-strcmp.o)
                0x08000108                strcmp
 .text          0x0800011c        0xe c:/program files (x86)/gnu tools arm embedded/7 2017-q4-major/bin/../lib/gcc/arm-none-eabi/7.2.1/../../../../arm-none-eabi/lib/thumb/v6-m\libc_nano.a(lib_a-strlen.o)
                0x0800011c                strlen
 *fill*         0x0800012a        0x2 
 .text          0x0800012c      0x114 c:/program files (x86)/gnu tools arm embedded/7 2017-q4-major/bin/../lib/gcc/arm-none-eabi/7.2.1/thumb/v6-m\libgcc.a(_udivsi3.o)
                0x0800012c                __aeabi_uidiv
                0x0800012c                __udivsi3
                0x08000238                __aeabi_uidivmod
 .text          0x08000240        0x4 c:/program files (x86)/gnu tools arm embedded/7 2017-q4-major/bin/../lib/gcc/arm-none-eabi/7.2.1/thumb/v6-m\libgcc.a(_dvmd_tls.o)
                0x08000240                __aeabi_idiv0
                0x08000240                __aeabi_ldiv0
 .text          0x08000244       0x40 c:/program files (x86)/gnu tools arm embedded/7 2017-q4-major/bin/../lib/gcc/arm-none-eabi/7.2.1/thumb/v6-m\libgcc.a(_aeabi_uldivmod.o)
                0x08000244                __aeabi_uldivmod
 .text          0x08000284      0x184 c:/program files (x86)/gnu tools arm embedded/7 2017-q4-major/bin/../lib/gcc/arm-none-eabi/7.2.1/thumb/v6-m\libgcc.a(_udivmoddi4.o)
                0x08000284                __udivmoddi4
 .text          0x08000408       0x18 c:/program files (x86)/gnu tools arm embedded/7 2017-q4-major/bin/../lib/gcc/arm-none-eabi/7.2.1/thumb/v6-m\libgcc.a(_clzdi2.o)
                0x08000408                __clzdi2
 .text          0x08000420       0x3c c:/program files (x86)/gnu tools arm embedded/7 2017-q4-major/bin/../lib/gcc/arm-none-eabi/7.2.1/thumb/v6-m\libgcc.a(_clzsi2.o)
                0x08000420                __clzsi2
 *(.text*)
 .text.MX_GPIO_Init
                0x0800045c       0x6c build/main.o
 .text.MX_USART2_UART_Init
                0x080004c8       0x30 build/main.o
 .text.MX_I2C1_Init
                0x080004f8       0x4c build/main.o
 .text.isDevEui
                0x08000544       0x3e build/main.o
 *fill*         0x08000582        0x2 
 .text.SystemClock_Config
                0x08000584       0x88 build/main.o
                0x08000584                SystemClock_Config
 .text.main     0x0800060c       0xc8 build/main.o
                0x0800060c                main
 .text.NMI_Handler
                0x080006d4        0x2 build/stm32l0xx_it.o
                0x080006d4                NMI_Handler
 .text.HardFault_Handler
                0x080006d6        0x2 build/stm32l0xx_it.o
                0x080006d6                HardFault_Handler
 .text.SVC_Handler
                0x080006d8        0x2 build/stm32l0xx_it.o
                0x080006d8                SVC_Handler
 .text.PendSV_Handler
                0x080006da        0x2 build/stm32l0xx_it.o
                0x080006da                PendSV_Handler
 .text.SysTick_Handler
                0x080006dc        0x8 build/stm32l0xx_it.o
                0x080006dc                SysTick_Handler
 .text.I2C1_IRQHandler
                0x080006e4       0x24 build/stm32l0xx_it.o
                0x080006e4                I2C1_IRQHandler
 .text.USART2_IRQHandler
                0x08000708       0x10 build/stm32l0xx_it.o
                0x08000708                USART2_IRQHandler
 .text.HAL_MspInit
                0x08000718       0x1c build/stm32l0xx_hal_msp.o
                0x08000718                HAL_MspInit
 .text.HAL_I2C_MspInit
                0x08000734       0x84 build/stm32l0xx_hal_msp.o
                0x08000734                HAL_I2C_MspInit
 .text.HAL_UART_MspInit
                0x080007b8       0x68 build/stm32l0xx_hal_msp.o
                0x080007b8                HAL_UART_MspInit
 .text.BSP_LED_Init
                0x08000820       0x48 build/stm32l0xx_nucleo_32.o
                0x08000820                BSP_LED_Init
 .text.BSP_LED_On
                0x08000868       0x18 build/stm32l0xx_nucleo_32.o
                0x08000868                BSP_LED_On
 .text.BSP_LED_Off
                0x08000880       0x18 build/stm32l0xx_nucleo_32.o
                0x08000880                BSP_LED_Off
 .text.I2C_Flush_TXDR
                0x08000898       0x1e build/stm32l0xx_hal_i2c.o
 .text.I2C_Disable_IRQ
                0x080008b6       0x70 build/stm32l0xx_hal_i2c.o
 *fill*         0x08000926        0x2 
 .text.HAL_I2C_Init
                0x08000928       0xcc build/stm32l0xx_hal_i2c.o
                0x08000928                HAL_I2C_Init
 .text.HAL_I2C_EV_IRQHandler
                0x080009f4       0x12 build/stm32l0xx_hal_i2c.o
                0x080009f4                HAL_I2C_EV_IRQHandler
 .text.HAL_I2C_SlaveTxCpltCallback
                0x08000a06        0x2 build/stm32l0xx_hal_i2c.o
                0x08000a06                HAL_I2C_SlaveTxCpltCallback
 .text.HAL_I2C_SlaveRxCpltCallback
                0x08000a08        0x2 build/stm32l0xx_hal_i2c.o
                0x08000a08                HAL_I2C_SlaveRxCpltCallback
 .text.I2C_ITSlaveSeqCplt
                0x08000a0a       0x58 build/stm32l0xx_hal_i2c.o
 .text.HAL_I2C_AddrCallback
                0x08000a62        0x2 build/stm32l0xx_hal_i2c.o
                0x08000a62                HAL_I2C_AddrCallback
 .text.I2C_ITAddrCplt
                0x08000a64       0xa2 build/stm32l0xx_hal_i2c.o
 .text.HAL_I2C_ListenCpltCallback
                0x08000b06        0x2 build/stm32l0xx_hal_i2c.o
                0x08000b06                HAL_I2C_ListenCpltCallback
 .text.I2C_ITListenCplt
                0x08000b08       0x64 build/stm32l0xx_hal_i2c.o
 .text.HAL_I2C_ErrorCallback
                0x08000b6c        0x2 build/stm32l0xx_hal_i2c.o
                0x08000b6c                HAL_I2C_ErrorCallback
 .text.HAL_I2C_AbortCpltCallback
                0x08000b6e        0x2 build/stm32l0xx_hal_i2c.o
                0x08000b6e                HAL_I2C_AbortCpltCallback
 .text.I2C_ITError
                0x08000b70       0xf8 build/stm32l0xx_hal_i2c.o
 .text.I2C_ITSlaveCplt
                0x08000c68      0x118 build/stm32l0xx_hal_i2c.o
 .text.I2C_Slave_ISR_IT
                0x08000d80      0x154 build/stm32l0xx_hal_i2c.o
 .text.HAL_I2C_ER_IRQHandler
                0x08000ed4       0x5e build/stm32l0xx_hal_i2c.o
                0x08000ed4                HAL_I2C_ER_IRQHandler
 .text.I2C_DMAAbort
                0x08000f32       0x28 build/stm32l0xx_hal_i2c.o
 *fill*         0x08000f5a        0x2 
 .text.HAL_I2CEx_ConfigAnalogFilter
                0x08000f5c       0x58 build/stm32l0xx_hal_i2c_ex.o
                0x08000f5c                HAL_I2CEx_ConfigAnalogFilter
 .text.HAL_I2CEx_ConfigDigitalFilter
                0x08000fb4       0x54 build/stm32l0xx_hal_i2c_ex.o
                0x08000fb4                HAL_I2CEx_ConfigDigitalFilter
 .text.HAL_I2CEx_EnableFastModePlus
                0x08001008       0x1c build/stm32l0xx_hal_i2c_ex.o
                0x08001008                HAL_I2CEx_EnableFastModePlus
 .text.UART_EndRxTransfer
                0x08001024       0x24 build/stm32l0xx_hal_uart.o
 .text.UART_TxISR_8BIT
                0x08001048       0x42 build/stm32l0xx_hal_uart.o
 .text.UART_TxISR_16BIT
                0x0800108a       0x46 build/stm32l0xx_hal_uart.o
 .text.HAL_UART_Transmit_IT
                0x080010d0       0x90 build/stm32l0xx_hal_uart.o
                0x080010d0                HAL_UART_Transmit_IT
 .text.HAL_UART_Receive_IT
                0x08001160      0x100 build/stm32l0xx_hal_uart.o
                0x08001160                HAL_UART_Receive_IT
 .text.HAL_UART_TxCpltCallback
                0x08001260        0x2 build/stm32l0xx_hal_uart.o
                0x08001260                HAL_UART_TxCpltCallback
 .text.UART_EndTransmit_IT
                0x08001262       0x1a build/stm32l0xx_hal_uart.o
 .text.HAL_UART_RxCpltCallback
                0x0800127c        0x2 build/stm32l0xx_hal_uart.o
                0x0800127c                HAL_UART_RxCpltCallback
 *fill*         0x0800127e        0x2 
 .text.UART_RxISR_8BIT
                0x08001280       0x64 build/stm32l0xx_hal_uart.o
 .text.UART_RxISR_16BIT
                0x080012e4       0x64 build/stm32l0xx_hal_uart.o
 .text.HAL_UART_ErrorCallback
                0x08001348        0x2 build/stm32l0xx_hal_uart.o
                0x08001348                HAL_UART_ErrorCallback
 *fill*         0x0800134a        0x2 
 .text.HAL_UART_IRQHandler
                0x0800134c      0x144 build/stm32l0xx_hal_uart.o
                0x0800134c                HAL_UART_IRQHandler
 .text.UART_DMAAbortOnError
                0x08001490       0x14 build/stm32l0xx_hal_uart.o
 .text.UART_SetConfig
                0x080014a4      0x330 build/stm32l0xx_hal_uart.o
                0x080014a4                UART_SetConfig
 .text.UART_AdvFeatureConfig
                0x080017d4       0xe0 build/stm32l0xx_hal_uart.o
                0x080017d4                UART_AdvFeatureConfig
 .text.UART_WaitOnFlagUntilTimeout
                0x080018b4       0x68 build/stm32l0xx_hal_uart.o
                0x080018b4                UART_WaitOnFlagUntilTimeout
 .text.UART_CheckIdleState
                0x0800191c       0x6c build/stm32l0xx_hal_uart.o
                0x0800191c                UART_CheckIdleState
 .text.HAL_UART_Init
                0x08001988       0x6c build/stm32l0xx_hal_uart.o
                0x08001988                HAL_UART_Init
 .text.HAL_UARTEx_WakeupCallback
                0x080019f4        0x2 build/stm32l0xx_hal_uart_ex.o
                0x080019f4                HAL_UARTEx_WakeupCallback
 *fill*         0x080019f6        0x2 
 .text.HAL_InitTick
                0x080019f8       0x30 build/stm32l0xx_hal.o
                0x080019f8                HAL_InitTick
 .text.HAL_Init
                0x08001a28       0x28 build/stm32l0xx_hal.o
                0x08001a28                HAL_Init
 .text.HAL_IncTick
                0x08001a50       0x10 build/stm32l0xx_hal.o
                0x08001a50                HAL_IncTick
 .text.HAL_GetTick
                0x08001a60        0xc build/stm32l0xx_hal.o
                0x08001a60                HAL_GetTick
 .text.HAL_RCC_GetSysClockFreq
                0x08001a6c       0xb0 build/stm32l0xx_hal_rcc.o
                0x08001a6c                HAL_RCC_GetSysClockFreq
 .text.HAL_RCC_OscConfig
                0x08001b1c      0x514 build/stm32l0xx_hal_rcc.o
                0x08001b1c                HAL_RCC_OscConfig
 .text.HAL_RCC_ClockConfig
                0x08002030      0x1a8 build/stm32l0xx_hal_rcc.o
                0x08002030                HAL_RCC_ClockConfig
 .text.HAL_RCC_GetHCLKFreq
                0x080021d8        0xc build/stm32l0xx_hal_rcc.o
                0x080021d8                HAL_RCC_GetHCLKFreq
 .text.HAL_RCC_GetPCLK1Freq
                0x080021e4       0x20 build/stm32l0xx_hal_rcc.o
                0x080021e4                HAL_RCC_GetPCLK1Freq
 .text.HAL_RCC_GetPCLK2Freq
                0x08002204       0x20 build/stm32l0xx_hal_rcc.o
                0x08002204                HAL_RCC_GetPCLK2Freq
 .text.HAL_RCCEx_PeriphCLKConfig
                0x08002224      0x1a0 build/stm32l0xx_hal_rcc_ex.o
                0x08002224                HAL_RCCEx_PeriphCLKConfig
 .text.HAL_GPIO_Init
                0x080023c4      0x174 build/stm32l0xx_hal_gpio.o
                0x080023c4                HAL_GPIO_Init
 .text.HAL_GPIO_WritePin
                0x08002538        0xc build/stm32l0xx_hal_gpio.o
                0x08002538                HAL_GPIO_WritePin
 .text.HAL_DMA_Abort_IT
                0x08002544       0x4e build/stm32l0xx_hal_dma.o
                0x08002544                HAL_DMA_Abort_IT
 *fill*         0x08002592        0x2 
 .text.HAL_NVIC_SetPriority
                0x08002594       0x60 build/stm32l0xx_hal_cortex.o
                0x08002594                HAL_NVIC_SetPriority
 .text.HAL_NVIC_EnableIRQ
                0x080025f4       0x14 build/stm32l0xx_hal_cortex.o
                0x080025f4                HAL_NVIC_EnableIRQ
 .text.HAL_SYSTICK_Config
                0x08002608       0x38 build/stm32l0xx_hal_cortex.o
                0x08002608                HAL_SYSTICK_Config
 .text.SystemInit
                0x08002640       0x5c build/system_stm32l0xx.o
                0x08002640                SystemInit
 .text.Reset_Handler
                0x0800269c       0x80 build/startup_stm32l011xx.o
                0x0800269c                Reset_Handler
 .text.Default_Handler
                0x0800271c        0x2 build/startup_stm32l011xx.o
                0x0800271c                ADC1_COMP_IRQHandler
                0x0800271c                PVD_IRQHandler
                0x0800271c                SPI1_IRQHandler
                0x0800271c                EXTI2_3_IRQHandler
                0x0800271c                RTC_IRQHandler
                0x0800271c                EXTI4_15_IRQHandler
                0x0800271c                RCC_IRQHandler
                0x0800271c                DMA1_Channel1_IRQHandler
                0x0800271c                Default_Handler
                0x0800271c                DMA1_Channel4_5_IRQHandler
                0x0800271c                EXTI0_1_IRQHandler
                0x0800271c                TIM21_IRQHandler
                0x0800271c                WWDG_IRQHandler
                0x0800271c                LPUART1_IRQHandler
                0x0800271c                TIM2_IRQHandler
                0x0800271c                DMA1_Channel2_3_IRQHandler
                0x0800271c                FLASH_IRQHandler
                0x0800271c                LPTIM1_IRQHandler
 *fill*         0x0800271e        0x2 
 .text.__libc_init_array
                0x08002720       0x48 c:/program files (x86)/gnu tools arm embedded/7 2017-q4-major/bin/../lib/gcc/arm-none-eabi/7.2.1/../../../../arm-none-eabi/lib/thumb/v6-m\libc_nano.a(lib_a-init.o)
                0x08002720                __libc_init_array
 .text.__locale_ctype_ptr
                0x08002768       0x1c c:/program files (x86)/gnu tools arm embedded/7 2017-q4-major/bin/../lib/gcc/arm-none-eabi/7.2.1/../../../../arm-none-eabi/lib/thumb/v6-m\libc_nano.a(lib_a-locale.o)
                0x08002768                __locale_ctype_ptr
 .text.__ascii_mbtowc
                0x08002784       0x24 c:/program files (x86)/gnu tools arm embedded/7 2017-q4-major/bin/../lib/gcc/arm-none-eabi/7.2.1/../../../../arm-none-eabi/lib/thumb/v6-m\libc_nano.a(lib_a-mbtowc_r.o)
                0x08002784                __ascii_mbtowc
 .text.memcpy   0x080027a8       0x12 c:/program files (x86)/gnu tools arm embedded/7 2017-q4-major/bin/../lib/gcc/arm-none-eabi/7.2.1/../../../../arm-none-eabi/lib/thumb/v6-m\libc_nano.a(lib_a-memcpy-stub.o)
                0x080027a8                memcpy
 .text.memset   0x080027ba       0x10 c:/program files (x86)/gnu tools arm embedded/7 2017-q4-major/bin/../lib/gcc/arm-none-eabi/7.2.1/../../../../arm-none-eabi/lib/thumb/v6-m\libc_nano.a(lib_a-memset.o)
                0x080027ba                memset
 .text.strcat   0x080027ca       0x1c c:/program files (x86)/gnu tools arm embedded/7 2017-q4-major/bin/../lib/gcc/arm-none-eabi/7.2.1/../../../../arm-none-eabi/lib/thumb/v6-m\libc_nano.a(lib_a-strcat.o)
                0x080027ca                strcat
 .text.__ascii_wctomb
                0x080027e6       0x18 c:/program files (x86)/gnu tools arm embedded/7 2017-q4-major/bin/../lib/gcc/arm-none-eabi/7.2.1/../../../../arm-none-eabi/lib/thumb/v6-m\libc_nano.a(lib_a-wctomb_r.o)
                0x080027e6                __ascii_wctomb
 *(.glue_7)
 .glue_7        0x080027fe        0x0 linker stubs
 *(.glue_7t)
 .glue_7t       0x080027fe        0x0 linker stubs
 *(.eh_frame)
 *fill*         0x080027fe        0x2 
 .eh_frame      0x08002800        0x0 c:/program files (x86)/gnu tools arm embedded/7 2017-q4-major/bin/../lib/gcc/arm-none-eabi/7.2.1/thumb/v6-m/crtbegin.o
 *(.init)
 .init          0x08002800        0x4 c:/program files (x86)/gnu tools arm embedded/7 2017-q4-major/bin/../lib/gcc/arm-none-eabi/7.2.1/thumb/v6-m/crti.o
                0x08002800                _init
 .init          0x08002804        0x8 c:/program files (x86)/gnu tools arm embedded/7 2017-q4-major/bin/../lib/gcc/arm-none-eabi/7.2.1/thumb/v6-m/crtn.o
 *(.fini)
 .fini          0x0800280c        0x4 c:/program files (x86)/gnu tools arm embedded/7 2017-q4-major/bin/../lib/gcc/arm-none-eabi/7.2.1/thumb/v6-m/crti.o
                0x0800280c                _fini
 .fini          0x08002810        0x8 c:/program files (x86)/gnu tools arm embedded/7 2017-q4-major/bin/../lib/gcc/arm-none-eabi/7.2.1/thumb/v6-m/crtn.o
                0x08002818                . = ALIGN (0x4)
                0x08002818                _etext = .

.vfp11_veneer   0x08002818        0x0
 .vfp11_veneer  0x08002818        0x0 linker stubs

.v4_bx          0x08002818        0x0
 .v4_bx         0x08002818        0x0 linker stubs

.iplt           0x08002818        0x0
 .iplt          0x08002818        0x0 c:/program files (x86)/gnu tools arm embedded/7 2017-q4-major/bin/../lib/gcc/arm-none-eabi/7.2.1/thumb/v6-m/crtbegin.o

.rodata         0x08002818      0x18c
                0x08002818                . = ALIGN (0x4)
 *(.rodata)
 *(.rodata*)
 .rodata.main.str1.4
                0x08002818       0x18 build/main.o
                                 0x17 (size before relaxing)
 .rodata.UART_SetConfig
                0x08002830       0x48 build/stm32l0xx_hal_uart.o
 .rodata.AHBPrescTable
                0x08002878       0x10 build/system_stm32l0xx.o
                0x08002878                AHBPrescTable
 .rodata.APBPrescTable
                0x08002888        0x8 build/system_stm32l0xx.o
                0x08002888                APBPrescTable
 .rodata.PLLMulTable
                0x08002890        0x9 build/system_stm32l0xx.o
                0x08002890                PLLMulTable
 .rodata._setlocale_r.str1.1
                0x08002899        0x8 c:/program files (x86)/gnu tools arm embedded/7 2017-q4-major/bin/../lib/gcc/arm-none-eabi/7.2.1/../../../../arm-none-eabi/lib/thumb/v6-m\libc_nano.a(lib_a-locale.o)
                                  0x9 (size before relaxing)
 .rodata.str1.1
                0x080028a1        0x2 c:/program files (x86)/gnu tools arm embedded/7 2017-q4-major/bin/../lib/gcc/arm-none-eabi/7.2.1/../../../../arm-none-eabi/lib/thumb/v6-m\libc_nano.a(lib_a-locale.o)
 .rodata._ctype_
                0x080028a3      0x101 c:/program files (x86)/gnu tools arm embedded/7 2017-q4-major/bin/../lib/gcc/arm-none-eabi/7.2.1/../../../../arm-none-eabi/lib/thumb/v6-m\libc_nano.a(lib_a-ctype_.o)
                0x080028a3                _ctype_
                0x080029a4                . = ALIGN (0x4)

.ARM.extab
 *(.ARM.extab* .gnu.linkonce.armextab.*)

.ARM            0x080029a4        0x8
                0x080029a4                __exidx_start = .
 *(.ARM.exidx*)
 .ARM.exidx     0x080029a4        0x8 c:/program files (x86)/gnu tools arm embedded/7 2017-q4-major/bin/../lib/gcc/arm-none-eabi/7.2.1/thumb/v6-m\libgcc.a(_udivmoddi4.o)
                0x080029ac                __exidx_end = .

.rel.dyn        0x080029ac        0x0
 .rel.iplt      0x080029ac        0x0 c:/program files (x86)/gnu tools arm embedded/7 2017-q4-major/bin/../lib/gcc/arm-none-eabi/7.2.1/thumb/v6-m/crtbegin.o

.preinit_array  0x080029ac        0x0
                0x080029ac                PROVIDE (__preinit_array_start, .)
 *(.preinit_array*)
                0x080029ac                PROVIDE (__preinit_array_end, .)

.init_array     0x080029ac        0x4
                0x080029ac                PROVIDE (__init_array_start, .)
 *(SORT_BY_NAME(.init_array.*))
 *(.init_array*)
 .init_array    0x080029ac        0x4 c:/program files (x86)/gnu tools arm embedded/7 2017-q4-major/bin/../lib/gcc/arm-none-eabi/7.2.1/thumb/v6-m/crtbegin.o
                0x080029b0                PROVIDE (__init_array_end, .)

.fini_array     0x080029b0        0x4
                [!provide]                PROVIDE (__fini_array_start, .)
 *(SORT_BY_NAME(.fini_array.*))
 *(.fini_array*)
 .fini_array    0x080029b0        0x4 c:/program files (x86)/gnu tools arm embedded/7 2017-q4-major/bin/../lib/gcc/arm-none-eabi/7.2.1/thumb/v6-m/crtbegin.o
                [!provide]                PROVIDE (__fini_array_end, .)
                0x080029b4                _sidata = LOADADDR (.data)

.data           0x20000000      0x1d8 load address 0x080029b4
                0x20000000                . = ALIGN (0x4)
                0x20000000                _sdata = .
 *(.data)
 *(.data*)
 .data.LED_PORT
                0x20000000        0x4 build/stm32l0xx_nucleo_32.o
                0x20000000                LED_PORT
 .data.SystemCoreClock
                0x20000004        0x4 build/system_stm32l0xx.o
                0x20000004                SystemCoreClock
 .data._impure_ptr
                0x20000008        0x4 c:/program files (x86)/gnu tools arm embedded/7 2017-q4-major/bin/../lib/gcc/arm-none-eabi/7.2.1/../../../../arm-none-eabi/lib/thumb/v6-m\libc_nano.a(lib_a-impure.o)
                0x20000008                _impure_ptr
 .data.impure_data
                0x2000000c       0x60 c:/program files (x86)/gnu tools arm embedded/7 2017-q4-major/bin/../lib/gcc/arm-none-eabi/7.2.1/../../../../arm-none-eabi/lib/thumb/v6-m\libc_nano.a(lib_a-impure.o)
 .data.__global_locale
                0x2000006c      0x16c c:/program files (x86)/gnu tools arm embedded/7 2017-q4-major/bin/../lib/gcc/arm-none-eabi/7.2.1/../../../../arm-none-eabi/lib/thumb/v6-m\libc_nano.a(lib_a-locale.o)
                0x2000006c                __global_locale
                0x200001d8                . = ALIGN (0x4)
                0x200001d8                _edata = .

.igot.plt       0x200001d8        0x0 load address 0x08002b8c
 .igot.plt      0x200001d8        0x0 c:/program files (x86)/gnu tools arm embedded/7 2017-q4-major/bin/../lib/gcc/arm-none-eabi/7.2.1/thumb/v6-m/crtbegin.o
                0x200001d8                . = ALIGN (0x4)

.bss            0x200001d8      0x1b4 load address 0x08002b8c
                0x200001d8                _sbss = .
                0x200001d8                __bss_start__ = _sbss
 *(.bss)
 .bss           0x200001d8       0x1c c:/program files (x86)/gnu tools arm embedded/7 2017-q4-major/bin/../lib/gcc/arm-none-eabi/7.2.1/thumb/v6-m/crtbegin.o
 *(.bss*)
 .bss.txBuff    0x200001f4       0xc8 build/main.o
                0x200001f4                txBuff
 *(COMMON)
 COMMON         0x200002bc       0xcc build/main.o
                0x200002bc                hi2c1
                0x20000308                huart2
 COMMON         0x20000388        0x4 build/stm32l0xx_hal.o
                0x20000388                uwTick
                0x2000038c                . = ALIGN (0x4)
                0x2000038c                _ebss = .
                0x2000038c                __bss_end__ = _ebss

._user_heap_stack
                0x2000038c      0x204 load address 0x08002b8c
                0x20000390                . = ALIGN (0x8)
 *fill*         0x2000038c        0x4 
                0x20000390                PROVIDE (end, .)
                [!provide]                PROVIDE (_end, .)
                0x20000490                . = (. + _Min_Heap_Size)
 *fill*         0x20000390      0x100 
                0x20000590                . = (. + _Min_Stack_Size)
 *fill*         0x20000490      0x100 
                0x20000590                . = ALIGN (0x8)

/DISCARD/
 libc.a(*)
 libm.a(*)
 libgcc.a(*)

.ARM.attributes
                0x00000000       0x28
 *(.ARM.attributes)
 .ARM.attributes
                0x00000000       0x1e c:/program files (x86)/gnu tools arm embedded/7 2017-q4-major/bin/../lib/gcc/arm-none-eabi/7.2.1/thumb/v6-m/crti.o
 .ARM.attributes
                0x0000001e       0x2c c:/program files (x86)/gnu tools arm embedded/7 2017-q4-major/bin/../lib/gcc/arm-none-eabi/7.2.1/thumb/v6-m/crtbegin.o
 .ARM.attributes
                0x0000004a       0x32 build/main.o
 .ARM.attributes
                0x0000007c       0x32 build/stm32l0xx_it.o
 .ARM.attributes
                0x000000ae       0x32 build/stm32l0xx_hal_msp.o
 .ARM.attributes
                0x000000e0       0x32 build/stm32l0xx_nucleo_32.o
 .ARM.attributes
                0x00000112       0x32 build/stm32l0xx_hal_i2c.o
 .ARM.attributes
                0x00000144       0x32 build/stm32l0xx_hal_i2c_ex.o
 .ARM.attributes
                0x00000176       0x32 build/stm32l0xx_hal_uart.o
 .ARM.attributes
                0x000001a8       0x32 build/stm32l0xx_hal_uart_ex.o
 .ARM.attributes
                0x000001da       0x32 build/stm32l0xx_hal.o
 .ARM.attributes
                0x0000020c       0x32 build/stm32l0xx_hal_rcc.o
 .ARM.attributes
                0x0000023e       0x32 build/stm32l0xx_hal_rcc_ex.o
 .ARM.attributes
                0x00000270       0x32 build/stm32l0xx_hal_gpio.o
 .ARM.attributes
                0x000002a2       0x32 build/stm32l0xx_hal_dma.o
 .ARM.attributes
                0x000002d4       0x32 build/stm32l0xx_hal_cortex.o
 .ARM.attributes
                0x00000306       0x32 build/system_stm32l0xx.o
 .ARM.attributes
                0x00000338       0x22 build/startup_stm32l011xx.o
 .ARM.attributes
                0x0000035a       0x2c c:/program files (x86)/gnu tools arm embedded/7 2017-q4-major/bin/../lib/gcc/arm-none-eabi/7.2.1/../../../../arm-none-eabi/lib/thumb/v6-m\libc_nano.a(lib_a-impure.o)
 .ARM.attributes
                0x00000386       0x2c c:/program files (x86)/gnu tools arm embedded/7 2017-q4-major/bin/../lib/gcc/arm-none-eabi/7.2.1/../../../../arm-none-eabi/lib/thumb/v6-m\libc_nano.a(lib_a-init.o)
 .ARM.attributes
                0x000003b2       0x2c c:/program files (x86)/gnu tools arm embedded/7 2017-q4-major/bin/../lib/gcc/arm-none-eabi/7.2.1/../../../../arm-none-eabi/lib/thumb/v6-m\libc_nano.a(lib_a-locale.o)
 .ARM.attributes
                0x000003de       0x2c c:/program files (x86)/gnu tools arm embedded/7 2017-q4-major/bin/../lib/gcc/arm-none-eabi/7.2.1/../../../../arm-none-eabi/lib/thumb/v6-m\libc_nano.a(lib_a-mbtowc_r.o)
 .ARM.attributes
                0x0000040a       0x2c c:/program files (x86)/gnu tools arm embedded/7 2017-q4-major/bin/../lib/gcc/arm-none-eabi/7.2.1/../../../../arm-none-eabi/lib/thumb/v6-m\libc_nano.a(lib_a-memcpy-stub.o)
 .ARM.attributes
                0x00000436       0x2c c:/program files (x86)/gnu tools arm embedded/7 2017-q4-major/bin/../lib/gcc/arm-none-eabi/7.2.1/../../../../arm-none-eabi/lib/thumb/v6-m\libc_nano.a(lib_a-memset.o)
 .ARM.attributes
                0x00000462       0x2c c:/program files (x86)/gnu tools arm embedded/7 2017-q4-major/bin/../lib/gcc/arm-none-eabi/7.2.1/../../../../arm-none-eabi/lib/thumb/v6-m\libc_nano.a(lib_a-strcat.o)
 .ARM.attributes
                0x0000048e       0x1c c:/program files (x86)/gnu tools arm embedded/7 2017-q4-major/bin/../lib/gcc/arm-none-eabi/7.2.1/../../../../arm-none-eabi/lib/thumb/v6-m\libc_nano.a(lib_a-strcmp.o)
 .ARM.attributes
                0x000004aa       0x1c c:/program files (x86)/gnu tools arm embedded/7 2017-q4-major/bin/../lib/gcc/arm-none-eabi/7.2.1/../../../../arm-none-eabi/lib/thumb/v6-m\libc_nano.a(lib_a-strlen.o)
 .ARM.attributes
                0x000004c6       0x2c c:/program files (x86)/gnu tools arm embedded/7 2017-q4-major/bin/../lib/gcc/arm-none-eabi/7.2.1/../../../../arm-none-eabi/lib/thumb/v6-m\libc_nano.a(lib_a-wctomb_r.o)
 .ARM.attributes
                0x000004f2       0x2c c:/program files (x86)/gnu tools arm embedded/7 2017-q4-major/bin/../lib/gcc/arm-none-eabi/7.2.1/../../../../arm-none-eabi/lib/thumb/v6-m\libc_nano.a(lib_a-ctype_.o)
 .ARM.attributes
                0x0000051e       0x1e c:/program files (x86)/gnu tools arm embedded/7 2017-q4-major/bin/../lib/gcc/arm-none-eabi/7.2.1/thumb/v6-m\libgcc.a(_udivsi3.o)
 .ARM.attributes
                0x0000053c       0x1e c:/program files (x86)/gnu tools arm embedded/7 2017-q4-major/bin/../lib/gcc/arm-none-eabi/7.2.1/thumb/v6-m\libgcc.a(_dvmd_tls.o)
 .ARM.attributes
                0x0000055a       0x1e c:/program files (x86)/gnu tools arm embedded/7 2017-q4-major/bin/../lib/gcc/arm-none-eabi/7.2.1/thumb/v6-m\libgcc.a(_aeabi_uldivmod.o)
 .ARM.attributes
                0x00000578       0x2c c:/program files (x86)/gnu tools arm embedded/7 2017-q4-major/bin/../lib/gcc/arm-none-eabi/7.2.1/thumb/v6-m\libgcc.a(_udivmoddi4.o)
 .ARM.attributes
                0x000005a4       0x1e c:/program files (x86)/gnu tools arm embedded/7 2017-q4-major/bin/../lib/gcc/arm-none-eabi/7.2.1/thumb/v6-m\libgcc.a(_clzdi2.o)
 .ARM.attributes
                0x000005c2       0x1e c:/program files (x86)/gnu tools arm embedded/7 2017-q4-major/bin/../lib/gcc/arm-none-eabi/7.2.1/thumb/v6-m\libgcc.a(_clzsi2.o)
 .ARM.attributes
                0x000005e0       0x1e c:/program files (x86)/gnu tools arm embedded/7 2017-q4-major/bin/../lib/gcc/arm-none-eabi/7.2.1/thumb/v6-m/crtn.o
OUTPUT(build/I2C-TEST.elf elf32-littlearm)

.debug_info     0x00000000     0xec0c
 .debug_info    0x00000000     0x1f09 build/main.o
 .debug_info    0x00001f09      0xaee build/stm32l0xx_it.o
 .debug_info    0x000029f7      0xf8a build/stm32l0xx_hal_msp.o
 .debug_info    0x00003981     0x1027 build/stm32l0xx_nucleo_32.o
 .debug_info    0x000049a8     0x3ac7 build/stm32l0xx_hal_i2c.o
 .debug_info    0x0000846f      0x9c3 build/stm32l0xx_hal_i2c_ex.o
 .debug_info    0x00008e32     0x1d03 build/stm32l0xx_hal_uart.o
 .debug_info    0x0000ab35      0xa5b build/stm32l0xx_hal_uart_ex.o
 .debug_info    0x0000b590      0x8c3 build/stm32l0xx_hal.o
 .debug_info    0x0000be53      0xbb3 build/stm32l0xx_hal_rcc.o
 .debug_info    0x0000ca06      0x5e7 build/stm32l0xx_hal_rcc_ex.o
 .debug_info    0x0000cfed      0x757 build/stm32l0xx_hal_gpio.o
 .debug_info    0x0000d744      0x898 build/stm32l0xx_hal_dma.o
 .debug_info    0x0000dfdc      0x82a build/stm32l0xx_hal_cortex.o
 .debug_info    0x0000e806      0x3e4 build/system_stm32l0xx.o
 .debug_info    0x0000ebea       0x22 build/startup_stm32l011xx.o

.debug_abbrev   0x00000000     0x20e5
 .debug_abbrev  0x00000000      0x361 build/main.o
 .debug_abbrev  0x00000361      0x181 build/stm32l0xx_it.o
 .debug_abbrev  0x000004e2      0x1f3 build/stm32l0xx_hal_msp.o
 .debug_abbrev  0x000006d5      0x28d build/stm32l0xx_nucleo_32.o
 .debug_abbrev  0x00000962      0x2ba build/stm32l0xx_hal_i2c.o
 .debug_abbrev  0x00000c1c      0x1be build/stm32l0xx_hal_i2c_ex.o
 .debug_abbrev  0x00000dda      0x291 build/stm32l0xx_hal_uart.o
 .debug_abbrev  0x0000106b      0x235 build/stm32l0xx_hal_uart_ex.o
 .debug_abbrev  0x000012a0      0x250 build/stm32l0xx_hal.o
 .debug_abbrev  0x000014f0      0x27f build/stm32l0xx_hal_rcc.o
 .debug_abbrev  0x0000176f      0x1fd build/stm32l0xx_hal_rcc_ex.o
 .debug_abbrev  0x0000196c      0x204 build/stm32l0xx_hal_gpio.o
 .debug_abbrev  0x00001b70      0x217 build/stm32l0xx_hal_dma.o
 .debug_abbrev  0x00001d87      0x23c build/stm32l0xx_hal_cortex.o
 .debug_abbrev  0x00001fc3      0x110 build/system_stm32l0xx.o
 .debug_abbrev  0x000020d3       0x12 build/startup_stm32l011xx.o

.debug_loc      0x00000000     0x9bb9
 .debug_loc     0x00000000      0x2ef build/main.o
 .debug_loc     0x000002ef       0x60 build/stm32l0xx_it.o
 .debug_loc     0x0000034f      0x188 build/stm32l0xx_hal_msp.o
 .debug_loc     0x000004d7      0x58b build/stm32l0xx_nucleo_32.o
 .debug_loc     0x00000a62     0x4978 build/stm32l0xx_hal_i2c.o
 .debug_loc     0x000053da      0x2a1 build/stm32l0xx_hal_i2c_ex.o
 .debug_loc     0x0000567b     0x203c build/stm32l0xx_hal_uart.o
 .debug_loc     0x000076b7      0x458 build/stm32l0xx_hal_uart_ex.o
 .debug_loc     0x00007b0f      0x1ac build/stm32l0xx_hal.o
 .debug_loc     0x00007cbb      0x69a build/stm32l0xx_hal_rcc.o
 .debug_loc     0x00008355      0x674 build/stm32l0xx_hal_rcc_ex.o
 .debug_loc     0x000089c9      0x369 build/stm32l0xx_hal_gpio.o
 .debug_loc     0x00008d32      0x8f2 build/stm32l0xx_hal_dma.o
 .debug_loc     0x00009624      0x3d3 build/stm32l0xx_hal_cortex.o
 .debug_loc     0x000099f7      0x1c2 build/system_stm32l0xx.o

.debug_aranges  0x00000000      0x9e8
 .debug_aranges
                0x00000000       0x58 build/main.o
 .debug_aranges
                0x00000058       0x50 build/stm32l0xx_it.o
 .debug_aranges
                0x000000a8       0x40 build/stm32l0xx_hal_msp.o
 .debug_aranges
                0x000000e8       0x80 build/stm32l0xx_nucleo_32.o
 .debug_aranges
                0x00000168      0x288 build/stm32l0xx_hal_i2c.o
 .debug_aranges
                0x000003f0       0x48 build/stm32l0xx_hal_i2c_ex.o
 .debug_aranges
                0x00000438      0x1f8 build/stm32l0xx_hal_uart.o
 .debug_aranges
                0x00000630       0x60 build/stm32l0xx_hal_uart_ex.o
 .debug_aranges
                0x00000690       0xf8 build/stm32l0xx_hal.o
 .debug_aranges
                0x00000788       0x68 build/stm32l0xx_hal_rcc.o
 .debug_aranges
                0x000007f0       0x58 build/stm32l0xx_hal_rcc_ex.o
 .debug_aranges
                0x00000848       0x58 build/stm32l0xx_hal_gpio.o
 .debug_aranges
                0x000008a0       0x80 build/stm32l0xx_hal_dma.o
 .debug_aranges
                0x00000920       0x78 build/stm32l0xx_hal_cortex.o
 .debug_aranges
                0x00000998       0x28 build/system_stm32l0xx.o
 .debug_aranges
                0x000009c0       0x28 build/startup_stm32l011xx.o

.debug_ranges   0x00000000      0x998
 .debug_ranges  0x00000000       0x60 build/main.o
 .debug_ranges  0x00000060       0x40 build/stm32l0xx_it.o
 .debug_ranges  0x000000a0       0x30 build/stm32l0xx_hal_msp.o
 .debug_ranges  0x000000d0       0x70 build/stm32l0xx_nucleo_32.o
 .debug_ranges  0x00000140      0x278 build/stm32l0xx_hal_i2c.o
 .debug_ranges  0x000003b8       0x38 build/stm32l0xx_hal_i2c_ex.o
 .debug_ranges  0x000003f0      0x1e8 build/stm32l0xx_hal_uart.o
 .debug_ranges  0x000005d8       0x50 build/stm32l0xx_hal_uart_ex.o
 .debug_ranges  0x00000628       0xe8 build/stm32l0xx_hal.o
 .debug_ranges  0x00000710       0x88 build/stm32l0xx_hal_rcc.o
 .debug_ranges  0x00000798       0x60 build/stm32l0xx_hal_rcc_ex.o
 .debug_ranges  0x000007f8       0x48 build/stm32l0xx_hal_gpio.o
 .debug_ranges  0x00000840       0x70 build/stm32l0xx_hal_dma.o
 .debug_ranges  0x000008b0       0xb0 build/stm32l0xx_hal_cortex.o
 .debug_ranges  0x00000960       0x18 build/system_stm32l0xx.o
 .debug_ranges  0x00000978       0x20 build/startup_stm32l011xx.o

.debug_line     0x00000000     0x5131
 .debug_line    0x00000000      0x4ac build/main.o
 .debug_line    0x000004ac      0x267 build/stm32l0xx_it.o
 .debug_line    0x00000713      0x2be build/stm32l0xx_hal_msp.o
 .debug_line    0x000009d1      0x357 build/stm32l0xx_nucleo_32.o
 .debug_line    0x00000d28     0x160d build/stm32l0xx_hal_i2c.o
 .debug_line    0x00002335      0x335 build/stm32l0xx_hal_i2c_ex.o
 .debug_line    0x0000266a      0xd8f build/stm32l0xx_hal_uart.o
 .debug_line    0x000033f9      0x37a build/stm32l0xx_hal_uart_ex.o
 .debug_line    0x00003773      0x417 build/stm32l0xx_hal.o
 .debug_line    0x00003b8a      0x4ce build/stm32l0xx_hal_rcc.o
 .debug_line    0x00004058      0x3ab build/stm32l0xx_hal_rcc_ex.o
 .debug_line    0x00004403      0x331 build/stm32l0xx_hal_gpio.o
 .debug_line    0x00004734      0x41e build/stm32l0xx_hal_dma.o
 .debug_line    0x00004b52      0x351 build/stm32l0xx_hal_cortex.o
 .debug_line    0x00004ea3      0x202 build/system_stm32l0xx.o
 .debug_line    0x000050a5       0x8c build/startup_stm32l011xx.o

.debug_str      0x00000000     0x30a2
 .debug_str     0x00000000     0x1099 build/main.o
                               0x11be (size before relaxing)
 .debug_str     0x00001099       0xca build/stm32l0xx_it.o
                                0x91e (size before relaxing)
 .debug_str     0x00001163      0x1f8 build/stm32l0xx_hal_msp.o
                                0xb6c (size before relaxing)
 .debug_str     0x0000135b      0x18d build/stm32l0xx_nucleo_32.o
                                0xa5f (size before relaxing)
 .debug_str     0x000014e8      0x7f1 build/stm32l0xx_hal_i2c.o
                                0xf4f (size before relaxing)
 .debug_str     0x00001cd9       0xc9 build/stm32l0xx_hal_i2c_ex.o
                                0x859 (size before relaxing)
 .debug_str     0x00001da2      0x6d7 build/stm32l0xx_hal_uart.o
                                0xe2d (size before relaxing)
 .debug_str     0x00002479      0x18b build/stm32l0xx_hal_uart_ex.o
                                0x7fb (size before relaxing)
 .debug_str     0x00002604      0x304 build/stm32l0xx_hal.o
                                0x74d (size before relaxing)
 .debug_str     0x00002908      0x12a build/stm32l0xx_hal_rcc.o
                                0x671 (size before relaxing)
 .debug_str     0x00002a32      0x13a build/stm32l0xx_hal_rcc_ex.o
                                0x4e5 (size before relaxing)
 .debug_str     0x00002b6c       0xc2 build/stm32l0xx_hal_gpio.o
                                0x481 (size before relaxing)
 .debug_str     0x00002c2e      0x223 build/stm32l0xx_hal_dma.o
                                0x667 (size before relaxing)
 .debug_str     0x00002e51      0x1d3 build/stm32l0xx_hal_cortex.o
                                0x5cd (size before relaxing)
 .debug_str     0x00003024       0x59 build/system_stm32l0xx.o
                                0x2d3 (size before relaxing)
 .debug_str     0x0000307d       0x25 build/startup_stm32l011xx.o
                                 0x49 (size before relaxing)

.comment        0x00000000       0x7e
 .comment       0x00000000       0x7e build/main.o
                                 0x7f (size before relaxing)
 .comment       0x0000007e       0x7f build/stm32l0xx_it.o
 .comment       0x0000007e       0x7f build/stm32l0xx_hal_msp.o
 .comment       0x0000007e       0x7f build/stm32l0xx_nucleo_32.o
 .comment       0x0000007e       0x7f build/stm32l0xx_hal_i2c.o
 .comment       0x0000007e       0x7f build/stm32l0xx_hal_i2c_ex.o
 .comment       0x0000007e       0x7f build/stm32l0xx_hal_uart.o
 .comment       0x0000007e       0x7f build/stm32l0xx_hal_uart_ex.o
 .comment       0x0000007e       0x7f build/stm32l0xx_hal.o
 .comment       0x0000007e       0x7f build/stm32l0xx_hal_rcc.o
 .comment       0x0000007e       0x7f build/stm32l0xx_hal_rcc_ex.o
 .comment       0x0000007e       0x7f build/stm32l0xx_hal_gpio.o
 .comment       0x0000007e       0x7f build/stm32l0xx_hal_dma.o
 .comment       0x0000007e       0x7f build/stm32l0xx_hal_cortex.o
 .comment       0x0000007e       0x7f build/system_stm32l0xx.o

.debug_frame    0x00000000     0x1e34
 .debug_frame   0x00000000       0xf8 build/main.o
 .debug_frame   0x000000f8       0xa4 build/stm32l0xx_it.o
 .debug_frame   0x0000019c       0x9c build/stm32l0xx_hal_msp.o
 .debug_frame   0x00000238      0x17c build/stm32l0xx_nucleo_32.o
 .debug_frame   0x000003b4      0x950 build/stm32l0xx_hal_i2c.o
 .debug_frame   0x00000d04       0xb8 build/stm32l0xx_hal_i2c_ex.o
 .debug_frame   0x00000dbc      0x604 build/stm32l0xx_hal_uart.o
 .debug_frame   0x000013c0      0x108 build/stm32l0xx_hal_uart_ex.o
 .debug_frame   0x000014c8      0x204 build/stm32l0xx_hal.o
 .debug_frame   0x000016cc      0x12c build/stm32l0xx_hal_rcc.o
 .debug_frame   0x000017f8       0xb8 build/stm32l0xx_hal_rcc_ex.o
 .debug_frame   0x000018b0       0xd8 build/stm32l0xx_hal_gpio.o
 .debug_frame   0x00001988      0x17c build/stm32l0xx_hal_dma.o
 .debug_frame   0x00001b04       0xec build/stm32l0xx_hal_cortex.o
 .debug_frame   0x00001bf0       0x3c build/system_stm32l0xx.o
 .debug_frame   0x00001c2c       0x2c c:/program files (x86)/gnu tools arm embedded/7 2017-q4-major/bin/../lib/gcc/arm-none-eabi/7.2.1/../../../../arm-none-eabi/lib/thumb/v6-m\libc_nano.a(lib_a-init.o)
 .debug_frame   0x00001c58       0x74 c:/program files (x86)/gnu tools arm embedded/7 2017-q4-major/bin/../lib/gcc/arm-none-eabi/7.2.1/../../../../arm-none-eabi/lib/thumb/v6-m\libc_nano.a(lib_a-locale.o)
 .debug_frame   0x00001ccc       0x44 c:/program files (x86)/gnu tools arm embedded/7 2017-q4-major/bin/../lib/gcc/arm-none-eabi/7.2.1/../../../../arm-none-eabi/lib/thumb/v6-m\libc_nano.a(lib_a-mbtowc_r.o)
 .debug_frame   0x00001d10       0x28 c:/program files (x86)/gnu tools arm embedded/7 2017-q4-major/bin/../lib/gcc/arm-none-eabi/7.2.1/../../../../arm-none-eabi/lib/thumb/v6-m\libc_nano.a(lib_a-memcpy-stub.o)
 .debug_frame   0x00001d38       0x20 c:/program files (x86)/gnu tools arm embedded/7 2017-q4-major/bin/../lib/gcc/arm-none-eabi/7.2.1/../../../../arm-none-eabi/lib/thumb/v6-m\libc_nano.a(lib_a-memset.o)
 .debug_frame   0x00001d58       0x28 c:/program files (x86)/gnu tools arm embedded/7 2017-q4-major/bin/../lib/gcc/arm-none-eabi/7.2.1/../../../../arm-none-eabi/lib/thumb/v6-m\libc_nano.a(lib_a-strcat.o)
 .debug_frame   0x00001d80       0x20 c:/program files (x86)/gnu tools arm embedded/7 2017-q4-major/bin/../lib/gcc/arm-none-eabi/7.2.1/../../../../arm-none-eabi/lib/thumb/v6-m\libc_nano.a(lib_a-strcmp.o)
 .debug_frame   0x00001da0       0x38 c:/program files (x86)/gnu tools arm embedded/7 2017-q4-major/bin/../lib/gcc/arm-none-eabi/7.2.1/../../../../arm-none-eabi/lib/thumb/v6-m\libc_nano.a(lib_a-wctomb_r.o)
 .debug_frame   0x00001dd8       0x20 c:/program files (x86)/gnu tools arm embedded/7 2017-q4-major/bin/../lib/gcc/arm-none-eabi/7.2.1/thumb/v6-m\libgcc.a(_udivsi3.o)
 .debug_frame   0x00001df8       0x3c c:/program files (x86)/gnu tools arm embedded/7 2017-q4-major/bin/../lib/gcc/arm-none-eabi/7.2.1/thumb/v6-m\libgcc.a(_udivmoddi4.o)

Cross Reference Table

Symbol                                            File
ADC1_COMP_IRQHandler                              build/startup_stm32l011xx.o
AHBPrescTable                                     build/system_stm32l0xx.o
                                                  build/stm32l0xx_hal_rcc.o
APBPrescTable                                     build/system_stm32l0xx.o
                                                  build/stm32l0xx_hal_rcc.o
BSP_GetVersion                                    build/stm32l0xx_nucleo_32.o
BSP_LED_Init                                      build/stm32l0xx_nucleo_32.o
                                                  build/main.o
BSP_LED_Off                                       build/stm32l0xx_nucleo_32.o
                                                  build/main.o
BSP_LED_On                                        build/stm32l0xx_nucleo_32.o
                                                  build/main.o
BSP_LED_Toggle                                    build/stm32l0xx_nucleo_32.o
DMA1_Channel1_IRQHandler                          build/startup_stm32l011xx.o
DMA1_Channel2_3_IRQHandler                        build/startup_stm32l011xx.o
DMA1_Channel4_5_IRQHandler                        build/startup_stm32l011xx.o
Default_Handler                                   build/startup_stm32l011xx.o
EXTI0_1_IRQHandler                                build/startup_stm32l011xx.o
EXTI2_3_IRQHandler                                build/startup_stm32l011xx.o
EXTI4_15_IRQHandler                               build/startup_stm32l011xx.o
Error_Handler                                     build/main.o
FLASH_IRQHandler                                  build/startup_stm32l011xx.o
FLASH_PageErase                                   build/stm32l0xx_hal_flash_ex.o
                                                  build/stm32l0xx_hal_flash.o
FLASH_WaitForLastOperation                        build/stm32l0xx_hal_flash.o
                                                  build/stm32l0xx_hal_flash_ex.o
HAL_DBGMCU_DBG_DisableLowPowerConfig              build/stm32l0xx_hal.o
HAL_DBGMCU_DBG_EnableLowPowerConfig               build/stm32l0xx_hal.o
HAL_DBGMCU_DisableDBGSleepMode                    build/stm32l0xx_hal.o
HAL_DBGMCU_DisableDBGStandbyMode                  build/stm32l0xx_hal.o
HAL_DBGMCU_DisableDBGStopMode                     build/stm32l0xx_hal.o
HAL_DBGMCU_EnableDBGSleepMode                     build/stm32l0xx_hal.o
HAL_DBGMCU_EnableDBGStandbyMode                   build/stm32l0xx_hal.o
HAL_DBGMCU_EnableDBGStopMode                      build/stm32l0xx_hal.o
HAL_DMA_Abort                                     build/stm32l0xx_hal_dma.o
                                                  build/stm32l0xx_hal_uart.o
HAL_DMA_Abort_IT                                  build/stm32l0xx_hal_dma.o
                                                  build/stm32l0xx_hal_uart.o
                                                  build/stm32l0xx_hal_i2c.o
HAL_DMA_DeInit                                    build/stm32l0xx_hal_dma.o
HAL_DMA_GetError                                  build/stm32l0xx_hal_dma.o
                                                  build/stm32l0xx_hal_uart.o
HAL_DMA_GetState                                  build/stm32l0xx_hal_dma.o
HAL_DMA_IRQHandler                                build/stm32l0xx_hal_dma.o
HAL_DMA_Init                                      build/stm32l0xx_hal_dma.o
HAL_DMA_PollForTransfer                           build/stm32l0xx_hal_dma.o
HAL_DMA_RegisterCallback                          build/stm32l0xx_hal_dma.o
HAL_DMA_Start                                     build/stm32l0xx_hal_dma.o
HAL_DMA_Start_IT                                  build/stm32l0xx_hal_dma.o
                                                  build/stm32l0xx_hal_uart.o
                                                  build/stm32l0xx_hal_i2c.o
HAL_DMA_UnRegisterCallback                        build/stm32l0xx_hal_dma.o
HAL_DeInit                                        build/stm32l0xx_hal.o
HAL_Delay                                         build/stm32l0xx_hal.o
HAL_FLASHEx_AdvOBGetConfig                        build/stm32l0xx_hal_flash_ex.o
HAL_FLASHEx_AdvOBProgram                          build/stm32l0xx_hal_flash_ex.o
HAL_FLASHEx_DATAEEPROM_DisableFixedTimeProgram    build/stm32l0xx_hal_flash_ex.o
HAL_FLASHEx_DATAEEPROM_EnableFixedTimeProgram     build/stm32l0xx_hal_flash_ex.o
HAL_FLASHEx_DATAEEPROM_Erase                      build/stm32l0xx_hal_flash_ex.o
HAL_FLASHEx_DATAEEPROM_Lock                       build/stm32l0xx_hal_flash_ex.o
HAL_FLASHEx_DATAEEPROM_Program                    build/stm32l0xx_hal_flash_ex.o
HAL_FLASHEx_DATAEEPROM_Unlock                     build/stm32l0xx_hal_flash_ex.o
HAL_FLASHEx_DisableRunPowerDown                   build/stm32l0xx_hal_flash_ramfunc.o
HAL_FLASHEx_EnableRunPowerDown                    build/stm32l0xx_hal_flash_ramfunc.o
HAL_FLASHEx_Erase                                 build/stm32l0xx_hal_flash_ex.o
HAL_FLASHEx_Erase_IT                              build/stm32l0xx_hal_flash_ex.o
HAL_FLASHEx_GetError                              build/stm32l0xx_hal_flash_ramfunc.o
HAL_FLASHEx_HalfPageProgram                       build/stm32l0xx_hal_flash_ramfunc.o
HAL_FLASHEx_OBGetConfig                           build/stm32l0xx_hal_flash_ex.o
HAL_FLASHEx_OBProgram                             build/stm32l0xx_hal_flash_ex.o
HAL_FLASHEx_OB_DeSelectPCROP                      build/stm32l0xx_hal_flash_ex.o
HAL_FLASHEx_OB_SelectPCROP                        build/stm32l0xx_hal_flash_ex.o
HAL_FLASH_EndOfOperationCallback                  build/stm32l0xx_hal_flash.o
HAL_FLASH_GetError                                build/stm32l0xx_hal_flash.o
HAL_FLASH_IRQHandler                              build/stm32l0xx_hal_flash.o
HAL_FLASH_Lock                                    build/stm32l0xx_hal_flash.o
HAL_FLASH_OB_Launch                               build/stm32l0xx_hal_flash.o
HAL_FLASH_OB_Lock                                 build/stm32l0xx_hal_flash.o
HAL_FLASH_OB_Unlock                               build/stm32l0xx_hal_flash.o
HAL_FLASH_OperationErrorCallback                  build/stm32l0xx_hal_flash.o
HAL_FLASH_Program                                 build/stm32l0xx_hal_flash.o
HAL_FLASH_Program_IT                              build/stm32l0xx_hal_flash.o
HAL_FLASH_Unlock                                  build/stm32l0xx_hal_flash.o
HAL_GPIO_DeInit                                   build/stm32l0xx_hal_gpio.o
                                                  build/stm32l0xx_hal_msp.o
HAL_GPIO_EXTI_Callback                            build/stm32l0xx_hal_gpio.o
HAL_GPIO_EXTI_IRQHandler                          build/stm32l0xx_hal_gpio.o
HAL_GPIO_Init                                     build/stm32l0xx_hal_gpio.o
                                                  build/stm32l0xx_hal_rcc.o
                                                  build/stm32l0xx_nucleo_32.o
                                                  build/stm32l0xx_hal_msp.o
                                                  build/main.o
HAL_GPIO_LockPin                                  build/stm32l0xx_hal_gpio.o
HAL_GPIO_ReadPin                                  build/stm32l0xx_hal_gpio.o
HAL_GPIO_TogglePin                                build/stm32l0xx_hal_gpio.o
                                                  build/stm32l0xx_nucleo_32.o
HAL_GPIO_WritePin                                 build/stm32l0xx_hal_gpio.o
                                                  build/stm32l0xx_nucleo_32.o
                                                  build/main.o
HAL_GetDEVID                                      build/stm32l0xx_hal.o
HAL_GetHalVersion                                 build/stm32l0xx_hal.o
HAL_GetREVID                                      build/stm32l0xx_hal.o
HAL_GetTick                                       build/stm32l0xx_hal.o
                                                  build/stm32l0xx_hal_dma.o
                                                  build/stm32l0xx_hal_flash.o
                                                  build/stm32l0xx_hal_rcc_ex.o
                                                  build/stm32l0xx_hal_rcc.o
                                                  build/stm32l0xx_hal_uart_ex.o
                                                  build/stm32l0xx_hal_uart.o
                                                  build/stm32l0xx_hal_i2c.o
HAL_GetUIDw0                                      build/stm32l0xx_hal.o
HAL_GetUIDw1                                      build/stm32l0xx_hal.o
HAL_GetUIDw2                                      build/stm32l0xx_hal.o
HAL_HalfDuplex_EnableReceiver                     build/stm32l0xx_hal_uart.o
HAL_HalfDuplex_EnableTransmitter                  build/stm32l0xx_hal_uart.o
HAL_HalfDuplex_Init                               build/stm32l0xx_hal_uart.o
HAL_I2CEx_ConfigAnalogFilter                      build/stm32l0xx_hal_i2c_ex.o
                                                  build/main.o
HAL_I2CEx_ConfigDigitalFilter                     build/stm32l0xx_hal_i2c_ex.o
                                                  build/main.o
HAL_I2CEx_DisableFastModePlus                     build/stm32l0xx_hal_i2c_ex.o
HAL_I2CEx_DisableWakeUp                           build/stm32l0xx_hal_i2c_ex.o
HAL_I2CEx_EnableFastModePlus                      build/stm32l0xx_hal_i2c_ex.o
                                                  build/main.o
HAL_I2CEx_EnableWakeUp                            build/stm32l0xx_hal_i2c_ex.o
HAL_I2C_AbortCpltCallback                         build/stm32l0xx_hal_i2c.o
HAL_I2C_AddrCallback                              build/stm32l0xx_hal_i2c.o
HAL_I2C_DeInit                                    build/stm32l0xx_hal_i2c.o
                                                  build/stm32l0xx_nucleo_32.o
HAL_I2C_DisableListen_IT                          build/stm32l0xx_hal_i2c.o
HAL_I2C_ER_IRQHandler                             build/stm32l0xx_hal_i2c.o
                                                  build/stm32l0xx_it.o
HAL_I2C_EV_IRQHandler                             build/stm32l0xx_hal_i2c.o
                                                  build/stm32l0xx_it.o
HAL_I2C_EnableListen_IT                           build/stm32l0xx_hal_i2c.o
HAL_I2C_ErrorCallback                             build/stm32l0xx_hal_i2c.o
HAL_I2C_GetError                                  build/stm32l0xx_hal_i2c.o
HAL_I2C_GetMode                                   build/stm32l0xx_hal_i2c.o
HAL_I2C_GetState                                  build/stm32l0xx_hal_i2c.o
                                                  build/stm32l0xx_nucleo_32.o
HAL_I2C_Init                                      build/stm32l0xx_hal_i2c.o
                                                  build/stm32l0xx_nucleo_32.o
                                                  build/main.o
HAL_I2C_IsDeviceReady                             build/stm32l0xx_hal_i2c.o
                                                  build/stm32l0xx_nucleo_32.o
HAL_I2C_ListenCpltCallback                        build/stm32l0xx_hal_i2c.o
HAL_I2C_MasterRxCpltCallback                      build/stm32l0xx_hal_i2c.o
HAL_I2C_MasterTxCpltCallback                      build/stm32l0xx_hal_i2c.o
HAL_I2C_Master_Abort_IT                           build/stm32l0xx_hal_i2c.o
HAL_I2C_Master_Receive                            build/stm32l0xx_hal_i2c.o
HAL_I2C_Master_Receive_DMA                        build/stm32l0xx_hal_i2c.o
HAL_I2C_Master_Receive_IT                         build/stm32l0xx_hal_i2c.o
HAL_I2C_Master_Seq_Receive_DMA                    build/stm32l0xx_hal_i2c.o
HAL_I2C_Master_Seq_Receive_IT                     build/stm32l0xx_hal_i2c.o
HAL_I2C_Master_Seq_Transmit_DMA                   build/stm32l0xx_hal_i2c.o
HAL_I2C_Master_Seq_Transmit_IT                    build/stm32l0xx_hal_i2c.o
HAL_I2C_Master_Transmit                           build/stm32l0xx_hal_i2c.o
HAL_I2C_Master_Transmit_DMA                       build/stm32l0xx_hal_i2c.o
HAL_I2C_Master_Transmit_IT                        build/stm32l0xx_hal_i2c.o
HAL_I2C_MemRxCpltCallback                         build/stm32l0xx_hal_i2c.o
HAL_I2C_MemTxCpltCallback                         build/stm32l0xx_hal_i2c.o
HAL_I2C_Mem_Read                                  build/stm32l0xx_hal_i2c.o
                                                  build/stm32l0xx_nucleo_32.o
HAL_I2C_Mem_Read_DMA                              build/stm32l0xx_hal_i2c.o
HAL_I2C_Mem_Read_IT                               build/stm32l0xx_hal_i2c.o
HAL_I2C_Mem_Write                                 build/stm32l0xx_hal_i2c.o
                                                  build/stm32l0xx_nucleo_32.o
HAL_I2C_Mem_Write_DMA                             build/stm32l0xx_hal_i2c.o
HAL_I2C_Mem_Write_IT                              build/stm32l0xx_hal_i2c.o
HAL_I2C_MspDeInit                                 build/stm32l0xx_hal_msp.o
HAL_I2C_MspInit                                   build/stm32l0xx_hal_msp.o
HAL_I2C_SlaveRxCpltCallback                       build/stm32l0xx_hal_i2c.o
HAL_I2C_SlaveTxCpltCallback                       build/stm32l0xx_hal_i2c.o
HAL_I2C_Slave_Receive                             build/stm32l0xx_hal_i2c.o
HAL_I2C_Slave_Receive_DMA                         build/stm32l0xx_hal_i2c.o
HAL_I2C_Slave_Receive_IT                          build/stm32l0xx_hal_i2c.o
HAL_I2C_Slave_Seq_Receive_DMA                     build/stm32l0xx_hal_i2c.o
HAL_I2C_Slave_Seq_Receive_IT                      build/stm32l0xx_hal_i2c.o
HAL_I2C_Slave_Seq_Transmit_DMA                    build/stm32l0xx_hal_i2c.o
HAL_I2C_Slave_Seq_Transmit_IT                     build/stm32l0xx_hal_i2c.o
HAL_I2C_Slave_Transmit                            build/stm32l0xx_hal_i2c.o
HAL_I2C_Slave_Transmit_DMA                        build/stm32l0xx_hal_i2c.o
HAL_I2C_Slave_Transmit_IT                         build/stm32l0xx_hal_i2c.o
HAL_IncTick                                       build/stm32l0xx_hal.o
                                                  build/stm32l0xx_it.o
HAL_Init                                          build/stm32l0xx_hal.o
                                                  build/main.o
HAL_InitTick                                      build/stm32l0xx_hal.o
                                                  build/stm32l0xx_hal_rcc.o
HAL_LIN_Init                                      build/stm32l0xx_hal_uart.o
HAL_LIN_SendBreak                                 build/stm32l0xx_hal_uart.o
HAL_MspDeInit                                     build/stm32l0xx_hal.o
HAL_MspInit                                       build/stm32l0xx_hal_msp.o
HAL_MultiProcessorEx_AddressLength_Set            build/stm32l0xx_hal_uart_ex.o
HAL_MultiProcessor_DisableMuteMode                build/stm32l0xx_hal_uart.o
HAL_MultiProcessor_EnableMuteMode                 build/stm32l0xx_hal_uart.o
HAL_MultiProcessor_EnterMuteMode                  build/stm32l0xx_hal_uart.o
HAL_MultiProcessor_Init                           build/stm32l0xx_hal_uart.o
HAL_NVIC_ClearPendingIRQ                          build/stm32l0xx_hal_cortex.o
HAL_NVIC_DisableIRQ                               build/stm32l0xx_hal_cortex.o
                                                  build/stm32l0xx_hal_msp.o
HAL_NVIC_EnableIRQ                                build/stm32l0xx_hal_cortex.o
                                                  build/stm32l0xx_hal_msp.o
HAL_NVIC_GetPendingIRQ                            build/stm32l0xx_hal_cortex.o
HAL_NVIC_GetPriority                              build/stm32l0xx_hal_cortex.o
HAL_NVIC_SetPendingIRQ                            build/stm32l0xx_hal_cortex.o
HAL_NVIC_SetPriority                              build/stm32l0xx_hal_cortex.o
                                                  build/stm32l0xx_hal.o
                                                  build/stm32l0xx_hal_msp.o
HAL_NVIC_SystemReset                              build/stm32l0xx_hal_cortex.o
HAL_PWREx_DisableFastWakeUp                       build/stm32l0xx_hal_pwr_ex.o
HAL_PWREx_DisableLowPowerRunMode                  build/stm32l0xx_hal_pwr_ex.o
HAL_PWREx_DisableUltraLowPower                    build/stm32l0xx_hal_pwr_ex.o
HAL_PWREx_EnableFastWakeUp                        build/stm32l0xx_hal_pwr_ex.o
HAL_PWREx_EnableLowPowerRunMode                   build/stm32l0xx_hal_pwr_ex.o
HAL_PWREx_EnableUltraLowPower                     build/stm32l0xx_hal_pwr_ex.o
HAL_PWREx_GetVoltageRange                         build/stm32l0xx_hal_pwr_ex.o
HAL_PWR_ConfigPVD                                 build/stm32l0xx_hal_pwr.o
HAL_PWR_DeInit                                    build/stm32l0xx_hal_pwr.o
HAL_PWR_DisableBkUpAccess                         build/stm32l0xx_hal_pwr.o
HAL_PWR_DisablePVD                                build/stm32l0xx_hal_pwr.o
HAL_PWR_DisableSEVOnPend                          build/stm32l0xx_hal_pwr.o
HAL_PWR_DisableSleepOnExit                        build/stm32l0xx_hal_pwr.o
HAL_PWR_DisableWakeUpPin                          build/stm32l0xx_hal_pwr.o
HAL_PWR_EnableBkUpAccess                          build/stm32l0xx_hal_pwr.o
HAL_PWR_EnablePVD                                 build/stm32l0xx_hal_pwr.o
HAL_PWR_EnableSEVOnPend                           build/stm32l0xx_hal_pwr.o
HAL_PWR_EnableSleepOnExit                         build/stm32l0xx_hal_pwr.o
HAL_PWR_EnableWakeUpPin                           build/stm32l0xx_hal_pwr.o
HAL_PWR_EnterSLEEPMode                            build/stm32l0xx_hal_pwr.o
HAL_PWR_EnterSTANDBYMode                          build/stm32l0xx_hal_pwr.o
HAL_PWR_EnterSTOPMode                             build/stm32l0xx_hal_pwr.o
HAL_PWR_PVDCallback                               build/stm32l0xx_hal_pwr.o
HAL_PWR_PVD_IRQHandler                            build/stm32l0xx_hal_pwr.o
HAL_RCCEx_DisableLSECSS                           build/stm32l0xx_hal_rcc_ex.o
HAL_RCCEx_EnableLSECSS                            build/stm32l0xx_hal_rcc_ex.o
HAL_RCCEx_EnableLSECSS_IT                         build/stm32l0xx_hal_rcc_ex.o
HAL_RCCEx_GetPeriphCLKConfig                      build/stm32l0xx_hal_rcc_ex.o
HAL_RCCEx_GetPeriphCLKFreq                        build/stm32l0xx_hal_rcc_ex.o
HAL_RCCEx_LSECSS_Callback                         build/stm32l0xx_hal_rcc_ex.o
HAL_RCCEx_LSECSS_IRQHandler                       build/stm32l0xx_hal_rcc_ex.o
HAL_RCCEx_PeriphCLKConfig                         build/stm32l0xx_hal_rcc_ex.o
                                                  build/stm32l0xx_nucleo_32.o
                                                  build/main.o
HAL_RCC_ClockConfig                               build/stm32l0xx_hal_rcc.o
                                                  build/main.o
HAL_RCC_DeInit                                    build/stm32l0xx_hal_rcc.o
HAL_RCC_GetClockConfig                            build/stm32l0xx_hal_rcc.o
HAL_RCC_GetHCLKFreq                               build/stm32l0xx_hal_rcc.o
HAL_RCC_GetOscConfig                              build/stm32l0xx_hal_rcc.o
HAL_RCC_GetPCLK1Freq                              build/stm32l0xx_hal_rcc.o
                                                  build/stm32l0xx_hal_rcc_ex.o
                                                  build/stm32l0xx_hal_uart.o
HAL_RCC_GetPCLK2Freq                              build/stm32l0xx_hal_rcc.o
                                                  build/stm32l0xx_hal_uart.o
HAL_RCC_GetSysClockFreq                           build/stm32l0xx_hal_rcc.o
                                                  build/stm32l0xx_hal_rcc_ex.o
                                                  build/stm32l0xx_hal_uart.o
HAL_RCC_MCOConfig                                 build/stm32l0xx_hal_rcc.o
HAL_RCC_OscConfig                                 build/stm32l0xx_hal_rcc.o
                                                  build/main.o
HAL_RS485Ex_Init                                  build/stm32l0xx_hal_uart_ex.o
HAL_ResumeTick                                    build/stm32l0xx_hal.o
HAL_SYSCFG_Disable_Lock_VREFINT                   build/stm32l0xx_hal.o
HAL_SYSCFG_Enable_Lock_VREFINT                    build/stm32l0xx_hal.o
HAL_SYSCFG_GetBootMode                            build/stm32l0xx_hal.o
HAL_SYSCFG_VREFINT_OutputSelect                   build/stm32l0xx_hal.o
HAL_SYSTICK_CLKSourceConfig                       build/stm32l0xx_hal_cortex.o
HAL_SYSTICK_Callback                              build/stm32l0xx_hal_cortex.o
HAL_SYSTICK_Config                                build/stm32l0xx_hal_cortex.o
                                                  build/stm32l0xx_hal.o
HAL_SYSTICK_IRQHandler                            build/stm32l0xx_hal_cortex.o
HAL_SuspendTick                                   build/stm32l0xx_hal.o
HAL_UARTEx_DisableClockStopMode                   build/stm32l0xx_hal_uart_ex.o
HAL_UARTEx_DisableStopMode                        build/stm32l0xx_hal_uart_ex.o
HAL_UARTEx_EnableClockStopMode                    build/stm32l0xx_hal_uart_ex.o
HAL_UARTEx_EnableStopMode                         build/stm32l0xx_hal_uart_ex.o
HAL_UARTEx_StopModeWakeUpSourceConfig             build/stm32l0xx_hal_uart_ex.o
HAL_UARTEx_WakeupCallback                         build/stm32l0xx_hal_uart_ex.o
                                                  build/stm32l0xx_hal_uart.o
HAL_UART_Abort                                    build/stm32l0xx_hal_uart.o
HAL_UART_AbortCpltCallback                        build/stm32l0xx_hal_uart.o
HAL_UART_AbortReceive                             build/stm32l0xx_hal_uart.o
HAL_UART_AbortReceiveCpltCallback                 build/stm32l0xx_hal_uart.o
HAL_UART_AbortReceive_IT                          build/stm32l0xx_hal_uart.o
HAL_UART_AbortTransmit                            build/stm32l0xx_hal_uart.o
HAL_UART_AbortTransmitCpltCallback                build/stm32l0xx_hal_uart.o
HAL_UART_AbortTransmit_IT                         build/stm32l0xx_hal_uart.o
HAL_UART_Abort_IT                                 build/stm32l0xx_hal_uart.o
HAL_UART_DMAPause                                 build/stm32l0xx_hal_uart.o
HAL_UART_DMAResume                                build/stm32l0xx_hal_uart.o
HAL_UART_DMAStop                                  build/stm32l0xx_hal_uart.o
HAL_UART_DeInit                                   build/stm32l0xx_hal_uart.o
HAL_UART_ErrorCallback                            build/stm32l0xx_hal_uart.o
HAL_UART_GetError                                 build/stm32l0xx_hal_uart.o
HAL_UART_GetState                                 build/stm32l0xx_hal_uart.o
HAL_UART_IRQHandler                               build/stm32l0xx_hal_uart.o
                                                  build/stm32l0xx_it.o
HAL_UART_Init                                     build/stm32l0xx_hal_uart.o
                                                  build/main.o
HAL_UART_MspDeInit                                build/stm32l0xx_hal_msp.o
HAL_UART_MspInit                                  build/stm32l0xx_hal_msp.o
                                                  build/stm32l0xx_hal_uart_ex.o
HAL_UART_Receive                                  build/stm32l0xx_hal_uart.o
HAL_UART_Receive_DMA                              build/stm32l0xx_hal_uart.o
HAL_UART_Receive_IT                               build/stm32l0xx_hal_uart.o
                                                  build/main.o
HAL_UART_RxCpltCallback                           build/stm32l0xx_hal_uart.o
HAL_UART_RxHalfCpltCallback                       build/stm32l0xx_hal_uart.o
HAL_UART_Transmit                                 build/stm32l0xx_hal_uart.o
HAL_UART_Transmit_DMA                             build/stm32l0xx_hal_uart.o
HAL_UART_Transmit_IT                              build/stm32l0xx_hal_uart.o
                                                  build/main.o
HAL_UART_TxCpltCallback                           build/stm32l0xx_hal_uart.o
HAL_UART_TxHalfCpltCallback                       build/stm32l0xx_hal_uart.o
HardFault_Handler                                 build/stm32l0xx_it.o
I2C1_Error                                        build/stm32l0xx_nucleo_32.o
I2C1_IRQHandler                                   build/stm32l0xx_it.o
I2C1_Init                                         build/stm32l0xx_nucleo_32.o
I2C1_IsDeviceReady                                build/stm32l0xx_nucleo_32.o
I2C1_MspInit                                      build/stm32l0xx_nucleo_32.o
I2C1_Read                                         build/stm32l0xx_nucleo_32.o
I2C1_ReadBuffer                                   build/stm32l0xx_nucleo_32.o
I2C1_Write                                        build/stm32l0xx_nucleo_32.o
I2C1_WriteBuffer                                  build/stm32l0xx_nucleo_32.o
I2c1Timeout                                       build/stm32l0xx_nucleo_32.o
LED_PIN                                           build/stm32l0xx_nucleo_32.o
LED_PORT                                          build/stm32l0xx_nucleo_32.o
LPTIM1_IRQHandler                                 build/startup_stm32l011xx.o
LPUART1_IRQHandler                                build/startup_stm32l011xx.o
NMI_Handler                                       build/stm32l0xx_it.o
PLLMulTable                                       build/system_stm32l0xx.o
                                                  build/stm32l0xx_hal_rcc.o
PVD_IRQHandler                                    build/startup_stm32l011xx.o
PendSV_Handler                                    build/stm32l0xx_it.o
RCC_IRQHandler                                    build/startup_stm32l011xx.o
RTC_IRQHandler                                    build/startup_stm32l011xx.o
Reset_Handler                                     build/startup_stm32l011xx.o
SPI1_IRQHandler                                   build/startup_stm32l011xx.o
SVC_Handler                                       build/stm32l0xx_it.o
SysTick_Handler                                   build/stm32l0xx_it.o
SystemClock_Config                                build/main.o
SystemCoreClock                                   build/system_stm32l0xx.o
                                                  build/stm32l0xx_hal_pwr_ex.o
                                                  build/stm32l0xx_hal_rcc.o
                                                  build/stm32l0xx_hal.o
SystemCoreClockUpdate                             build/system_stm32l0xx.o
SystemInit                                        build/system_stm32l0xx.o
                                                  build/startup_stm32l011xx.o
TIM21_IRQHandler                                  build/startup_stm32l011xx.o
TIM2_IRQHandler                                   build/startup_stm32l011xx.o
UART_AdvFeatureConfig                             build/stm32l0xx_hal_uart.o
                                                  build/stm32l0xx_hal_uart_ex.o
UART_CheckIdleState                               build/stm32l0xx_hal_uart.o
                                                  build/stm32l0xx_hal_uart_ex.o
UART_SetConfig                                    build/stm32l0xx_hal_uart.o
                                                  build/stm32l0xx_hal_uart_ex.o
UART_WaitOnFlagUntilTimeout                       build/stm32l0xx_hal_uart.o
                                                  build/stm32l0xx_hal_uart_ex.o
USART2_IRQHandler                                 build/stm32l0xx_it.o
WWDG_IRQHandler                                   build/startup_stm32l011xx.o
_PathLocale                                       c:/program files (x86)/gnu tools arm embedded/7 2017-q4-major/bin/../lib/gcc/arm-none-eabi/7.2.1/../../../../arm-none-eabi/lib/thumb/v6-m\libc_nano.a(lib_a-locale.o)
__aeabi_idiv0                                     c:/program files (x86)/gnu tools arm embedded/7 2017-q4-major/bin/../lib/gcc/arm-none-eabi/7.2.1/thumb/v6-m\libgcc.a(_dvmd_tls.o)
                                                  c:/program files (x86)/gnu tools arm embedded/7 2017-q4-major/bin/../lib/gcc/arm-none-eabi/7.2.1/thumb/v6-m\libgcc.a(_udivsi3.o)
__aeabi_ldiv0                                     c:/program files (x86)/gnu tools arm embedded/7 2017-q4-major/bin/../lib/gcc/arm-none-eabi/7.2.1/thumb/v6-m\libgcc.a(_dvmd_tls.o)
                                                  c:/program files (x86)/gnu tools arm embedded/7 2017-q4-major/bin/../lib/gcc/arm-none-eabi/7.2.1/thumb/v6-m\libgcc.a(_aeabi_uldivmod.o)
__aeabi_uidiv                                     c:/program files (x86)/gnu tools arm embedded/7 2017-q4-major/bin/../lib/gcc/arm-none-eabi/7.2.1/thumb/v6-m\libgcc.a(_udivsi3.o)
                                                  build/system_stm32l0xx.o
                                                  build/stm32l0xx_hal_pwr_ex.o
                                                  build/stm32l0xx_hal_dma.o
                                                  build/stm32l0xx_hal_rcc.o
                                                  build/stm32l0xx_hal.o
                                                  build/stm32l0xx_hal_uart.o
__aeabi_uidivmod                                  c:/program files (x86)/gnu tools arm embedded/7 2017-q4-major/bin/../lib/gcc/arm-none-eabi/7.2.1/thumb/v6-m\libgcc.a(_udivsi3.o)
__aeabi_uldivmod                                  c:/program files (x86)/gnu tools arm embedded/7 2017-q4-major/bin/../lib/gcc/arm-none-eabi/7.2.1/thumb/v6-m\libgcc.a(_aeabi_uldivmod.o)
                                                  build/stm32l0xx_hal_uart.o
__ascii_mbtowc                                    c:/program files (x86)/gnu tools arm embedded/7 2017-q4-major/bin/../lib/gcc/arm-none-eabi/7.2.1/../../../../arm-none-eabi/lib/thumb/v6-m\libc_nano.a(lib_a-mbtowc_r.o)
                                                  c:/program files (x86)/gnu tools arm embedded/7 2017-q4-major/bin/../lib/gcc/arm-none-eabi/7.2.1/../../../../arm-none-eabi/lib/thumb/v6-m\libc_nano.a(lib_a-locale.o)
__ascii_wctomb                                    c:/program files (x86)/gnu tools arm embedded/7 2017-q4-major/bin/../lib/gcc/arm-none-eabi/7.2.1/../../../../arm-none-eabi/lib/thumb/v6-m\libc_nano.a(lib_a-wctomb_r.o)
                                                  c:/program files (x86)/gnu tools arm embedded/7 2017-q4-major/bin/../lib/gcc/arm-none-eabi/7.2.1/../../../../arm-none-eabi/lib/thumb/v6-m\libc_nano.a(lib_a-locale.o)
__bss_end__                                       c:/program files (x86)/gnu tools arm embedded/7 2017-q4-major/bin/../lib/gcc/arm-none-eabi/7.2.1/../../../../arm-none-eabi/lib/thumb/v6-m/crt0.o
__bss_start__                                     c:/program files (x86)/gnu tools arm embedded/7 2017-q4-major/bin/../lib/gcc/arm-none-eabi/7.2.1/../../../../arm-none-eabi/lib/thumb/v6-m/crt0.o
__call_exitprocs                                  c:/program files (x86)/gnu tools arm embedded/7 2017-q4-major/bin/../lib/gcc/arm-none-eabi/7.2.1/../../../../arm-none-eabi/lib/thumb/v6-m\libc_nano.a(lib_a-exit.o)
__clzdi2                                          c:/program files (x86)/gnu tools arm embedded/7 2017-q4-major/bin/../lib/gcc/arm-none-eabi/7.2.1/thumb/v6-m\libgcc.a(_clzdi2.o)
                                                  c:/program files (x86)/gnu tools arm embedded/7 2017-q4-major/bin/../lib/gcc/arm-none-eabi/7.2.1/thumb/v6-m\libgcc.a(_udivmoddi4.o)
__clzsi2                                          c:/program files (x86)/gnu tools arm embedded/7 2017-q4-major/bin/../lib/gcc/arm-none-eabi/7.2.1/thumb/v6-m\libgcc.a(_clzsi2.o)
                                                  c:/program files (x86)/gnu tools arm embedded/7 2017-q4-major/bin/../lib/gcc/arm-none-eabi/7.2.1/thumb/v6-m\libgcc.a(_clzdi2.o)
__deregister_frame_info                           c:/program files (x86)/gnu tools arm embedded/7 2017-q4-major/bin/../lib/gcc/arm-none-eabi/7.2.1/thumb/v6-m/crtbegin.o
__dso_handle                                      c:/program files (x86)/gnu tools arm embedded/7 2017-q4-major/bin/../lib/gcc/arm-none-eabi/7.2.1/thumb/v6-m/crtbegin.o
__global_locale                                   c:/program files (x86)/gnu tools arm embedded/7 2017-q4-major/bin/../lib/gcc/arm-none-eabi/7.2.1/../../../../arm-none-eabi/lib/thumb/v6-m\libc_nano.a(lib_a-locale.o)
                                                  c:/program files (x86)/gnu tools arm embedded/7 2017-q4-major/bin/../lib/gcc/arm-none-eabi/7.2.1/../../../../arm-none-eabi/lib/thumb/v6-m\libc_nano.a(lib_a-wctomb_r.o)
                                                  c:/program files (x86)/gnu tools arm embedded/7 2017-q4-major/bin/../lib/gcc/arm-none-eabi/7.2.1/../../../../arm-none-eabi/lib/thumb/v6-m\libc_nano.a(lib_a-mbtowc_r.o)
__init_array_end                                  c:/program files (x86)/gnu tools arm embedded/7 2017-q4-major/bin/../lib/gcc/arm-none-eabi/7.2.1/../../../../arm-none-eabi/lib/thumb/v6-m\libc_nano.a(lib_a-init.o)
__init_array_start                                c:/program files (x86)/gnu tools arm embedded/7 2017-q4-major/bin/../lib/gcc/arm-none-eabi/7.2.1/../../../../arm-none-eabi/lib/thumb/v6-m\libc_nano.a(lib_a-init.o)
__libc_fini_array                                 c:/program files (x86)/gnu tools arm embedded/7 2017-q4-major/bin/../lib/gcc/arm-none-eabi/7.2.1/../../../../arm-none-eabi/lib/thumb/v6-m/crt0.o
__libc_init_array                                 c:/program files (x86)/gnu tools arm embedded/7 2017-q4-major/bin/../lib/gcc/arm-none-eabi/7.2.1/../../../../arm-none-eabi/lib/thumb/v6-m\libc_nano.a(lib_a-init.o)
                                                  build/startup_stm32l011xx.o
                                                  c:/program files (x86)/gnu tools arm embedded/7 2017-q4-major/bin/../lib/gcc/arm-none-eabi/7.2.1/../../../../arm-none-eabi/lib/thumb/v6-m/crt0.o
__locale_ctype_ptr                                c:/program files (x86)/gnu tools arm embedded/7 2017-q4-major/bin/../lib/gcc/arm-none-eabi/7.2.1/../../../../arm-none-eabi/lib/thumb/v6-m\libc_nano.a(lib_a-locale.o)
                                                  build/main.o
__locale_ctype_ptr_l                              c:/program files (x86)/gnu tools arm embedded/7 2017-q4-major/bin/../lib/gcc/arm-none-eabi/7.2.1/../../../../arm-none-eabi/lib/thumb/v6-m\libc_nano.a(lib_a-locale.o)
__locale_mb_cur_max                               c:/program files (x86)/gnu tools arm embedded/7 2017-q4-major/bin/../lib/gcc/arm-none-eabi/7.2.1/../../../../arm-none-eabi/lib/thumb/v6-m\libc_nano.a(lib_a-locale.o)
__malloc_free_list                                c:/program files (x86)/gnu tools arm embedded/7 2017-q4-major/bin/../lib/gcc/arm-none-eabi/7.2.1/../../../../arm-none-eabi/lib/thumb/v6-m\libc_nano.a(lib_a-nano-mallocr.o)
                                                  c:/program files (x86)/gnu tools arm embedded/7 2017-q4-major/bin/../lib/gcc/arm-none-eabi/7.2.1/../../../../arm-none-eabi/lib/thumb/v6-m\libc_nano.a(lib_a-nano-freer.o)
__malloc_lock                                     c:/program files (x86)/gnu tools arm embedded/7 2017-q4-major/bin/../lib/gcc/arm-none-eabi/7.2.1/../../../../arm-none-eabi/lib/thumb/v6-m\libc_nano.a(lib_a-mlock.o)
                                                  c:/program files (x86)/gnu tools arm embedded/7 2017-q4-major/bin/../lib/gcc/arm-none-eabi/7.2.1/../../../../arm-none-eabi/lib/thumb/v6-m\libc_nano.a(lib_a-nano-mallocr.o)
                                                  c:/program files (x86)/gnu tools arm embedded/7 2017-q4-major/bin/../lib/gcc/arm-none-eabi/7.2.1/../../../../arm-none-eabi/lib/thumb/v6-m\libc_nano.a(lib_a-nano-freer.o)
__malloc_sbrk_start                               c:/program files (x86)/gnu tools arm embedded/7 2017-q4-major/bin/../lib/gcc/arm-none-eabi/7.2.1/../../../../arm-none-eabi/lib/thumb/v6-m\libc_nano.a(lib_a-nano-mallocr.o)
__malloc_unlock                                   c:/program files (x86)/gnu tools arm embedded/7 2017-q4-major/bin/../lib/gcc/arm-none-eabi/7.2.1/../../../../arm-none-eabi/lib/thumb/v6-m\libc_nano.a(lib_a-mlock.o)
                                                  c:/program files (x86)/gnu tools arm embedded/7 2017-q4-major/bin/../lib/gcc/arm-none-eabi/7.2.1/../../../../arm-none-eabi/lib/thumb/v6-m\libc_nano.a(lib_a-nano-mallocr.o)
                                                  c:/program files (x86)/gnu tools arm embedded/7 2017-q4-major/bin/../lib/gcc/arm-none-eabi/7.2.1/../../../../arm-none-eabi/lib/thumb/v6-m\libc_nano.a(lib_a-nano-freer.o)
__preinit_array_end                               c:/program files (x86)/gnu tools arm embedded/7 2017-q4-major/bin/../lib/gcc/arm-none-eabi/7.2.1/../../../../arm-none-eabi/lib/thumb/v6-m\libc_nano.a(lib_a-init.o)
__preinit_array_start                             c:/program files (x86)/gnu tools arm embedded/7 2017-q4-major/bin/../lib/gcc/arm-none-eabi/7.2.1/../../../../arm-none-eabi/lib/thumb/v6-m\libc_nano.a(lib_a-init.o)
__register_frame_info                             c:/program files (x86)/gnu tools arm embedded/7 2017-q4-major/bin/../lib/gcc/arm-none-eabi/7.2.1/thumb/v6-m/crtbegin.o
__sf_fake_stderr                                  c:/program files (x86)/gnu tools arm embedded/7 2017-q4-major/bin/../lib/gcc/arm-none-eabi/7.2.1/../../../../arm-none-eabi/lib/thumb/v6-m\libc_nano.a(lib_a-impure.o)
__sf_fake_stdin                                   c:/program files (x86)/gnu tools arm embedded/7 2017-q4-major/bin/../lib/gcc/arm-none-eabi/7.2.1/../../../../arm-none-eabi/lib/thumb/v6-m\libc_nano.a(lib_a-impure.o)
__sf_fake_stdout                                  c:/program files (x86)/gnu tools arm embedded/7 2017-q4-major/bin/../lib/gcc/arm-none-eabi/7.2.1/../../../../arm-none-eabi/lib/thumb/v6-m\libc_nano.a(lib_a-impure.o)
__stack                                           c:/program files (x86)/gnu tools arm embedded/7 2017-q4-major/bin/../lib/gcc/arm-none-eabi/7.2.1/../../../../arm-none-eabi/lib/thumb/v6-m/crt0.o
__strtok_r                                        c:/program files (x86)/gnu tools arm embedded/7 2017-q4-major/bin/../lib/gcc/arm-none-eabi/7.2.1/../../../../arm-none-eabi/lib/thumb/v6-m\libc_nano.a(lib_a-strtok_r.o)
                                                  c:/program files (x86)/gnu tools arm embedded/7 2017-q4-major/bin/../lib/gcc/arm-none-eabi/7.2.1/../../../../arm-none-eabi/lib/thumb/v6-m\libc_nano.a(lib_a-strtok.o)
__udivmoddi4                                      c:/program files (x86)/gnu tools arm embedded/7 2017-q4-major/bin/../lib/gcc/arm-none-eabi/7.2.1/thumb/v6-m\libgcc.a(_udivmoddi4.o)
                                                  c:/program files (x86)/gnu tools arm embedded/7 2017-q4-major/bin/../lib/gcc/arm-none-eabi/7.2.1/thumb/v6-m\libgcc.a(_aeabi_uldivmod.o)
__udivsi3                                         c:/program files (x86)/gnu tools arm embedded/7 2017-q4-major/bin/../lib/gcc/arm-none-eabi/7.2.1/thumb/v6-m\libgcc.a(_udivsi3.o)
_ctype_                                           c:/program files (x86)/gnu tools arm embedded/7 2017-q4-major/bin/../lib/gcc/arm-none-eabi/7.2.1/../../../../arm-none-eabi/lib/thumb/v6-m\libc_nano.a(lib_a-ctype_.o)
                                                  c:/program files (x86)/gnu tools arm embedded/7 2017-q4-major/bin/../lib/gcc/arm-none-eabi/7.2.1/../../../../arm-none-eabi/lib/thumb/v6-m\libc_nano.a(lib_a-locale.o)
_ebss                                             build/startup_stm32l011xx.o
_edata                                            build/startup_stm32l011xx.o
_estack                                           build/startup_stm32l011xx.o
_exit                                             c:/program files (x86)/gnu tools arm embedded/7 2017-q4-major/bin/../lib/gcc/arm-none-eabi/7.2.1/../../../../arm-none-eabi/lib/thumb/v6-m\libnosys.a(_exit.o)
                                                  c:/program files (x86)/gnu tools arm embedded/7 2017-q4-major/bin/../lib/gcc/arm-none-eabi/7.2.1/../../../../arm-none-eabi/lib/thumb/v6-m\libc_nano.a(lib_a-exit.o)
_fini                                             c:/program files (x86)/gnu tools arm embedded/7 2017-q4-major/bin/../lib/gcc/arm-none-eabi/7.2.1/thumb/v6-m/crti.o
_free_r                                           c:/program files (x86)/gnu tools arm embedded/7 2017-q4-major/bin/../lib/gcc/arm-none-eabi/7.2.1/../../../../arm-none-eabi/lib/thumb/v6-m\libc_nano.a(lib_a-nano-freer.o)
                                                  c:/program files (x86)/gnu tools arm embedded/7 2017-q4-major/bin/../lib/gcc/arm-none-eabi/7.2.1/../../../../arm-none-eabi/lib/thumb/v6-m\libc_nano.a(lib_a-reent.o)
                                                  c:/program files (x86)/gnu tools arm embedded/7 2017-q4-major/bin/../lib/gcc/arm-none-eabi/7.2.1/../../../../arm-none-eabi/lib/thumb/v6-m\libc_nano.a(lib_a-malloc.o)
_global_impure_ptr                                c:/program files (x86)/gnu tools arm embedded/7 2017-q4-major/bin/../lib/gcc/arm-none-eabi/7.2.1/../../../../arm-none-eabi/lib/thumb/v6-m\libc_nano.a(lib_a-impure.o)
                                                  c:/program files (x86)/gnu tools arm embedded/7 2017-q4-major/bin/../lib/gcc/arm-none-eabi/7.2.1/../../../../arm-none-eabi/lib/thumb/v6-m\libc_nano.a(lib_a-exit.o)
_impure_ptr                                       c:/program files (x86)/gnu tools arm embedded/7 2017-q4-major/bin/../lib/gcc/arm-none-eabi/7.2.1/../../../../arm-none-eabi/lib/thumb/v6-m\libc_nano.a(lib_a-impure.o)
                                                  c:/program files (x86)/gnu tools arm embedded/7 2017-q4-major/bin/../lib/gcc/arm-none-eabi/7.2.1/../../../../arm-none-eabi/lib/thumb/v6-m\libc_nano.a(lib_a-reent.o)
                                                  c:/program files (x86)/gnu tools arm embedded/7 2017-q4-major/bin/../lib/gcc/arm-none-eabi/7.2.1/../../../../arm-none-eabi/lib/thumb/v6-m\libc_nano.a(lib_a-wctomb_r.o)
                                                  c:/program files (x86)/gnu tools arm embedded/7 2017-q4-major/bin/../lib/gcc/arm-none-eabi/7.2.1/../../../../arm-none-eabi/lib/thumb/v6-m\libc_nano.a(lib_a-strtok.o)
                                                  c:/program files (x86)/gnu tools arm embedded/7 2017-q4-major/bin/../lib/gcc/arm-none-eabi/7.2.1/../../../../arm-none-eabi/lib/thumb/v6-m\libc_nano.a(lib_a-strdup.o)
                                                  c:/program files (x86)/gnu tools arm embedded/7 2017-q4-major/bin/../lib/gcc/arm-none-eabi/7.2.1/../../../../arm-none-eabi/lib/thumb/v6-m\libc_nano.a(lib_a-mbtowc_r.o)
                                                  c:/program files (x86)/gnu tools arm embedded/7 2017-q4-major/bin/../lib/gcc/arm-none-eabi/7.2.1/../../../../arm-none-eabi/lib/thumb/v6-m\libc_nano.a(lib_a-malloc.o)
                                                  c:/program files (x86)/gnu tools arm embedded/7 2017-q4-major/bin/../lib/gcc/arm-none-eabi/7.2.1/../../../../arm-none-eabi/lib/thumb/v6-m\libc_nano.a(lib_a-locale.o)
_init                                             c:/program files (x86)/gnu tools arm embedded/7 2017-q4-major/bin/../lib/gcc/arm-none-eabi/7.2.1/thumb/v6-m/crti.o
                                                  c:/program files (x86)/gnu tools arm embedded/7 2017-q4-major/bin/../lib/gcc/arm-none-eabi/7.2.1/../../../../arm-none-eabi/lib/thumb/v6-m\libc_nano.a(lib_a-init.o)
_mainCRTStartup                                   c:/program files (x86)/gnu tools arm embedded/7 2017-q4-major/bin/../lib/gcc/arm-none-eabi/7.2.1/../../../../arm-none-eabi/lib/thumb/v6-m/crt0.o
_malloc_r                                         c:/program files (x86)/gnu tools arm embedded/7 2017-q4-major/bin/../lib/gcc/arm-none-eabi/7.2.1/../../../../arm-none-eabi/lib/thumb/v6-m\libc_nano.a(lib_a-nano-mallocr.o)
                                                  c:/program files (x86)/gnu tools arm embedded/7 2017-q4-major/bin/../lib/gcc/arm-none-eabi/7.2.1/../../../../arm-none-eabi/lib/thumb/v6-m\libc_nano.a(lib_a-strdup_r.o)
                                                  c:/program files (x86)/gnu tools arm embedded/7 2017-q4-major/bin/../lib/gcc/arm-none-eabi/7.2.1/../../../../arm-none-eabi/lib/thumb/v6-m\libc_nano.a(lib_a-malloc.o)
_mbtowc_r                                         c:/program files (x86)/gnu tools arm embedded/7 2017-q4-major/bin/../lib/gcc/arm-none-eabi/7.2.1/../../../../arm-none-eabi/lib/thumb/v6-m\libc_nano.a(lib_a-mbtowc_r.o)
_reclaim_reent                                    c:/program files (x86)/gnu tools arm embedded/7 2017-q4-major/bin/../lib/gcc/arm-none-eabi/7.2.1/../../../../arm-none-eabi/lib/thumb/v6-m\libc_nano.a(lib_a-reent.o)
_sbrk                                             c:/program files (x86)/gnu tools arm embedded/7 2017-q4-major/bin/../lib/gcc/arm-none-eabi/7.2.1/../../../../arm-none-eabi/lib/thumb/v6-m\libnosys.a(sbrk.o)
                                                  c:/program files (x86)/gnu tools arm embedded/7 2017-q4-major/bin/../lib/gcc/arm-none-eabi/7.2.1/../../../../arm-none-eabi/lib/thumb/v6-m\libc_nano.a(lib_a-sbrkr.o)
_sbrk_r                                           c:/program files (x86)/gnu tools arm embedded/7 2017-q4-major/bin/../lib/gcc/arm-none-eabi/7.2.1/../../../../arm-none-eabi/lib/thumb/v6-m\libc_nano.a(lib_a-sbrkr.o)
                                                  c:/program files (x86)/gnu tools arm embedded/7 2017-q4-major/bin/../lib/gcc/arm-none-eabi/7.2.1/../../../../arm-none-eabi/lib/thumb/v6-m\libc_nano.a(lib_a-nano-mallocr.o)
_sbss                                             build/startup_stm32l011xx.o
_sdata                                            build/startup_stm32l011xx.o
_setlocale_r                                      c:/program files (x86)/gnu tools arm embedded/7 2017-q4-major/bin/../lib/gcc/arm-none-eabi/7.2.1/../../../../arm-none-eabi/lib/thumb/v6-m\libc_nano.a(lib_a-locale.o)
_sidata                                           build/startup_stm32l011xx.o
_start                                            c:/program files (x86)/gnu tools arm embedded/7 2017-q4-major/bin/../lib/gcc/arm-none-eabi/7.2.1/../../../../arm-none-eabi/lib/thumb/v6-m/crt0.o
_strdup_r                                         c:/program files (x86)/gnu tools arm embedded/7 2017-q4-major/bin/../lib/gcc/arm-none-eabi/7.2.1/../../../../arm-none-eabi/lib/thumb/v6-m\libc_nano.a(lib_a-strdup_r.o)
                                                  c:/program files (x86)/gnu tools arm embedded/7 2017-q4-major/bin/../lib/gcc/arm-none-eabi/7.2.1/../../../../arm-none-eabi/lib/thumb/v6-m\libc_nano.a(lib_a-strdup.o)
_wctomb_r                                         c:/program files (x86)/gnu tools arm embedded/7 2017-q4-major/bin/../lib/gcc/arm-none-eabi/7.2.1/../../../../arm-none-eabi/lib/thumb/v6-m\libc_nano.a(lib_a-wctomb_r.o)
atexit                                            c:/program files (x86)/gnu tools arm embedded/7 2017-q4-major/bin/../lib/gcc/arm-none-eabi/7.2.1/../../../../arm-none-eabi/lib/thumb/v6-m/crt0.o
cleanup_glue                                      c:/program files (x86)/gnu tools arm embedded/7 2017-q4-major/bin/../lib/gcc/arm-none-eabi/7.2.1/../../../../arm-none-eabi/lib/thumb/v6-m\libc_nano.a(lib_a-reent.o)
end                                               c:/program files (x86)/gnu tools arm embedded/7 2017-q4-major/bin/../lib/gcc/arm-none-eabi/7.2.1/../../../../arm-none-eabi/lib/thumb/v6-m\libnosys.a(sbrk.o)
errno                                             c:/program files (x86)/gnu tools arm embedded/7 2017-q4-major/bin/../lib/gcc/arm-none-eabi/7.2.1/../../../../arm-none-eabi/lib/thumb/v6-m\libc_nano.a(lib_a-reent.o)
                                                  c:/program files (x86)/gnu tools arm embedded/7 2017-q4-major/bin/../lib/gcc/arm-none-eabi/7.2.1/../../../../arm-none-eabi/lib/thumb/v6-m\libc_nano.a(lib_a-sbrkr.o)
exit                                              c:/program files (x86)/gnu tools arm embedded/7 2017-q4-major/bin/../lib/gcc/arm-none-eabi/7.2.1/../../../../arm-none-eabi/lib/thumb/v6-m\libc_nano.a(lib_a-exit.o)
                                                  c:/program files (x86)/gnu tools arm embedded/7 2017-q4-major/bin/../lib/gcc/arm-none-eabi/7.2.1/../../../../arm-none-eabi/lib/thumb/v6-m/crt0.o
free                                              c:/program files (x86)/gnu tools arm embedded/7 2017-q4-major/bin/../lib/gcc/arm-none-eabi/7.2.1/../../../../arm-none-eabi/lib/thumb/v6-m\libc_nano.a(lib_a-malloc.o)
g_pfnVectors                                      build/startup_stm32l011xx.o
hardware_init_hook                                c:/program files (x86)/gnu tools arm embedded/7 2017-q4-major/bin/../lib/gcc/arm-none-eabi/7.2.1/../../../../arm-none-eabi/lib/thumb/v6-m/crt0.o
heval_I2c1                                        build/stm32l0xx_nucleo_32.o
hi2c1                                             build/main.o
                                                  build/stm32l0xx_it.o
huart2                                            build/main.o
                                                  build/stm32l0xx_it.o
main                                              build/main.o
                                                  build/startup_stm32l011xx.o
                                                  c:/program files (x86)/gnu tools arm embedded/7 2017-q4-major/bin/../lib/gcc/arm-none-eabi/7.2.1/../../../../arm-none-eabi/lib/thumb/v6-m/crt0.o